Component: ARM Compiler 5.06 update 3 (build 300) Tool: armlink [4d35c9]

==============================================================================

Section Cross References

    main.o(i.InitConsole) refers to sysctl.o(i.SysCtlPeripheralEnable) for SysCtlPeripheralEnable
    main.o(i.InitConsole) refers to gpio.o(i.GPIOPinConfigure) for GPIOPinConfigure
    main.o(i.InitConsole) refers to uart.o(i.UARTClockSourceSet) for UARTClockSourceSet
    main.o(i.InitConsole) refers to gpio.o(i.GPIOPinTypeUART) for GPIOPinTypeUART
    main.o(i.InitConsole) refers to uartstdio.o(i.UARTStdioConfig) for UARTStdioConfig
    main.o(i.TIMER1A_Handler) refers to uartstdio.o(i.UARTprintf) for UARTprintf
    main.o(i.TIMER1A_Handler) refers to node.o(i.setState) for setState
    main.o(i.TIMER1A_Handler) refers to node.o(.data) for recBufferIndex
    main.o(i.main) refers to _printf_percent.o(.ARM.Collect$$_printf_percent$$00000000) for _printf_percent
    main.o(i.main) refers to _printf_f.o(.ARM.Collect$$_printf_percent$$00000003) for _printf_f
    main.o(i.main) refers to printf1.o(x$fpl$printf1) for _printf_fp_dec
    main.o(i.main) refers to main.o(i.InitConsole) for InitConsole
    main.o(i.main) refers to uartstdio.o(i.UARTprintf) for UARTprintf
    main.o(i.main) refers to node.o(i.initSystem) for initSystem
    main.o(i.main) refers to node.o(i.indicateState) for indicateState
    main.o(i.main) refers to node.o(i.sendData) for sendData
    main.o(i.main) refers to node.o(i.moveToHorizontally) for moveToHorizontally
    main.o(i.main) refers to node.o(i.moveToVertically) for moveToVertically
    main.o(i.main) refers to node.o(i.readLDR) for readLDR
    main.o(i.main) refers to node.o(i.setState) for setState
    main.o(i.main) refers to node.o(i.moveStepHorizontally) for moveStepHorizontally
    main.o(i.main) refers to node.o(i.moveStepVertically) for moveStepVertically
    main.o(i.main) refers to timeouttimer.o(i.timeOut_ms) for timeOut_ms
    main.o(i.main) refers to f2d.o(x$fpl$f2d) for __aeabi_f2d
    main.o(i.main) refers to atan2.o(i.__hardfp_atan2) for __hardfp_atan2
    main.o(i.main) refers to dmul.o(x$fpl$dmul) for __aeabi_dmul
    main.o(i.main) refers to ddiv.o(x$fpl$ddiv) for __aeabi_ddiv
    main.o(i.main) refers to d2f.o(x$fpl$d2f) for __aeabi_d2f
    main.o(i.main) refers to node.o(.data) for currentPower
    main.o(i.main) refers to main.o(.data) for st
    main.o(i.main) refers to noretval__2snprintf.o(.text) for __2snprintf
    main.o(i.main) refers to fabs.o(i.__hardfp_fabs) for __hardfp_fabs
    main.o(i.main) refers to dflt_clz.o(x$fpl$dflt) for __aeabi_i2d
    main.o(i.main) refers to tan.o(i.__hardfp_tan) for __hardfp_tan
    main.o(i.main) refers to basics.o(i.delay_ms) for delay_ms
    main.o(.data) refers to main.o(.conststring) for .conststring
    uartstdio.o(i.UARTStdioConfig) refers to uartstdio.o(.constdata) for g_ui32UARTPeriph
    uartstdio.o(i.UARTStdioConfig) refers to uartstdio.o(.data) for g_ui32Base
    uartstdio.o(i.UARTgetc) refers to uartstdio.o(.data) for g_ui32Base
    uartstdio.o(i.UARTgets) refers to uartstdio.o(i.UARTwrite) for UARTwrite
    uartstdio.o(i.UARTgets) refers to uartstdio.o(.data) for g_ui32Base
    uartstdio.o(i.UARTprintf) refers to uartstdio.o(i.UARTvprintf) for UARTvprintf
    uartstdio.o(i.UARTvprintf) refers to uartstdio.o(i.UARTwrite) for UARTwrite
    uartstdio.o(i.UARTvprintf) refers to uartstdio.o(.constdata) for g_pcHex
    uartstdio.o(i.UARTwrite) refers to uartstdio.o(.data) for g_ui32Base
    uartstdio.o(.constdata) refers to uartstdio.o(.conststring) for .conststring
    i2cdriver.o(i.I2C0_Handler) refers to i2c.o(i.I2CSlaveIntClear) for I2CSlaveIntClear
    i2cdriver.o(i.I2C0_Handler) refers to i2c.o(i.I2CSlaveDataGet) for I2CSlaveDataGet
    i2cdriver.o(i.I2C0_Handler) refers to node.o(.data) for receivedPower
    i2cdriver.o(i.I2C1_Handler) refers to i2c.o(i.I2CSlaveIntClear) for I2CSlaveIntClear
    i2cdriver.o(i.I2C1_Handler) refers to i2c.o(i.I2CSlaveDataGet) for I2CSlaveDataGet
    i2cdriver.o(i.I2C1_Handler) refers to node.o(.data) for receiveBuffer
    i2cdriver.o(i.I2C2_Handler) refers to i2c.o(i.I2CSlaveIntClear) for I2CSlaveIntClear
    i2cdriver.o(i.I2C2_Handler) refers to i2c.o(i.I2CSlaveDataGet) for I2CSlaveDataGet
    i2cdriver.o(i.I2C2_Handler) refers to node.o(.data) for receivedPower
    i2cdriver.o(i.I2C3_Handler) refers to i2c.o(i.I2CSlaveIntClear) for I2CSlaveIntClear
    i2cdriver.o(i.I2C3_Handler) refers to i2c.o(i.I2CSlaveDataGet) for I2CSlaveDataGet
    i2cdriver.o(i.I2C3_Handler) refers to node.o(.data) for receivedPower
    i2cdriver.o(i.i2c0Enable) refers to system_tm4c123.o(.data) for SystemCoreClock
    i2cdriver.o(i.i2c0GotoSlaveMode) refers to interrupt.o(i.IntEnable) for IntEnable
    i2cdriver.o(i.i2c0GotoSlaveMode) refers to i2c.o(i.I2CSlaveIntEnable) for I2CSlaveIntEnable
    i2cdriver.o(i.i2c0GotoSlaveMode) refers to i2c.o(i.I2CSlaveIntEnableEx) for I2CSlaveIntEnableEx
[...]
    ../fplib/fretinf.s                       0x00000000   Number         0  fretinf.o ABSOLUTE
    ../fplib/istatus.s                       0x00000000   Number         0  istatus.o ABSOLUTE
    ../fplib/printf1.s                       0x00000000   Number         0  printf1.o ABSOLUTE
    ../fplib/usenofp.s                       0x00000000   Number         0  usenofp.o ABSOLUTE
    ../mathlib/atan.c                        0x00000000   Number         0  atan_x.o ABSOLUTE
    ../mathlib/atan.c                        0x00000000   Number         0  atan.o ABSOLUTE
    ../mathlib/atan2.c                       0x00000000   Number         0  atan2_x.o ABSOLUTE
    ../mathlib/atan2.c                       0x00000000   Number         0  atan2.o ABSOLUTE
    ../mathlib/dunder.c                      0x00000000   Number         0  dunder.o ABSOLUTE
    ../mathlib/fabs.c                        0x00000000   Number         0  fabs.o ABSOLUTE
    ../mathlib/fpclassify.c                  0x00000000   Number         0  fpclassify.o ABSOLUTE
    ../mathlib/poly.c                        0x00000000   Number         0  poly.o ABSOLUTE
    ../mathlib/qnan.c                        0x00000000   Number         0  qnan.o ABSOLUTE
    ../mathlib/rred.c                        0x00000000   Number         0  rred.o ABSOLUTE
    ../mathlib/tan.c                         0x00000000   Number         0  tan.o ABSOLUTE
    ../mathlib/tan.c                         0x00000000   Number         0  tan_x.o ABSOLUTE
    ../mathlib/tan_i.c                       0x00000000   Number         0  tan_i.o ABSOLUTE
    ../mathlib/tan_i.c                       0x00000000   Number         0  tan_i_x.o ABSOLUTE
    RTE\Device\TM4C123GH6PM\startup_TM4C123.s 0x00000000   Number         0  startup_tm4c123.o ABSOLUTE
    RTE\Device\TM4C123GH6PM\system_TM4C123.c 0x00000000   Number         0  system_tm4c123.o ABSOLUTE
    RTE\\Device\\TM4C123GH6PM\\system_TM4C123.c 0x00000000   Number         0  system_tm4c123.o ABSOLUTE
    cpu.c                                    0x00000000   Number         0  cpu.o ABSOLUTE
    cpu.c                                    0x00000000   Number         0  cpu.o ABSOLUTE
    dc.s                                     0x00000000   Number         0  dc.o ABSOLUTE
    gpio.c                                   0x00000000   Number         0  gpio.o ABSOLUTE
    i2c.c                                    0x00000000   Number         0  i2c.o ABSOLUTE
    interrupt.c                              0x00000000   Number         0  interrupt.o ABSOLUTE
    main.c                                   0x00000000   Number         0  main.o ABSOLUTE
    main.c                                   0x00000000   Number         0  main.o ABSOLUTE
    node.c                                   0x00000000   Number         0  node.o ABSOLUTE
    node.c                                   0x00000000   Number         0  node.o ABSOLUTE
    source\ADC1.c                            0x00000000   Number         0  adc1.o ABSOLUTE
    source\Basics.c                          0x00000000   Number         0  basics.o ABSOLUTE
    source\\ADC1.c                           0x00000000   Number         0  adc1.o ABSOLUTE
    source\\Basics.c                         0x00000000   Number         0  basics.o ABSOLUTE
    source\\i2cdriver.c                      0x00000000   Number         0  i2cdriver.o ABSOLUTE
    source\\servo.c                          0x00000000   Number         0  servo.o ABSOLUTE
    source\i2cdriver.c                       0x00000000   Number         0  i2cdriver.o ABSOLUTE
    source\servo.c                           0x00000000   Number         0  servo.o ABSOLUTE
    sysctl.c                                 0x00000000   Number         0  sysctl.o ABSOLUTE
    sysctl.c                                 0x00000000   Number         0  sysctl.o ABSOLUTE
    timeouttimer.c                           0x00000000   Number         0  timeouttimer.o ABSOLUTE
    timeouttimer.c                           0x00000000   Number         0  timeouttimer.o ABSOLUTE
    uart.c                                   0x00000000   Number         0  uart.o ABSOLUTE
    utils\uartstdio.c                        0x00000000   Number         0  uartstdio.o ABSOLUTE
    !!!main                                  0x0000026c   Section        8  __main.o(!!!main)
    !!!scatter                               0x00000274   Section       52  __scatter.o(!!!scatter)
    !!handler_copy                           0x000002a8   Section       26  __scatter_copy.o(!!handler_copy)
    !!handler_zi                             0x000002c4   Section       28  __scatter_zi.o(!!handler_zi)
    .ARM.Collect$$_printf_percent$$00000000  0x000002e0   Section        0  _printf_percent.o(.ARM.Collect$$_printf_percent$$00000000)
    .ARM.Collect$$_printf_percent$$00000003  0x000002e0   Section        6  _printf_f.o(.ARM.Collect$$_printf_percent$$00000003)
    .ARM.Collect$$_printf_percent$$00000017  0x000002e6   Section        4  _printf_percent_end.o(.ARM.Collect$$_printf_percent$$00000017)
    .ARM.Collect$$libinit$$00000000          0x000002ea   Section        2  libinit.o(.ARM.Collect$$libinit$$00000000)
    .ARM.Collect$$libinit$$00000001          0x000002ec   Section        4  libinit2.o(.ARM.Collect$$libinit$$00000001)
    .ARM.Collect$$libinit$$00000004          0x000002f0   Section        0  libinit2.o(.ARM.Collect$$libinit$$00000004)
    .ARM.Collect$$libinit$$0000000A          0x000002f0   Section        0  libinit2.o(.ARM.Collect$$libinit$$0000000A)
    .ARM.Collect$$libinit$$0000000C          0x000002f0   Section        0  libinit2.o(.ARM.Collect$$libinit$$0000000C)
    .ARM.Collect$$libinit$$0000000E          0x000002f0   Section        0  libinit2.o(.ARM.Collect$$libinit$$0000000E)
    .ARM.Collect$$libinit$$0000000F          0x000002f0   Section        6  libinit2.o(.ARM.Collect$$libinit$$0000000F)
    .ARM.Collect$$libinit$$00000011          0x000002f6   Section        0  libinit2.o(.ARM.Collect$$libinit$$00000011)
    .ARM.Collect$$libinit$$00000013          0x000002f6   Section        0  libinit2.o(.ARM.Collect$$libinit$$00000013)
    .ARM.Collect$$libinit$$00000015          0x000002f6   Section        0  libinit2.o(.ARM.Collect$$libinit$$00000015)
    .ARM.Collect$$libinit$$00000016          0x000002f6   Section       10  libinit2.o(.ARM.Collect$$libinit$$00000016)
    .ARM.Collect$$libinit$$00000017          0x00000300   Section        0  libinit2.o(.ARM.Collect$$libinit$$00000017)
    .ARM.Collect$$libinit$$00000019          0x00000300   Section        0  libinit2.o(.ARM.Collect$$libinit$$00000019)
    .ARM.Collect$$libinit$$0000001B          0x00000300   Section        0  libinit2.o(.ARM.Collect$$libinit$$0000001B)
    .ARM.Collect$$libinit$$0000001D          0x00000300   Section        0  libinit2.o(.ARM.Collect$$libinit$$0000001D)
    .ARM.Collect$$libinit$$0000001F          0x00000300   Section        0  libinit2.o(.ARM.Collect$$libinit$$0000001F)
    .ARM.Collect$$libinit$$00000021          0x00000300   Section        0  libinit2.o(.ARM.Collect$$libinit$$00000021)
    .ARM.Collect$$libinit$$00000023          0x00000300   Section        0  libinit2.o(.ARM.Collect$$libinit$$00000023)
    .ARM.Collect$$libinit$$00000025          0x00000300   Section        0  libinit2.o(.ARM.Collect$$libinit$$00000025)
    .ARM.Collect$$libinit$$0000002C          0x00000300   Section        0  libinit2.o(.ARM.Collect$$libinit$$0000002C)
    .ARM.Collect$$libinit$$0000002E          0x00000300   Section        0  libinit2.o(.ARM.Collect$$libinit$$0000002E)
    .ARM.Collect$$libinit$$00000030          0x00000300   Section        0  libinit2.o(.ARM.Collect$$libinit$$00000030)
    .ARM.Collect$$libinit$$00000032          0x00000300   Section        0  libinit2.o(.ARM.Collect$$libinit$$00000032)
    .ARM.Collect$$libinit$$00000033          0x00000300   Section        2  libinit2.o(.ARM.Collect$$libinit$$00000033)
    .ARM.Collect$$libshutdown$$00000000      0x00000302   Section        2  libshutdown.o(.ARM.Collect$$libshutdown$$00000000)
    .ARM.Collect$$libshutdown$$00000002      0x00000304   Section        0  libshutdown2.o(.ARM.Collect$$libshutdown$$00000002)
    .ARM.Collect$$libshutdown$$00000004      0x00000304   Section        0  libshutdown2.o(.ARM.Collect$$libshutdown$$00000004)
    .ARM.Collect$$libshutdown$$00000007      0x00000304   Section        0  libshutdown2.o(.ARM.Collect$$libshutdown$$00000007)
    .ARM.Collect$$libshutdown$$0000000A      0x00000304   Section        0  libshutdown2.o(.ARM.Collect$$libshutdown$$0000000A)
    .ARM.Collect$$libshutdown$$0000000C      0x00000304   Section        0  libshutdown2.o(.ARM.Collect$$libshutdown$$0000000C)
    .ARM.Collect$$libshutdown$$0000000F      0x00000304   Section        0  libshutdown2.o(.ARM.Collect$$libshutdown$$0000000F)
    .ARM.Collect$$libshutdown$$00000010      0x00000304   Section        2  libshutdown2.o(.ARM.Collect$$libshutdown$$00000010)
    .ARM.Collect$$rtentry$$00000000          0x00000306   Section        0  __rtentry.o(.ARM.Collect$$rtentry$$00000000)
    .ARM.Collect$$rtentry$$00000002          0x00000306   Section        0  __rtentry2.o(.ARM.Collect$$rtentry$$00000002)
    .ARM.Collect$$rtentry$$00000004          0x00000306   Section        6  __rtentry4.o(.ARM.Collect$$rtentry$$00000004)
    .ARM.Collect$$rtentry$$00000009          0x0000030c   Section        0  __rtentry2.o(.ARM.Collect$$rtentry$$00000009)
    .ARM.Collect$$rtentry$$0000000A          0x0000030c   Section        4  __rtentry2.o(.ARM.Collect$$rtentry$$0000000A)
    .ARM.Collect$$rtentry$$0000000C          0x00000310   Section        0  __rtentry2.o(.ARM.Collect$$rtentry$$0000000C)
    .ARM.Collect$$rtentry$$0000000D          0x00000310   Section        8  __rtentry2.o(.ARM.Collect$$rtentry$$0000000D)
    .ARM.Collect$$rtexit$$00000000           0x00000318   Section        2  rtexit.o(.ARM.Collect$$rtexit$$00000000)
    .ARM.Collect$$rtexit$$00000002           0x0000031a   Section        0  rtexit2.o(.ARM.Collect$$rtexit$$00000002)
    .ARM.Collect$$rtexit$$00000003           0x0000031a   Section        4  rtexit2.o(.ARM.Collect$$rtexit$$00000003)
    .ARM.Collect$$rtexit$$00000004           0x0000031e   Section        6  rtexit2.o(.ARM.Collect$$rtexit$$00000004)
    .text                                    0x00000324   Section      276  startup_tm4c123.o(.text)
    $v0                                      0x00000324   Number         0  startup_tm4c123.o(.text)
    .text                                    0x00000438   Section        0  noretval__2snprintf.o(.text)
    .text                                    0x0000046c   Section        0  __printf.o(.text)
    .text                                    0x000004d4   Section        0  heapauxi.o(.text)
    .text                                    0x000004da   Section        0  _rserrno.o(.text)
    .text                                    0x000004f0   Section        0  _printf_fp_dec.o(.text)
    _fp_digits                               0x000004f3   Thumb Code   428  _printf_fp_dec.o(.text)
    .text                                    0x0000090c   Section        0  _printf_char_common.o(.text)
    _printf_input_char                       0x0000090d   Thumb Code    10  _printf_char_common.o(.text)
    .text                                    0x0000093c   Section        0  _sputc.o(.text)
    .text                                    0x00000946   Section        0  _snputc.o(.text)
    .text                                    0x00000958   Section        8  rt_locale_intlibspace.o(.text)
    .text                                    0x00000960   Section        8  rt_errno_addr_intlibspace.o(.text)
    .text                                    0x00000968   Section      138  lludiv10.o(.text)
    .text                                    0x000009f4   Section        0  _printf_fp_infnan.o(.text)
    .text                                    0x00000a74   Section        0  bigflt0.o(.text)
    .text                                    0x00000b50   Section        8  libspace.o(.text)
    .text                                    0x00000b58   Section       74  sys_stackheap_outer.o(.text)
    .text                                    0x00000ba2   Section        0  exit.o(.text)
    .text                                    0x00000bb4   Section      128  strcmpv7m.o(.text)
    .text                                    0x00000c34   Section        0  sys_exit.o(.text)
    .text                                    0x00000c40   Section        2  use_no_semi.o(.text)
    .text                                    0x00000c42   Section        0  indicate_semi.o(.text)
    CL$$btod_d2e                             0x00000c42   Section       62  btod.o(CL$$btod_d2e)
    CL$$btod_d2e_denorm_low                  0x00000c80   Section       70  btod.o(CL$$btod_d2e_denorm_low)
    CL$$btod_d2e_norm_op1                    0x00000cc6   Section       96  btod.o(CL$$btod_d2e_norm_op1)
    CL$$btod_div_common                      0x00000d26   Section      824  btod.o(CL$$btod_div_common)
    CL$$btod_e2e                             0x0000105e   Section      198  btod.o(CL$$btod_e2e)
    CL$$btod_ediv                            0x00001124   Section       40  btod.o(CL$$btod_ediv)
    CL$$btod_emul                            0x0000114c   Section       40  btod.o(CL$$btod_emul)
    CL$$btod_mult_common                     0x00001174   Section      580  btod.o(CL$$btod_mult_common)
    i.GPIODirModeSet                         0x000013b8   Section        0  gpio.o(i.GPIODirModeSet)
    i.GPIOPadConfigSet                       0x000013e0   Section        0  gpio.o(i.GPIOPadConfigSet)
    i.GPIOPinConfigure                       0x00001518   Section        0  gpio.o(i.GPIOPinConfigure)
    i.GPIOPinTypeUART                        0x0000155c   Section        0  gpio.o(i.GPIOPinTypeUART)
    i.I2C0_Handler                           0x00001578   Section        0  i2cdriver.o(i.I2C0_Handler)
    i.I2C1_Handler                           0x000015a0   Section        0  i2cdriver.o(i.I2C1_Handler)
    i.I2C2_Handler                           0x000015e8   Section        0  i2cdriver.o(i.I2C2_Handler)
    i.I2C3_Handler                           0x00001610   Section        0  i2cdriver.o(i.I2C3_Handler)
    i.I2CSlaveDataGet                        0x00001638   Section        0  i2c.o(i.I2CSlaveDataGet)
    i.I2CSlaveEnable                         0x0000163e   Section        0  i2c.o(i.I2CSlaveEnable)
    i.I2CSlaveInit                           0x0000164e   Section        0  i2c.o(i.I2CSlaveInit)
    i.I2CSlaveIntClear                       0x00001662   Section        0  i2c.o(i.I2CSlaveIntClear)
    i.I2CSlaveIntEnable                      0x0000166a   Section        0  i2c.o(i.I2CSlaveIntEnable)
    i.I2CSlaveIntEnableEx                    0x00001678   Section        0  i2c.o(i.I2CSlaveIntEnableEx)
    i.InitConsole                            0x00001684   Section        0  main.o(i.InitConsole)
    i.IntEnable                              0x000016d0   Section        0  interrupt.o(i.IntEnable)
    i.SysCtlPeripheralEnable                 0x00001734   Section        0  sysctl.o(i.SysCtlPeripheralEnable)
    i.SystemInit                             0x0000175c   Section        0  system_tm4c123.o(i.SystemInit)
    i.TIMER1A_Handler                        0x000017f4   Section        0  main.o(i.TIMER1A_Handler)
    i.UARTClockSourceSet                     0x000018f8   Section        0  uart.o(i.UARTClockSourceSet)
    i.UARTStdioConfig                        0x00001900   Section        0  uartstdio.o(i.UARTStdioConfig)
    i.UARTprintf                             0x0000196c   Section        0  uartstdio.o(i.UARTprintf)
    i.UARTvprintf                            0x00001988   Section        0  uartstdio.o(i.UARTvprintf)
    i.UARTwrite                              0x00001bd8   Section        0  uartstdio.o(i.UARTwrite)
    i.__ARM_fpclassify                       0x00001c18   Section        0  fpclassify.o(i.__ARM_fpclassify)
    i.__hardfp_atan                          0x00001c48   Section        0  atan.o(i.__hardfp_atan)
    i.__hardfp_atan2                         0x00001f20   Section        0  atan2.o(i.__hardfp_atan2)
    i.__hardfp_fabs                          0x00002110   Section        0  fabs.o(i.__hardfp_fabs)
    i.__hardfp_tan                           0x00002128   Section        0  tan.o(i.__hardfp_tan)
    i.__ieee754_rem_pio2                     0x000021a8   Section        0  rred.o(i.__ieee754_rem_pio2)
    i.__kernel_poly                          0x000025e0   Section        0  poly.o(i.__kernel_poly)
    i.__kernel_tan                           0x000026d8   Section        0  tan_i.o(i.__kernel_tan)
    i.__mathlib_dbl_infnan                   0x00002a28   Section        0  dunder.o(i.__mathlib_dbl_infnan)
    i.__mathlib_dbl_infnan2                  0x00002a3c   Section        0  dunder.o(i.__mathlib_dbl_infnan2)
    i.__mathlib_dbl_invalid                  0x00002a50   Section        0  dunder.o(i.__mathlib_dbl_invalid)
    i.__mathlib_dbl_underflow                0x00002a70   Section        0  dunder.o(i.__mathlib_dbl_underflow)
    i.allLedsOff                             0x00002a90   Section        0  basics.o(i.allLedsOff)
    i.atan                                   0x00002a9c   Section        0  atan.o(i.atan)
    i.delay_ms                               0x00002aac   Section        0  basics.o(i.delay_ms)
    i.delay_us                               0x00002aec   Section        0  basics.o(i.delay_us)
    i.fabs                                   0x00002b30   Section        0  fabs.o(i.fabs)
    i.getTime                                0x00002b48   Section        0  servo.o(i.getTime)
    i.i2c1Enable                             0x00002ba8   Section        0  i2cdriver.o(i.i2c1Enable)
    i.i2c1GotoSlaveMode                      0x00002cd4   Section        0  i2cdriver.o(i.i2c1GotoSlaveMode)
    i.i2c1SendMaster                         0x00002d00   Section        0  i2cdriver.o(i.i2c1SendMaster)
    i.indicateState                          0x00002d40   Section        0  node.o(i.indicateState)
    i.initADC1                               0x00002d74   Section        0  adc1.o(i.initADC1)
    i.initDelayTimer                         0x00002de8   Section        0  basics.o(i.initDelayTimer)
    i.initLeds                               0x00002e28   Section        0  basics.o(i.initLeds)
    i.initServoMotor                         0x00002e54   Section        0  servo.o(i.initServoMotor)
    i.initSystem                             0x00002ebc   Section        0  node.o(i.initSystem)
    i.initTimeOutTimer                       0x00002f80   Section        0  timeouttimer.o(i.initTimeOutTimer)
    i.ledOn                                  0x00002fc0   Section        0  basics.o(i.ledOn)
    i.main                                   0x00002fe4   Section        0  main.o(i.main)
    i.moveStepHorizontally                   0x00003cc0   Section        0  node.o(i.moveStepHorizontally)
    i.moveStepVertically                     0x00003cf0   Section        0  node.o(i.moveStepVertically)
    i.moveToHorizontally                     0x00003d20   Section        0  node.o(i.moveToHorizontally)
    i.moveToVertically                       0x00003d34   Section        0  node.o(i.moveToVertically)
    i.readADC1                               0x00003d48   Section        0  adc1.o(i.readADC1)
    i.readLDR                                0x00003d60   Section        0  node.o(i.readLDR)
    i.sendData                               0x00003d6c   Section        0  node.o(i.sendData)
    i.servoGotoHorizontalAngle               0x00003d80   Section        0  servo.o(i.servoGotoHorizontalAngle)
    i.servoGotoVerticalAngle                 0x00003dd0   Section        0  servo.o(i.servoGotoVerticalAngle)
    i.setState                               0x00003e20   Section        0  node.o(i.setState)
    i.timeOut_ms                             0x00003e2c   Section        0  timeouttimer.o(i.timeOut_ms)
    locale$$code                             0x00003e74   Section       44  lc_numeric_c.o(locale$$code)
    x$fpl$basic                              0x00003ea0   Section       24  basic.o(x$fpl$basic)
    $v0                                      0x00003ea0   Number         0  basic.o(x$fpl$basic)
    x$fpl$d2f                                0x00003eb8   Section       98  d2f.o(x$fpl$d2f)
    $v0                                      0x00003eb8   Number         0  d2f.o(x$fpl$d2f)
    x$fpl$dadd                               0x00003f1c   Section      336  daddsub_clz.o(x$fpl$dadd)
    $v0                                      0x00003f1c   Number         0  daddsub_clz.o(x$fpl$dadd)
    _dadd1                                   0x00003f2d   Thumb Code     0  daddsub_clz.o(x$fpl$dadd)
    x$fpl$ddiv                               0x0000406c   Section      688  ddiv.o(x$fpl$ddiv)
    $v0                                      0x0000406c   Number         0  ddiv.o(x$fpl$ddiv)
    ddiv_entry                               0x00004073   Thumb Code     0  ddiv.o(x$fpl$ddiv)
    x$fpl$dfix                               0x0000431c   Section       94  dfix.o(x$fpl$dfix)
    $v0                                      0x0000431c   Number         0  dfix.o(x$fpl$dfix)
    x$fpl$dfixu                              0x0000437c   Section       90  dfixu.o(x$fpl$dfixu)
    $v0                                      0x0000437c   Number         0  dfixu.o(x$fpl$dfixu)
    x$fpl$dflt                               0x000043d6   Section       46  dflt_clz.o(x$fpl$dflt)
    $v0                                      0x000043d6   Number         0  dflt_clz.o(x$fpl$dflt)
    x$fpl$dfltu                              0x00004404   Section       38  dflt_clz.o(x$fpl$dfltu)
    $v0                                      0x00004404   Number         0  dflt_clz.o(x$fpl$dfltu)
    x$fpl$dmul                               0x0000442c   Section      340  dmul.o(x$fpl$dmul)
    $v0                                      0x0000442c   Number         0  dmul.o(x$fpl$dmul)
    x$fpl$dnaninf                            0x00004580   Section      156  dnaninf.o(x$fpl$dnaninf)
    $v0                                      0x00004580   Number         0  dnaninf.o(x$fpl$dnaninf)
    x$fpl$dretinf                            0x0000461c   Section       12  dretinf.o(x$fpl$dretinf)
    $v0                                      0x0000461c   Number         0  dretinf.o(x$fpl$dretinf)
    x$fpl$drsb                               0x00004628   Section       22  daddsub_clz.o(x$fpl$drsb)
    $v0                                      0x00004628   Number         0  daddsub_clz.o(x$fpl$drsb)
    x$fpl$dsub                               0x00004640   Section      468  daddsub_clz.o(x$fpl$dsub)
    $v0                                      0x00004640   Number         0  daddsub_clz.o(x$fpl$dsub)
    _dsub1                                   0x00004651   Thumb Code     0  daddsub_clz.o(x$fpl$dsub)
    x$fpl$f2d                                0x00004814   Section       86  f2d.o(x$fpl$f2d)
    $v0                                      0x00004814   Number         0  f2d.o(x$fpl$f2d)
    x$fpl$fnaninf                            0x0000486a   Section      140  fnaninf.o(x$fpl$fnaninf)
    $v0                                      0x0000486a   Number         0  fnaninf.o(x$fpl$fnaninf)
    x$fpl$fpinit                             0x000048f6   Section       10  fpinit.o(x$fpl$fpinit)
    $v0                                      0x000048f6   Number         0  fpinit.o(x$fpl$fpinit)
    x$fpl$fretinf                            0x00004900   Section       10  fretinf.o(x$fpl$fretinf)
    $v0                                      0x00004900   Number         0  fretinf.o(x$fpl$fretinf)
    x$fpl$printf1                            0x0000490a   Section        4  printf1.o(x$fpl$printf1)
    $v0                                      0x0000490a   Number         0  printf1.o(x$fpl$printf1)
    x$fpl$usenofp                            0x0000490e   Section        0  usenofp.o(x$fpl$usenofp)
    .constdata                               0x00004910   Section       28  uartstdio.o(.constdata)
    g_pcHex                                  0x00004910   Data           4  uartstdio.o(.constdata)
    g_ui32UARTBase                           0x00004914   Data          12  uartstdio.o(.constdata)
    g_ui32UARTPeriph                         0x00004920   Data          12  uartstdio.o(.constdata)
    .constdata                               0x0000492c   Section      528  gpio.o(.constdata)
    g_ppui32GPIOIntMapBlizzard               0x0000492c   Data         192  gpio.o(.constdata)
    g_ppui32GPIOIntMapSnowflake              0x000049ec   Data         192  gpio.o(.constdata)
    g_pui32GPIOBaseAddrs                     0x00004aac   Data         144  gpio.o(.constdata)
    .constdata                               0x00004b3c   Section      268  interrupt.o(.constdata)
    g_pui32Priority                          0x00004b3c   Data          32  interrupt.o(.constdata)
    g_pui32Regs                              0x00004b5c   Data         156  interrupt.o(.constdata)
    g_pui32EnRegs                            0x00004bf8   Data          20  interrupt.o(.constdata)
    g_pui32Dii16Regs                         0x00004c0c   Data          20  interrupt.o(.constdata)
    g_pui32PendRegs                          0x00004c20   Data          20  interrupt.o(.constdata)
    g_pui32UnpendRegs                        0x00004c34   Data          20  interrupt.o(.constdata)
    .constdata                               0x00004c48   Section      152  atan.o(.constdata)
    atanhi                                   0x00004c48   Data          32  atan.o(.constdata)
    atanlo                                   0x00004c68   Data          32  atan.o(.constdata)
    aTodd                                    0x00004c88   Data          40  atan.o(.constdata)
    aTeven                                   0x00004cb0   Data          48  atan.o(.constdata)
    .constdata                               0x00004ce0   Section        8  qnan.o(.constdata)
    .constdata                               0x00004ce8   Section      200  rred.o(.constdata)
    pio2s                                    0x00004ce8   Data          48  rred.o(.constdata)
    twooverpi                                0x00004d18   Data         152  rred.o(.constdata)
    .constdata                               0x00004db0   Section       96  tan_i.o(.constdata)
    Todd                                     0x00004db0   Data          48  tan_i.o(.constdata)
    Teven                                    0x00004de0   Data          48  tan_i.o(.constdata)
    .constdata                               0x00004e10   Section      148  bigflt0.o(.constdata)
    tenpwrs_x                                0x00004e10   Data          60  bigflt0.o(.constdata)
    tenpwrs_i                                0x00004e4c   Data          64  bigflt0.o(.constdata)
    .conststring                             0x00004ea4   Section       92  main.o(.conststring)
    .conststring                             0x00004f00   Section       17  uartstdio.o(.conststring)
    locale$$data                             0x00004f34   Section       28  lc_numeric_c.o(locale$$data)
    __lcnum_c_name                           0x00004f38   Data           2  lc_numeric_c.o(locale$$data)
    __lcnum_c_start                          0x00004f40   Data           0  lc_numeric_c.o(locale$$data)
    __lcnum_c_point                          0x00004f4c   Data           0  lc_numeric_c.o(locale$$data)
    __lcnum_c_thousands                      0x00004f4e   Data           0  lc_numeric_c.o(locale$$data)
    __lcnum_c_grouping                       0x00004f4f   Data           0  lc_numeric_c.o(locale$$data)
    __lcnum_c_end                            0x00004f50   Data           0  lc_numeric_c.o(locale$$data)
    .data                                    0x20000000   Section       37  main.o(.data)
    .data                                    0x20000028   Section        5  uartstdio.o(.data)
    g_ui32Base                               0x20000028   Data           4  uartstdio.o(.data)
    bLastWasCR                               0x2000002c   Data           1  uartstdio.o(.data)
    .data                                    0x20000030   Section        4  adc1.o(.data)
    adcResult                                0x20000030   Data           4  adc1.o(.data)
    .data                                    0x20000034   Section       36  node.o(.data)
    .data                                    0x20000058   Section        4  system_tm4c123.o(.data)
    .bss                                     0x2000005c   Section       96  libspace.o(.bss)
    HEAP                                     0x200000c0   Section        0  startup_tm4c123.o(HEAP)
    STACK                                    0x200000c0   Section      512  startup_tm4c123.o(STACK)
    Heap_Mem                                 0x200000c0   Data           0  startup_tm4c123.o(HEAP)
    Stack_Mem                                0x200000c0   Data         512  startup_tm4c123.o(STACK)
    __initial_sp                             0x200002c0   Data           0  startup_tm4c123.o(STACK)

    Global Symbols

    Symbol Name                              Value     Ov Type        Size  Object(Section)

    BuildAttributes$$THM_ISAv4$E$P$D$K$B$S$7EM$VFPi3$EXTD16$VFPS$VFMA$PE$A:L22UL41UL21$X:L11$S22US41US21$IEEE1$IW$USESV6$~STKCKD$USESV7$~SHL$OTIME$ROPI$IEEEX$EBA8$UX$STANDARDLIB$REQ8$PRES8$EABIv2 0x00000000   Number         0  anon$$obj.o ABSOLUTE
    __ARM_use_no_argv                        0x00000000   Number         0  main.o ABSOLUTE
    __Vectors                                0x00000000   Data           4  startup_tm4c123.o(RESET)
    __ARM_exceptions_init                     - Undefined Weak Reference
    __alloca_initialize                       - Undefined Weak Reference
    __arm_preinit_                            - Undefined Weak Reference
    __cpp_initialize__aeabi_                  - Undefined Weak Reference
    __cxa_finalize                            - Undefined Weak Reference
    __sigvec_lookup                           - Undefined Weak Reference
    _atexit_init                              - Undefined Weak Reference
    _call_atexit_fns                          - Undefined Weak Reference
    _clock_init                               - Undefined Weak Reference
    _fp_trap_init                             - Undefined Weak Reference
    _fp_trap_shutdown                         - Undefined Weak Reference
    _get_lc_collate                           - Undefined Weak Reference
    _get_lc_ctype                             - Undefined Weak Reference
    _get_lc_monetary                          - Undefined Weak Reference
    _get_lc_time                              - Undefined Weak Reference
    _getenv_init                              - Undefined Weak Reference
    _handle_redirection                       - Undefined Weak Reference
    _init_alloc                               - Undefined Weak Reference
    _init_user_alloc                          - Undefined Weak Reference
    _initio                                   - Undefined Weak Reference
    _printf_post_padding                      - Undefined Weak Reference
    _printf_pre_padding                       - Undefined Weak Reference
    _rand_init                                - Undefined Weak Reference
    _signal_finish                            - Undefined Weak Reference
    _signal_init                              - Undefined Weak Reference
    _terminate_alloc                          - Undefined Weak Reference
    _terminate_user_alloc                     - Undefined Weak Reference
    _terminateio                              - Undefined Weak Reference
    __Vectors_End                            0x0000026c   Data           0  startup_tm4c123.o(RESET)
    __Vectors_Size                           0x0000026c   Number         0  startup_tm4c123.o ABSOLUTE
    __main                                   0x0000026d   Thumb Code     8  __main.o(!!!main)
    __scatterload                            0x00000275   Thumb Code     0  __scatter.o(!!!scatter)
    __scatterload_rt2                        0x00000275   Thumb Code    44  __scatter.o(!!!scatter)
    __scatterload_rt2_thumb_only             0x00000275   Thumb Code     0  __scatter.o(!!!scatter)
    __scatterload_null                       0x00000283   Thumb Code     0  __scatter.o(!!!scatter)
    __scatterload_copy                       0x000002a9   Thumb Code    26  __scatter_copy.o(!!handler_copy)
    __scatterload_zeroinit                   0x000002c5   Thumb Code    28  __scatter_zi.o(!!handler_zi)
    _printf_f                                0x000002e1   Thumb Code     0  _printf_f.o(.ARM.Collect$$_printf_percent$$00000003)
    _printf_percent                          0x000002e1   Thumb Code     0  _printf_percent.o(.ARM.Collect$$_printf_percent$$00000000)
    _printf_percent_end                      0x000002e7   Thumb Code     0  _printf_percent_end.o(.ARM.Collect$$_printf_percent$$00000017)
    __rt_lib_init                            0x000002eb   Thumb Code     0  libinit.o(.ARM.Collect$$libinit$$00000000)
    __rt_lib_init_fp_1                       0x000002ed   Thumb Code     0  libinit2.o(.ARM.Collect$$libinit$$00000001)
    __rt_lib_init_heap_1                     0x000002f1   Thumb Code     0  libinit2.o(.ARM.Collect$$libinit$$0000000A)
    __rt_lib_init_lc_common                  0x000002f1   Thumb Code     0  libinit2.o(.ARM.Collect$$libinit$$0000000F)
    __rt_lib_init_preinit_1                  0x000002f1   Thumb Code     0  libinit2.o(.ARM.Collect$$libinit$$00000004)
    __rt_lib_init_rand_1                     0x000002f1   Thumb Code     0  libinit2.o(.ARM.Collect$$libinit$$0000000E)
    __rt_lib_init_user_alloc_1               0x000002f1   Thumb Code     0  libinit2.o(.ARM.Collect$$libinit$$0000000C)
    __rt_lib_init_lc_collate_1               0x000002f7   Thumb Code     0  libinit2.o(.ARM.Collect$$libinit$$00000011)
    __rt_lib_init_lc_ctype_1                 0x000002f7   Thumb Code     0  libinit2.o(.ARM.Collect$$libinit$$00000013)
    __rt_lib_init_lc_monetary_1              0x000002f7   Thumb Code     0  libinit2.o(.ARM.Collect$$libinit$$00000015)
    __rt_lib_init_lc_numeric_2               0x000002f7   Thumb Code     0  libinit2.o(.ARM.Collect$$libinit$$00000016)
    __rt_lib_init_alloca_1                   0x00000301   Thumb Code     0  libinit2.o(.ARM.Collect$$libinit$$0000002E)
    __rt_lib_init_argv_1                     0x00000301   Thumb Code     0  libinit2.o(.ARM.Collect$$libinit$$0000002C)
    __rt_lib_init_atexit_1                   0x00000301   Thumb Code     0  libinit2.o(.ARM.Collect$$libinit$$0000001B)
    __rt_lib_init_clock_1                    0x00000301   Thumb Code     0  libinit2.o(.ARM.Collect$$libinit$$00000021)
    __rt_lib_init_cpp_1                      0x00000301   Thumb Code     0  libinit2.o(.ARM.Collect$$libinit$$00000032)
    __rt_lib_init_exceptions_1               0x00000301   Thumb Code     0  libinit2.o(.ARM.Collect$$libinit$$00000030)
    __rt_lib_init_fp_trap_1                  0x00000301   Thumb Code     0  libinit2.o(.ARM.Collect$$libinit$$0000001F)
    __rt_lib_init_getenv_1                   0x00000301   Thumb Code     0  libinit2.o(.ARM.Collect$$libinit$$00000023)
    __rt_lib_init_lc_numeric_1               0x00000301   Thumb Code     0  libinit2.o(.ARM.Collect$$libinit$$00000017)
    __rt_lib_init_lc_time_1                  0x00000301   Thumb Code     0  libinit2.o(.ARM.Collect$$libinit$$00000019)
    __rt_lib_init_return                     0x00000301   Thumb Code     0  libinit2.o(.ARM.Collect$$libinit$$00000033)
    __rt_lib_init_signal_1                   0x00000301   Thumb Code     0  libinit2.o(.ARM.Collect$$libinit$$0000001D)
    __rt_lib_init_stdio_1                    0x00000301   Thumb Code     0  libinit2.o(.ARM.Collect$$libinit$$00000025)
    __rt_lib_shutdown                        0x00000303   Thumb Code     0  libshutdown.o(.ARM.Collect$$libshutdown$$00000000)
    __rt_lib_shutdown_cpp_1                  0x00000305   Thumb Code     0  libshutdown2.o(.ARM.Collect$$libshutdown$$00000002)
    __rt_lib_shutdown_fp_trap_1              0x00000305   Thumb Code     0  libshutdown2.o(.ARM.Collect$$libshutdown$$00000007)
    __rt_lib_shutdown_heap_1                 0x00000305   Thumb Code     0  libshutdown2.o(.ARM.Collect$$libshutdown$$0000000F)
    __rt_lib_shutdown_return                 0x00000305   Thumb Code     0  libshutdown2.o(.ARM.Collect$$libshutdown$$00000010)
    __rt_lib_shutdown_signal_1               0x00000305   Thumb Code     0  libshutdown2.o(.ARM.Collect$$libshutdown$$0000000A)
    __rt_lib_shutdown_stdio_1                0x00000305   Thumb Code     0  libshutdown2.o(.ARM.Collect$$libshutdown$$00000004)
    __rt_lib_shutdown_user_alloc_1           0x00000305   Thumb Code     0  libshutdown2.o(.ARM.Collect$$libshutdown$$0000000C)
    __rt_entry                               0x00000307   Thumb Code     0  __rtentry.o(.ARM.Collect$$rtentry$$00000000)
    __rt_entry_presh_1                       0x00000307   Thumb Code     0  __rtentry2.o(.ARM.Collect$$rtentry$$00000002)
    __rt_entry_sh                            0x00000307   Thumb Code     0  __rtentry4.o(.ARM.Collect$$rtentry$$00000004)
    __rt_entry_li                            0x0000030d   Thumb Code     0  __rtentry2.o(.ARM.Collect$$rtentry$$0000000A)
    __rt_entry_postsh_1                      0x0000030d   Thumb Code     0  __rtentry2.o(.ARM.Collect$$rtentry$$00000009)
    __rt_entry_main                          0x00000311   Thumb Code     0  __rtentry2.o(.ARM.Collect$$rtentry$$0000000D)
    __rt_entry_postli_1                      0x00000311   Thumb Code     0  __rtentry2.o(.ARM.Collect$$rtentry$$0000000C)
    __rt_exit                                0x00000319   Thumb Code     0  rtexit.o(.ARM.Collect$$rtexit$$00000000)
    __rt_exit_ls                             0x0000031b   Thumb Code     0  rtexit2.o(.ARM.Collect$$rtexit$$00000003)
    __rt_exit_prels_1                        0x0000031b   Thumb Code     0  rtexit2.o(.ARM.Collect$$rtexit$$00000002)
    __rt_exit_exit                           0x0000031f   Thumb Code     0  rtexit2.o(.ARM.Collect$$rtexit$$00000004)
    Reset_Handler                            0x00000325   Thumb Code     8  startup_tm4c123.o(.text)
    NMI_Handler                              0x0000032d   Thumb Code     2  startup_tm4c123.o(.text)
    HardFault_Handler                        0x0000032f   Thumb Code     2  startup_tm4c123.o(.text)
    MemManage_Handler                        0x00000331   Thumb Code     2  startup_tm4c123.o(.text)
    BusFault_Handler                         0x00000333   Thumb Code     2  startup_tm4c123.o(.text)
    UsageFault_Handler                       0x00000335   Thumb Code     2  startup_tm4c123.o(.text)
    SVC_Handler                              0x00000337   Thumb Code     2  startup_tm4c123.o(.text)
    DebugMon_Handler                         0x00000339   Thumb Code     2  startup_tm4c123.o(.text)
    PendSV_Handler                           0x0000033b   Thumb Code     2  startup_tm4c123.o(.text)
    SysTick_Handler                          0x0000033d   Thumb Code     2  startup_tm4c123.o(.text)
    GPIOA_Handler                            0x0000033f   Thumb Code     2  startup_tm4c123.o(.text)
    GPIOB_Handler                            0x00000341   Thumb Code     2  startup_tm4c123.o(.text)
    GPIOC_Handler                            0x00000343   Thumb Code     2  startup_tm4c123.o(.text)
    GPIOD_Handler                            0x00000345   Thumb Code     2  startup_tm4c123.o(.text)
    GPIOE_Handler                            0x00000347   Thumb Code     2  startup_tm4c123.o(.text)
    UART0_Handler                            0x00000349   Thumb Code     2  startup_tm4c123.o(.text)
    UART1_Handler                            0x0000034b   Thumb Code     2  startup_tm4c123.o(.text)
    SSI0_Handler                             0x0000034d   Thumb Code     2  startup_tm4c123.o(.text)
    PMW0_FAULT_Handler                       0x00000351   Thumb Code     2  startup_tm4c123.o(.text)
    PWM0_0_Handler                           0x00000353   Thumb Code     2  startup_tm4c123.o(.text)
    PWM0_1_Handler                           0x00000355   Thumb Code     2  startup_tm4c123.o(.text)
    PWM0_2_Handler                           0x00000357   Thumb Code     2  startup_tm4c123.o(.text)
    QEI0_Handler                             0x00000359   Thumb Code     2  startup_tm4c123.o(.text)
    ADC0SS0_Handler                          0x0000035b   Thumb Code     2  startup_tm4c123.o(.text)
    ADC0SS1_Handler                          0x0000035d   Thumb Code     2  startup_tm4c123.o(.text)
    ADC0SS2_Handler                          0x0000035f   Thumb Code     2  startup_tm4c123.o(.text)
    ADC0SS3_Handler                          0x00000361   Thumb Code     2  startup_tm4c123.o(.text)
    WDT0_Handler                             0x00000363   Thumb Code     2  startup_tm4c123.o(.text)
    TIMER0A_Handler                          0x00000365   Thumb Code     2  startup_tm4c123.o(.text)
    TIMER0B_Handler                          0x00000367   Thumb Code     2  startup_tm4c123.o(.text)
    TIMER1B_Handler                          0x0000036b   Thumb Code     2  startup_tm4c123.o(.text)
    TIMER2A_Handler                          0x0000036d   Thumb Code     2  startup_tm4c123.o(.text)
    TIMER2B_Handler                          0x0000036f   Thumb Code     2  startup_tm4c123.o(.text)
    COMP0_Handler                            0x00000371   Thumb Code     2  startup_tm4c123.o(.text)
    COMP1_Handler                            0x00000373   Thumb Code     2  startup_tm4c123.o(.text)
    COMP2_Handler                            0x00000375   Thumb Code     2  startup_tm4c123.o(.text)
    SYSCTL_Handler                           0x00000377   Thumb Code     2  startup_tm4c123.o(.text)
    FLASH_Handler                            0x00000379   Thumb Code     2  startup_tm4c123.o(.text)
    GPIOF_Handler                            0x0000037b   Thumb Code     2  startup_tm4c123.o(.text)
    GPIOG_Handler                            0x0000037d   Thumb Code     2  startup_tm4c123.o(.text)
    GPIOH_Handler                            0x0000037f   Thumb Code     2  startup_tm4c123.o(.text)
    UART2_Handler                            0x00000381   Thumb Code     2  startup_tm4c123.o(.text)
    SSI1_Handler                             0x00000383   Thumb Code     2  startup_tm4c123.o(.text)
    TIMER3A_Handler                          0x00000385   Thumb Code     2  startup_tm4c123.o(.text)
    TIMER3B_Handler                          0x00000387   Thumb Code     2  startup_tm4c123.o(.text)
    QEI1_Handler                             0x0000038b   Thumb Code     2  startup_tm4c123.o(.text)
    CAN0_Handler                             0x0000038d   Thumb Code     2  startup_tm4c123.o(.text)
    CAN1_Handler                             0x0000038f   Thumb Code     2  startup_tm4c123.o(.text)
    CAN2_Handler                             0x00000391   Thumb Code     2  startup_tm4c123.o(.text)
    HIB_Handler                              0x00000393   Thumb Code     2  startup_tm4c123.o(.text)
    USB0_Handler                             0x00000395   Thumb Code     2  startup_tm4c123.o(.text)
    PWM0_3_Handler                           0x00000397   Thumb Code     2  startup_tm4c123.o(.text)
    UDMA_Handler                             0x00000399   Thumb Code     2  startup_tm4c123.o(.text)
    UDMAERR_Handler                          0x0000039b   Thumb Code     2  startup_tm4c123.o(.text)
    ADC1SS0_Handler                          0x0000039d   Thumb Code     2  startup_tm4c123.o(.text)
    ADC1SS1_Handler                          0x0000039f   Thumb Code     2  startup_tm4c123.o(.text)
    ADC1SS2_Handler                          0x000003a1   Thumb Code     2  startup_tm4c123.o(.text)
    ADC1SS3_Handler                          0x000003a3   Thumb Code     2  startup_tm4c123.o(.text)
    GPIOJ_Handler                            0x000003a5   Thumb Code     2  startup_tm4c123.o(.text)
    GPIOK_Handler                            0x000003a7   Thumb Code     2  startup_tm4c123.o(.text)
    GPIOL_Handler                            0x000003a9   Thumb Code     2  startup_tm4c123.o(.text)
    SSI2_Handler                             0x000003ab   Thumb Code     2  startup_tm4c123.o(.text)
    SSI3_Handler                             0x000003ad   Thumb Code     2  startup_tm4c123.o(.text)
    UART3_Handler                            0x000003af   Thumb Code     2  startup_tm4c123.o(.text)
    UART4_Handler                            0x000003b1   Thumb Code     2  startup_tm4c123.o(.text)
    UART5_Handler                            0x000003b3   Thumb Code     2  startup_tm4c123.o(.text)
    UART6_Handler                            0x000003b5   Thumb Code     2  startup_tm4c123.o(.text)
    UART7_Handler                            0x000003b7   Thumb Code     2  startup_tm4c123.o(.text)
    TIMER4A_Handler                          0x000003bd   Thumb Code     2  startup_tm4c123.o(.text)
    TIMER4B_Handler                          0x000003bf   Thumb Code     2  startup_tm4c123.o(.text)
    TIMER5A_Handler                          0x000003c1   Thumb Code     2  startup_tm4c123.o(.text)
    TIMER5B_Handler                          0x000003c3   Thumb Code     2  startup_tm4c123.o(.text)
    WTIMER0A_Handler                         0x000003c5   Thumb Code     2  startup_tm4c123.o(.text)
    WTIMER0B_Handler                         0x000003c7   Thumb Code     2  startup_tm4c123.o(.text)
    WTIMER1A_Handler                         0x000003c9   Thumb Code     2  startup_tm4c123.o(.text)
    WTIMER1B_Handler                         0x000003cb   Thumb Code     2  startup_tm4c123.o(.text)
    WTIMER2A_Handler                         0x000003cd   Thumb Code     2  startup_tm4c123.o(.text)
    WTIMER2B_Handler                         0x000003cf   Thumb Code     2  startup_tm4c123.o(.text)
    WTIMER3A_Handler                         0x000003d1   Thumb Code     2  startup_tm4c123.o(.text)
    WTIMER3B_Handler                         0x000003d3   Thumb Code     2  startup_tm4c123.o(.text)
    WTIMER4A_Handler                         0x000003d5   Thumb Code     2  startup_tm4c123.o(.text)
    WTIMER4B_Handler                         0x000003d7   Thumb Code     2  startup_tm4c123.o(.text)
    WTIMER5A_Handler                         0x000003d9   Thumb Code     2  startup_tm4c123.o(.text)
    WTIMER5B_Handler                         0x000003db   Thumb Code     2  startup_tm4c123.o(.text)
    FPU_Handler                              0x000003dd   Thumb Code     2  startup_tm4c123.o(.text)
    I2C4_Handler                             0x000003df   Thumb Code     2  startup_tm4c123.o(.text)
    I2C5_Handler                             0x000003e1   Thumb Code     2  startup_tm4c123.o(.text)
    GPIOM_Handler                            0x000003e3   Thumb Code     2  startup_tm4c123.o(.text)
    GPION_Handler                            0x000003e5   Thumb Code     2  startup_tm4c123.o(.text)
    QEI2_Handler                             0x000003e7   Thumb Code     2  startup_tm4c123.o(.text)
    GPIOP0_Handler                           0x000003e9   Thumb Code     2  startup_tm4c123.o(.text)
    GPIOP1_Handler                           0x000003eb   Thumb Code     2  startup_tm4c123.o(.text)
    GPIOP2_Handler                           0x000003ed   Thumb Code     2  startup_tm4c123.o(.text)
    GPIOP3_Handler                           0x000003ef   Thumb Code     2  startup_tm4c123.o(.text)
    GPIOP4_Handler                           0x000003f1   Thumb Code     2  startup_tm4c123.o(.text)
    GPIOP5_Handler                           0x000003f3   Thumb Code     2  startup_tm4c123.o(.text)
    GPIOP6_Handler                           0x000003f5   Thumb Code     2  startup_tm4c123.o(.text)
    GPIOP7_Handler                           0x000003f7   Thumb Code     2  startup_tm4c123.o(.text)
    GPIOQ0_Handler                           0x000003f9   Thumb Code     2  startup_tm4c123.o(.text)
    GPIOQ1_Handler                           0x000003fb   Thumb Code     2  startup_tm4c123.o(.text)
    GPIOQ2_Handler                           0x000003fd   Thumb Code     2  startup_tm4c123.o(.text)
    GPIOQ3_Handler                           0x000003ff   Thumb Code     2  startup_tm4c123.o(.text)
    GPIOQ4_Handler                           0x00000401   Thumb Code     2  startup_tm4c123.o(.text)
    GPIOQ5_Handler                           0x00000403   Thumb Code     2  startup_tm4c123.o(.text)
    GPIOQ6_Handler                           0x00000405   Thumb Code     2  startup_tm4c123.o(.text)
    GPIOQ7_Handler                           0x00000407   Thumb Code     2  startup_tm4c123.o(.text)
    GPIOR_Handler                            0x00000409   Thumb Code     2  startup_tm4c123.o(.text)
    GPIOS_Handler                            0x0000040b   Thumb Code     2  startup_tm4c123.o(.text)
    PMW1_0_Handler                           0x0000040d   Thumb Code     2  startup_tm4c123.o(.text)
    PWM1_1_Handler                           0x0000040f   Thumb Code     2  startup_tm4c123.o(.text)
    PWM1_2_Handler                           0x00000411   Thumb Code     2  startup_tm4c123.o(.text)
    PWM1_3_Handler                           0x00000413   Thumb Code     2  startup_tm4c123.o(.text)
    PWM1_FAULT_Handler                       0x00000415   Thumb Code     2  startup_tm4c123.o(.text)
    __user_initial_stackheap                 0x00000419   Thumb Code     0  startup_tm4c123.o(.text)
    __2snprintf                              0x00000439   Thumb Code    48  noretval__2snprintf.o(.text)
    __printf                                 0x0000046d   Thumb Code   104  __printf.o(.text)
    __use_two_region_memory                  0x000004d5   Thumb Code     2  heapauxi.o(.text)
    __rt_heap_escrow$2region                 0x000004d7   Thumb Code     2  heapauxi.o(.text)
    __rt_heap_expand$2region                 0x000004d9   Thumb Code     2  heapauxi.o(.text)
    __read_errno                             0x000004db   Thumb Code    10  _rserrno.o(.text)
    __set_errno                              0x000004e5   Thumb Code    12  _rserrno.o(.text)
    __lib_sel_fp_printf                      0x000004f1   Thumb Code     2  _printf_fp_dec.o(.text)
    _printf_fp_dec_real                      0x0000069f   Thumb Code   620  _printf_fp_dec.o(.text)
    _printf_char_common                      0x00000917   Thumb Code    32  _printf_char_common.o(.text)
    _sputc                                   0x0000093d   Thumb Code    10  _sputc.o(.text)
    _snputc                                  0x00000947   Thumb Code    16  _snputc.o(.text)
    __rt_locale                              0x00000959   Thumb Code     8  rt_locale_intlibspace.o(.text)
    __aeabi_errno_addr                       0x00000961   Thumb Code     8  rt_errno_addr_intlibspace.o(.text)
    __errno$intlibspace                      0x00000961   Thumb Code     0  rt_errno_addr_intlibspace.o(.text)
    __rt_errno_addr$intlibspace              0x00000961   Thumb Code     0  rt_errno_addr_intlibspace.o(.text)
    _ll_udiv10                               0x00000969   Thumb Code   138  lludiv10.o(.text)
    _printf_fp_infnan                        0x000009f5   Thumb Code   112  _printf_fp_infnan.o(.text)
    _btod_etento                             0x00000a75   Thumb Code   216  bigflt0.o(.text)
    __user_libspace                          0x00000b51   Thumb Code     8  libspace.o(.text)
    __user_perproc_libspace                  0x00000b51   Thumb Code     0  libspace.o(.text)
    __user_perthread_libspace                0x00000b51   Thumb Code     0  libspace.o(.text)
    __user_setup_stackheap                   0x00000b59   Thumb Code    74  sys_stackheap_outer.o(.text)
    exit                                     0x00000ba3   Thumb Code    18  exit.o(.text)
    strcmp                                   0x00000bb5   Thumb Code   128  strcmpv7m.o(.text)
    _sys_exit                                0x00000c35   Thumb Code     8  sys_exit.o(.text)
    __I$use$semihosting                      0x00000c41   Thumb Code     0  use_no_semi.o(.text)
    __use_no_semihosting_swi                 0x00000c41   Thumb Code     2  use_no_semi.o(.text)
    __semihosting_library_function           0x00000c43   Thumb Code     0  indicate_semi.o(.text)
    _btod_d2e                                0x00000c43   Thumb Code    62  btod.o(CL$$btod_d2e)
    _d2e_denorm_low                          0x00000c81   Thumb Code    70  btod.o(CL$$btod_d2e_denorm_low)
    _d2e_norm_op1                            0x00000cc7   Thumb Code    96  btod.o(CL$$btod_d2e_norm_op1)
    __btod_div_common                        0x00000d27   Thumb Code   696  btod.o(CL$$btod_div_common)
    _e2e                                     0x0000105f   Thumb Code   198  btod.o(CL$$btod_e2e)
    _btod_ediv                               0x00001125   Thumb Code    40  btod.o(CL$$btod_ediv)
    _btod_emul                               0x0000114d   Thumb Code    40  btod.o(CL$$btod_emul)
    __btod_mult_common                       0x00001175   Thumb Code   580  btod.o(CL$$btod_mult_common)
    GPIODirModeSet                           0x000013b9   Thumb Code    40  gpio.o(i.GPIODirModeSet)
    GPIOPadConfigSet                         0x000013e1   Thumb Code   312  gpio.o(i.GPIOPadConfigSet)
    GPIOPinConfigure                         0x00001519   Thumb Code    60  gpio.o(i.GPIOPinConfigure)
    GPIOPinTypeUART                          0x0000155d   Thumb Code    28  gpio.o(i.GPIOPinTypeUART)
    I2C0_Handler                             0x00001579   Thumb Code    26  i2cdriver.o(i.I2C0_Handler)
    I2C1_Handler                             0x000015a1   Thumb Code    50  i2cdriver.o(i.I2C1_Handler)
    I2C2_Handler                             0x000015e9   Thumb Code    26  i2cdriver.o(i.I2C2_Handler)
    I2C3_Handler                             0x00001611   Thumb Code    26  i2cdriver.o(i.I2C3_Handler)
    I2CSlaveDataGet                          0x00001639   Thumb Code     6  i2c.o(i.I2CSlaveDataGet)
    I2CSlaveEnable                           0x0000163f   Thumb Code    16  i2c.o(i.I2CSlaveEnable)
    I2CSlaveInit                             0x0000164f   Thumb Code    20  i2c.o(i.I2CSlaveInit)
    I2CSlaveIntClear                         0x00001663   Thumb Code     8  i2c.o(i.I2CSlaveIntClear)
    I2CSlaveIntEnable                        0x0000166b   Thumb Code    14  i2c.o(i.I2CSlaveIntEnable)
    I2CSlaveIntEnableEx                      0x00001679   Thumb Code    12  i2c.o(i.I2CSlaveIntEnableEx)
    InitConsole                              0x00001685   Thumb Code    60  main.o(i.InitConsole)
    IntEnable                                0x000016d1   Thumb Code    92  interrupt.o(i.IntEnable)
    SysCtlPeripheralEnable                   0x00001735   Thumb Code    36  sysctl.o(i.SysCtlPeripheralEnable)
    SystemInit                               0x0000175d   Thumb Code   112  system_tm4c123.o(i.SystemInit)
    TIMER1A_Handler                          0x000017f5   Thumb Code   142  main.o(i.TIMER1A_Handler)
    UARTClockSourceSet                       0x000018f9   Thumb Code     6  uart.o(i.UARTClockSourceSet)
    UARTStdioConfig                          0x00001901   Thumb Code    96  uartstdio.o(i.UARTStdioConfig)
    UARTprintf                               0x0000196d   Thumb Code    26  uartstdio.o(i.UARTprintf)
    UARTvprintf                              0x00001989   Thumb Code   574  uartstdio.o(i.UARTvprintf)
    UARTwrite                                0x00001bd9   Thumb Code    58  uartstdio.o(i.UARTwrite)
    __ARM_fpclassify                         0x00001c19   Thumb Code    48  fpclassify.o(i.__ARM_fpclassify)
    __hardfp_atan                            0x00001c49   Thumb Code   622  atan.o(i.__hardfp_atan)
    __hardfp_atan2                           0x00001f21   Thumb Code   432  atan2.o(i.__hardfp_atan2)
    __hardfp_fabs                            0x00002111   Thumb Code    20  fabs.o(i.__hardfp_fabs)
    __hardfp_tan                             0x00002129   Thumb Code   108  tan.o(i.__hardfp_tan)
    __ieee754_rem_pio2                       0x000021a9   Thumb Code   938  rred.o(i.__ieee754_rem_pio2)
    __kernel_poly                            0x000025e1   Thumb Code   248  poly.o(i.__kernel_poly)
    __kernel_tan                             0x000026d9   Thumb Code   764  tan_i.o(i.__kernel_tan)
    __mathlib_dbl_infnan                     0x00002a29   Thumb Code    20  dunder.o(i.__mathlib_dbl_infnan)
    __mathlib_dbl_infnan2                    0x00002a3d   Thumb Code    20  dunder.o(i.__mathlib_dbl_infnan2)
    __mathlib_dbl_invalid                    0x00002a51   Thumb Code    24  dunder.o(i.__mathlib_dbl_invalid)
    __mathlib_dbl_underflow                  0x00002a71   Thumb Code    24  dunder.o(i.__mathlib_dbl_underflow)
    allLedsOff                               0x00002a91   Thumb Code     8  basics.o(i.allLedsOff)
    atan                                     0x00002a9d   Thumb Code    16  atan.o(i.atan)
    delay_ms                                 0x00002aad   Thumb Code    56  basics.o(i.delay_ms)
    delay_us                                 0x00002aed   Thumb Code    54  basics.o(i.delay_us)
    fabs                                     0x00002b31   Thumb Code    24  fabs.o(i.fabs)
    getTime                                  0x00002b49   Thumb Code    80  servo.o(i.getTime)
    i2c1Enable                               0x00002ba9   Thumb Code   256  i2cdriver.o(i.i2c1Enable)
    i2c1GotoSlaveMode                        0x00002cd5   Thumb Code    38  i2cdriver.o(i.i2c1GotoSlaveMode)
    i2c1SendMaster                           0x00002d01   Thumb Code    56  i2cdriver.o(i.i2c1SendMaster)
    indicateState                            0x00002d41   Thumb Code    52  node.o(i.indicateState)
    initADC1                                 0x00002d75   Thumb Code   100  adc1.o(i.initADC1)
    initDelayTimer                           0x00002de9   Thumb Code    54  basics.o(i.initDelayTimer)
    initLeds                                 0x00002e29   Thumb Code    32  basics.o(i.initLeds)
    initServoMotor                           0x00002e55   Thumb Code    86  servo.o(i.initServoMotor)
    initSystem                               0x00002ebd   Thumb Code   136  node.o(i.initSystem)
    initTimeOutTimer                         0x00002f81   Thumb Code    54  timeouttimer.o(i.initTimeOutTimer)
    ledOn                                    0x00002fc1   Thumb Code    26  basics.o(i.ledOn)
    main                                     0x00002fe5   Thumb Code  3138  main.o(i.main)
    moveStepHorizontally                     0x00003cc1   Thumb Code    44  node.o(i.moveStepHorizontally)
    moveStepVertically                       0x00003cf1   Thumb Code    44  node.o(i.moveStepVertically)
    moveToHorizontally                       0x00003d21   Thumb Code    16  node.o(i.moveToHorizontally)
    moveToVertically                         0x00003d35   Thumb Code    16  node.o(i.moveToVertically)
    readADC1                                 0x00003d49   Thumb Code    14  adc1.o(i.readADC1)
    readLDR                                  0x00003d61   Thumb Code    12  node.o(i.readLDR)
    sendData                                 0x00003d6d   Thumb Code    18  node.o(i.sendData)
    servoGotoHorizontalAngle                 0x00003d81   Thumb Code    72  servo.o(i.servoGotoHorizontalAngle)
    servoGotoVerticalAngle                   0x00003dd1   Thumb Code    72  servo.o(i.servoGotoVerticalAngle)
    setState                                 0x00003e21   Thumb Code     6  node.o(i.setState)
    timeOut_ms                               0x00003e2d   Thumb Code    58  timeouttimer.o(i.timeOut_ms)
    _get_lc_numeric                          0x00003e75   Thumb Code    44  lc_numeric_c.o(locale$$code)
    __aeabi_dneg                             0x00003ea1   Thumb Code     0  basic.o(x$fpl$basic)
    _dneg                                    0x00003ea1   Thumb Code     6  basic.o(x$fpl$basic)
    __aeabi_fneg                             0x00003ea7   Thumb Code     0  basic.o(x$fpl$basic)
    _fneg                                    0x00003ea7   Thumb Code     6  basic.o(x$fpl$basic)
    _dabs                                    0x00003ead   Thumb Code     6  basic.o(x$fpl$basic)
    _fabs                                    0x00003eb3   Thumb Code     6  basic.o(x$fpl$basic)
    __aeabi_d2f                              0x00003eb9   Thumb Code     0  d2f.o(x$fpl$d2f)
    _d2f                                     0x00003eb9   Thumb Code    98  d2f.o(x$fpl$d2f)
    __aeabi_dadd                             0x00003f1d   Thumb Code     0  daddsub_clz.o(x$fpl$dadd)
    _dadd                                    0x00003f1d   Thumb Code   332  daddsub_clz.o(x$fpl$dadd)
    __aeabi_ddiv                             0x0000406d   Thumb Code     0  ddiv.o(x$fpl$ddiv)
    _ddiv                                    0x0000406d   Thumb Code   552  ddiv.o(x$fpl$ddiv)
    __aeabi_d2iz                             0x0000431d   Thumb Code     0  dfix.o(x$fpl$dfix)
    _dfix                                    0x0000431d   Thumb Code    94  dfix.o(x$fpl$dfix)
    __aeabi_d2uiz                            0x0000437d   Thumb Code     0  dfixu.o(x$fpl$dfixu)
    _dfixu                                   0x0000437d   Thumb Code    90  dfixu.o(x$fpl$dfixu)
    __aeabi_i2d                              0x000043d7   Thumb Code     0  dflt_clz.o(x$fpl$dflt)
    _dflt                                    0x000043d7   Thumb Code    46  dflt_clz.o(x$fpl$dflt)
    __aeabi_ui2d                             0x00004405   Thumb Code     0  dflt_clz.o(x$fpl$dfltu)
    _dfltu                                   0x00004405   Thumb Code    38  dflt_clz.o(x$fpl$dfltu)
    __aeabi_dmul                             0x0000442d   Thumb Code     0  dmul.o(x$fpl$dmul)
    _dmul                                    0x0000442d   Thumb Code   332  dmul.o(x$fpl$dmul)
    __fpl_dnaninf                            0x00004581   Thumb Code   156  dnaninf.o(x$fpl$dnaninf)
    __fpl_dretinf                            0x0000461d   Thumb Code    12  dretinf.o(x$fpl$dretinf)
    __aeabi_drsub                            0x00004629   Thumb Code     0  daddsub_clz.o(x$fpl$drsb)
    _drsb                                    0x00004629   Thumb Code    22  daddsub_clz.o(x$fpl$drsb)
    __aeabi_dsub                             0x00004641   Thumb Code     0  daddsub_clz.o(x$fpl$dsub)
    _dsub                                    0x00004641   Thumb Code   464  daddsub_clz.o(x$fpl$dsub)
    __aeabi_f2d                              0x00004815   Thumb Code     0  f2d.o(x$fpl$f2d)
    _f2d                                     0x00004815   Thumb Code    86  f2d.o(x$fpl$f2d)
    __fpl_fnaninf                            0x0000486b   Thumb Code   140  fnaninf.o(x$fpl$fnaninf)
    _fp_init                                 0x000048f7   Thumb Code    10  fpinit.o(x$fpl$fpinit)
    __fplib_config_fpu_vfp                   0x000048ff   Thumb Code     0  fpinit.o(x$fpl$fpinit)
    __fplib_config_pureend_doubles           0x000048ff   Thumb Code     0  fpinit.o(x$fpl$fpinit)
    __fpl_fretinf                            0x00004901   Thumb Code    10  fretinf.o(x$fpl$fretinf)
    _printf_fp_dec                           0x0000490b   Thumb Code     4  printf1.o(x$fpl$printf1)
    __I$use$fp                               0x0000490e   Number         0  usenofp.o(x$fpl$usenofp)
    __mathlib_zero                           0x00004ce0   Data           8  qnan.o(.constdata)
    Region$$Table$$Base                      0x00004f14   Number         0  anon$$obj.o(Region$$Table)
    Region$$Table$$Limit                     0x00004f34   Number         0  anon$$obj.o(Region$$Table)
    st                                       0x20000000   Data          36  main.o(.data)
    tempValue                                0x20000024   Data           1  main.o(.data)
    nodeState                                0x20000034   Data           1  node.o(.data)
    hAngle                                   0x20000036   Data           2  node.o(.data)
    vAngle                                   0x20000038   Data           2  node.o(.data)
    currentPower                             0x2000003a   Data           1  node.o(.data)
    hIndex                                   0x2000003b   Data           1  node.o(.data)
    vIndex                                   0x2000003c   Data           1  node.o(.data)
    isMaster                                 0x2000003d   Data           1  node.o(.data)
    isRightFinished                          0x2000003e   Data           1  node.o(.data)
    isLeftFinished                           0x2000003f   Data           1  node.o(.data)
    maxHPosition                             0x20000040   Data           2  node.o(.data)
    maxVPosition                             0x20000042   Data           2  node.o(.data)
    maxPower                                 0x20000044   Data           1  node.o(.data)
    isReceived                               0x20000045   Data           1  node.o(.data)
    time                                     0x20000046   Data           1  node.o(.data)
    hSteps                                   0x20000047   Data           1  node.o(.data)
    vSteps                                   0x20000048   Data           1  node.o(.data)
    hDirection                               0x20000049   Data           1  node.o(.data)
    vDirection                               0x2000004a   Data           1  node.o(.data)
    sunPositions                             0x2000004b   Data           2  node.o(.data)
    nodeXPosition                            0x2000004d   Data           1  node.o(.data)
    nodeYPosition                            0x2000004e   Data           1  node.o(.data)
    receivedPower                            0x2000004f   Data           1  node.o(.data)
    receiveBuffer                            0x20000050   Data           2  node.o(.data)
    recBufferIndex                           0x20000052   Data           1  node.o(.data)
    isDataSent                               0x20000053   Data           1  node.o(.data)
    originalH                                0x20000054   Data           2  node.o(.data)
    originalV                                0x20000056   Data           2  node.o(.data)
    SystemCoreClock                          0x20000058   Data           4  system_tm4c123.o(.data)
    __libspace_start                         0x2000005c   Data          96  libspace.o(.bss)
    __temporary_stack_top$libspace           0x200000bc   Data           0  libspace.o(.bss)



==============================================================================

Memory Map of the image

  Image Entry point : 0x0000026d

  Load Region LR_IROM1 (Base: 0x00000000, Size: 0x00004fac, Max: 0x00040000, ABSOLUTE)

    Execution Region ER_IROM1 (Base: 0x00000000, Size: 0x00004f50, Max: 0x00040000, ABSOLUTE)

    Base Addr    Size         Type   Attr      Idx    E Section Name        Object

    0x00000000   0x0000026c   Data   RO          678    RESET               startup_tm4c123.o
    0x0000026c   0x00000008   Code   RO         2176  * !!!main             c_w.l(__main.o)
    0x00000274   0x00000034   Code   RO         2509    !!!scatter          c_w.l(__scatter.o)
    0x000002a8   0x0000001a   Code   RO         2511    !!handler_copy      c_w.l(__scatter_copy.o)
    0x000002c2   0x00000002   PAD
    0x000002c4   0x0000001c   Code   RO         2513    !!handler_zi        c_w.l(__scatter_zi.o)
    0x000002e0   0x00000000   Code   RO         2173    .ARM.Collect$$_printf_percent$$00000000  c_w.l(_printf_percent.o)
    0x000002e0   0x00000006   Code   RO         2172    .ARM.Collect$$_printf_percent$$00000003  c_w.l(_printf_f.o)
    0x000002e6   0x00000004   Code   RO         2247    .ARM.Collect$$_printf_percent$$00000017  c_w.l(_printf_percent_end.o)
    0x000002ea   0x00000002   Code   RO         2382    .ARM.Collect$$libinit$$00000000  c_w.l(libinit.o)
    0x000002ec   0x00000004   Code   RO         2383    .ARM.Collect$$libinit$$00000001  c_w.l(libinit2.o)
    0x000002f0   0x00000000   Code   RO         2386    .ARM.Collect$$libinit$$00000004  c_w.l(libinit2.o)
    0x000002f0   0x00000000   Code   RO         2389    .ARM.Collect$$libinit$$0000000A  c_w.l(libinit2.o)
    0x000002f0   0x00000000   Code   RO         2391    .ARM.Collect$$libinit$$0000000C  c_w.l(libinit2.o)
    0x000002f0   0x00000000   Code   RO         2393    .ARM.Collect$$libinit$$0000000E  c_w.l(libinit2.o)
    0x000002f0   0x00000006   Code   RO         2394    .ARM.Collect$$libinit$$0000000F  c_w.l(libinit2.o)
    0x000002f6   0x00000000   Code   RO         2396    .ARM.Collect$$libinit$$00000011  c_w.l(libinit2.o)
    0x000002f6   0x00000000   Code   RO         2398    .ARM.Collect$$libinit$$00000013  c_w.l(libinit2.o)
    0x000002f6   0x00000000   Code   RO         2400    .ARM.Collect$$libinit$$00000015  c_w.l(libinit2.o)
    0x000002f6   0x0000000a   Code   RO         2401    .ARM.Collect$$libinit$$00000016  c_w.l(libinit2.o)
    0x00000300   0x00000000   Code   RO         2402    .ARM.Collect$$libinit$$00000017  c_w.l(libinit2.o)
    0x00000300   0x00000000   Code   RO         2404    .ARM.Collect$$libinit$$00000019  c_w.l(libinit2.o)
    0x00000300   0x00000000   Code   RO         2406    .ARM.Collect$$libinit$$0000001B  c_w.l(libinit2.o)
    0x00000300   0x00000000   Code   RO         2408    .ARM.Collect$$libinit$$0000001D  c_w.l(libinit2.o)
    0x00000300   0x00000000   Code   RO         2410    .ARM.Collect$$libinit$$0000001F  c_w.l(libinit2.o)
    0x00000300   0x00000000   Code   RO         2412    .ARM.Collect$$libinit$$00000021  c_w.l(libinit2.o)
    0x00000300   0x00000000   Code   RO         2414    .ARM.Collect$$libinit$$00000023  c_w.l(libinit2.o)
    0x00000300   0x00000000   Code   RO         2416    .ARM.Collect$$libinit$$00000025  c_w.l(libinit2.o)
    0x00000300   0x00000000   Code   RO         2420    .ARM.Collect$$libinit$$0000002C  c_w.l(libinit2.o)
    0x00000300   0x00000000   Code   RO         2422    .ARM.Collect$$libinit$$0000002E  c_w.l(libinit2.o)
    0x00000300   0x00000000   Code   RO         2424    .ARM.Collect$$libinit$$00000030  c_w.l(libinit2.o)
    0x00000300   0x00000000   Code   RO         2426    .ARM.Collect$$libinit$$00000032  c_w.l(libinit2.o)
    0x00000300   0x00000002   Code   RO         2427    .ARM.Collect$$libinit$$00000033  c_w.l(libinit2.o)
    0x00000302   0x00000002   Code   RO         2457    .ARM.Collect$$libshutdown$$00000000  c_w.l(libshutdown.o)
    0x00000304   0x00000000   Code   RO         2468    .ARM.Collect$$libshutdown$$00000002  c_w.l(libshutdown2.o)
    0x00000304   0x00000000   Code   RO         2470    .ARM.Collect$$libshutdown$$00000004  c_w.l(libshutdown2.o)
    0x00000304   0x00000000   Code   RO         2473    .ARM.Collect$$libshutdown$$00000007  c_w.l(libshutdown2.o)
    0x00000304   0x00000000   Code   RO         2476    .ARM.Collect$$libshutdown$$0000000A  c_w.l(libshutdown2.o)
    0x00000304   0x00000000   Code   RO         2478    .ARM.Collect$$libshutdown$$0000000C  c_w.l(libshutdown2.o)
    0x00000304   0x00000000   Code   RO         2481    .ARM.Collect$$libshutdown$$0000000F  c_w.l(libshutdown2.o)
    0x00000304   0x00000002   Code   RO         2482    .ARM.Collect$$libshutdown$$00000010  c_w.l(libshutdown2.o)
    0x00000306   0x00000000   Code   RO         2236    .ARM.Collect$$rtentry$$00000000  c_w.l(__rtentry.o)
    0x00000306   0x00000000   Code   RO         2300    .ARM.Collect$$rtentry$$00000002  c_w.l(__rtentry2.o)
    0x00000306   0x00000006   Code   RO         2312    .ARM.Collect$$rtentry$$00000004  c_w.l(__rtentry4.o)
    0x0000030c   0x00000000   Code   RO         2302    .ARM.Collect$$rtentry$$00000009  c_w.l(__rtentry2.o)
    0x0000030c   0x00000004   Code   RO         2303    .ARM.Collect$$rtentry$$0000000A  c_w.l(__rtentry2.o)
    0x00000310   0x00000000   Code   RO         2305    .ARM.Collect$$rtentry$$0000000C  c_w.l(__rtentry2.o)
    0x00000310   0x00000008   Code   RO         2306    .ARM.Collect$$rtentry$$0000000D  c_w.l(__rtentry2.o)
    0x00000318   0x00000002   Code   RO         2428    .ARM.Collect$$rtexit$$00000000  c_w.l(rtexit.o)
    0x0000031a   0x00000000   Code   RO         2435    .ARM.Collect$$rtexit$$00000002  c_w.l(rtexit2.o)
    0x0000031a   0x00000004   Code   RO         2436    .ARM.Collect$$rtexit$$00000003  c_w.l(rtexit2.o)
    0x0000031e   0x00000006   Code   RO         2437    .ARM.Collect$$rtexit$$00000004  c_w.l(rtexit2.o)
    0x00000324   0x00000114   Code   RO          679    .text               startup_tm4c123.o
    0x00000438   0x00000034   Code   RO         2148    .text               c_w.l(noretval__2snprintf.o)
    0x0000046c   0x00000068   Code   RO         2150    .text               c_w.l(__printf.o)
    0x000004d4   0x00000006   Code   RO         2174    .text               c_w.l(heapauxi.o)
    0x000004da   0x00000016   Code   RO         2237    .text               c_w.l(_rserrno.o)
    0x000004f0   0x0000041a   Code   RO         2239    .text               c_w.l(_printf_fp_dec.o)
    0x0000090a   0x00000002   PAD
    0x0000090c   0x00000030   Code   RO         2241    .text               c_w.l(_printf_char_common.o)
    0x0000093c   0x0000000a   Code   RO         2243    .text               c_w.l(_sputc.o)
    0x00000946   0x00000010   Code   RO         2245    .text               c_w.l(_snputc.o)
    0x00000956   0x00000002   PAD
    0x00000958   0x00000008   Code   RO         2317    .text               c_w.l(rt_locale_intlibspace.o)
    0x00000960   0x00000008   Code   RO         2322    .text               c_w.l(rt_errno_addr_intlibspace.o)
    0x00000968   0x0000008a   Code   RO         2324    .text               c_w.l(lludiv10.o)
    0x000009f2   0x00000002   PAD
    0x000009f4   0x00000080   Code   RO         2326    .text               c_w.l(_printf_fp_infnan.o)
    0x00000a74   0x000000dc   Code   RO         2330    .text               c_w.l(bigflt0.o)
    0x00000b50   0x00000008   Code   RO         2368    .text               c_w.l(libspace.o)
    0x00000b58   0x0000004a   Code   RO         2371    .text               c_w.l(sys_stackheap_outer.o)
    0x00000ba2   0x00000012   Code   RO         2373    .text               c_w.l(exit.o)
    0x00000bb4   0x00000080   Code   RO         2375    .text               c_w.l(strcmpv7m.o)
    0x00000c34   0x0000000c   Code   RO         2447    .text               c_w.l(sys_exit.o)
    0x00000c40   0x00000002   Code   RO         2458    .text               c_w.l(use_no_semi.o)
    0x00000c42   0x00000000   Code   RO         2460    .text               c_w.l(indicate_semi.o)
    0x00000c42   0x0000003e   Code   RO         2333    CL$$btod_d2e        c_w.l(btod.o)
    0x00000c80   0x00000046   Code   RO         2335    CL$$btod_d2e_denorm_low  c_w.l(btod.o)
    0x00000cc6   0x00000060   Code   RO         2334    CL$$btod_d2e_norm_op1  c_w.l(btod.o)
    0x00000d26   0x00000338   Code   RO         2343    CL$$btod_div_common  c_w.l(btod.o)
    0x0000105e   0x000000c6   Code   RO         2340    CL$$btod_e2e        c_w.l(btod.o)
    0x00001124   0x00000028   Code   RO         2337    CL$$btod_ediv       c_w.l(btod.o)
    0x0000114c   0x00000028   Code   RO         2336    CL$$btod_emul       c_w.l(btod.o)
    0x00001174   0x00000244   Code   RO         2342    CL$$btod_mult_common  c_w.l(btod.o)
    0x000013b8   0x00000028   Code   RO          729    i.GPIODirModeSet    driverlib.lib(gpio.o)
    0x000013e0   0x00000138   Code   RO          739    i.GPIOPadConfigSet  driverlib.lib(gpio.o)
    0x00001518   0x00000044   Code   RO          740    i.GPIOPinConfigure  driverlib.lib(gpio.o)
    0x0000155c   0x0000001c   Code   RO          763    i.GPIOPinTypeUART   driverlib.lib(gpio.o)
    0x00001578   0x00000028   Code   RO          223    i.I2C0_Handler      i2cdriver.o
    0x000015a0   0x00000048   Code   RO          224    i.I2C1_Handler      i2cdriver.o
    0x000015e8   0x00000028   Code   RO          225    i.I2C2_Handler      i2cdriver.o
    0x00001610   0x00000028   Code   RO          226    i.I2C3_Handler      i2cdriver.o
    0x00001638   0x00000006   Code   RO         1074    i.I2CSlaveDataGet   driverlib.lib(i2c.o)
    0x0000163e   0x00000010   Code   RO         1077    i.I2CSlaveEnable    driverlib.lib(i2c.o)
    0x0000164e   0x00000014   Code   RO         1080    i.I2CSlaveInit      driverlib.lib(i2c.o)
    0x00001662   0x00000008   Code   RO         1081    i.I2CSlaveIntClear  driverlib.lib(i2c.o)
    0x0000166a   0x0000000e   Code   RO         1085    i.I2CSlaveIntEnable  driverlib.lib(i2c.o)
    0x00001678   0x0000000c   Code   RO         1086    i.I2CSlaveIntEnableEx  driverlib.lib(i2c.o)
    0x00001684   0x0000004c   Code   RO            4    i.InitConsole       main.o
    0x000016d0   0x00000064   Code   RO         1376    i.IntEnable         driverlib.lib(interrupt.o)
    0x00001734   0x00000028   Code   RO         1525    i.SysCtlPeripheralEnable  driverlib.lib(sysctl.o)
    0x0000175c   0x00000098   Code   RO          687    i.SystemInit        system_tm4c123.o
    0x000017f4   0x00000104   Code   RO            5    i.TIMER1A_Handler   main.o
    0x000018f8   0x00000006   Code   RO         1851    i.UARTClockSourceSet  driverlib.lib(uart.o)
    0x000018fe   0x00000002   PAD
    0x00001900   0x0000006c   Code   RO          141    i.UARTStdioConfig   uartstdio.o
    0x0000196c   0x0000001a   Code   RO          144    i.UARTprintf        uartstdio.o
    0x00001986   0x00000002   PAD
    0x00001988   0x00000250   Code   RO          145    i.UARTvprintf       uartstdio.o
    0x00001bd8   0x00000040   Code   RO          146    i.UARTwrite         uartstdio.o
    0x00001c18   0x00000030   Code   RO         2364    i.__ARM_fpclassify  m_wm.l(fpclassify.o)
    0x00001c48   0x000002d8   Code   RO         2259    i.__hardfp_atan     m_wm.l(atan.o)
    0x00001f20   0x000001f0   Code   RO         2206    i.__hardfp_atan2    m_wm.l(atan2.o)
    0x00002110   0x00000014   Code   RO         2218    i.__hardfp_fabs     m_wm.l(fabs.o)
    0x00002124   0x00000004   PAD
    0x00002128   0x00000080   Code   RO         2224    i.__hardfp_tan      m_wm.l(tan.o)
    0x000021a8   0x00000438   Code   RO         2288    i.__ieee754_rem_pio2  m_wm.l(rred.o)
    0x000025e0   0x000000f8   Code   RO         2366    i.__kernel_poly     m_wm.l(poly.o)
    0x000026d8   0x00000350   Code   RO         2293    i.__kernel_tan      m_wm.l(tan_i.o)
    0x00002a28   0x00000014   Code   RO         2274    i.__mathlib_dbl_infnan  m_wm.l(dunder.o)
    0x00002a3c   0x00000014   Code   RO         2275    i.__mathlib_dbl_infnan2  m_wm.l(dunder.o)
    0x00002a50   0x00000020   Code   RO         2276    i.__mathlib_dbl_invalid  m_wm.l(dunder.o)
    0x00002a70   0x00000020   Code   RO         2279    i.__mathlib_dbl_underflow  m_wm.l(dunder.o)
    0x00002a90   0x0000000c   Code   RO          410    i.allLedsOff        basics.o
    0x00002a9c   0x00000010   Code   RO         2261    i.atan              m_wm.l(atan.o)
    0x00002aac   0x00000040   Code   RO          411    i.delay_ms          basics.o
    0x00002aec   0x00000044   Code   RO          412    i.delay_us          basics.o
    0x00002b30   0x00000018   Code   RO         2220    i.fabs              m_wm.l(fabs.o)
    0x00002b48   0x00000060   Code   RO          622    i.getTime           servo.o
    0x00002ba8   0x0000012c   Code   RO          232    i.i2c1Enable        i2cdriver.o
    0x00002cd4   0x0000002c   Code   RO          233    i.i2c1GotoSlaveMode  i2cdriver.o
    0x00002d00   0x00000040   Code   RO          234    i.i2c1SendMaster    i2cdriver.o
    0x00002d40   0x00000034   Code   RO          511    i.indicateState     node.o
    0x00002d74   0x00000074   Code   RO          477    i.initADC1          adc1.o
    0x00002de8   0x00000040   Code   RO          413    i.initDelayTimer    basics.o
    0x00002e28   0x0000002c   Code   RO          414    i.initLeds          basics.o
    0x00002e54   0x00000068   Code   RO          623    i.initServoMotor    servo.o
    0x00002ebc   0x000000c4   Code   RO          512    i.initSystem        node.o
    0x00002f80   0x00000040   Code   RO          589    i.initTimeOutTimer  timeouttimer.o
    0x00002fc0   0x00000024   Code   RO          415    i.ledOn             basics.o
    0x00002fe4   0x00000cdc   Code   RO            6    i.main              main.o
    0x00003cc0   0x00000030   Code   RO          513    i.moveStepHorizontally  node.o
    0x00003cf0   0x00000030   Code   RO          514    i.moveStepVertically  node.o
    0x00003d20   0x00000014   Code   RO          515    i.moveToHorizontally  node.o
    0x00003d34   0x00000014   Code   RO          516    i.moveToVertically  node.o
    0x00003d48   0x00000018   Code   RO          478    i.readADC1          adc1.o
    0x00003d60   0x0000000c   Code   RO          517    i.readLDR           node.o
    0x00003d6c   0x00000012   Code   RO          518    i.sendData          node.o
    0x00003d7e   0x00000002   PAD
    0x00003d80   0x00000050   Code   RO          625    i.servoGotoHorizontalAngle  servo.o
    0x00003dd0   0x00000050   Code   RO          627    i.servoGotoVerticalAngle  servo.o
    0x00003e20   0x0000000c   Code   RO          519    i.setState          node.o
    0x00003e2c   0x00000048   Code   RO          590    i.timeOut_ms        timeouttimer.o
    0x00003e74   0x0000002c   Code   RO         2356    locale$$code        c_w.l(lc_numeric_c.o)
    0x00003ea0   0x00000018   Code   RO         2248    x$fpl$basic         fz_wm.l(basic.o)
    0x00003eb8   0x00000062   Code   RO         2178    x$fpl$d2f           fz_wm.l(d2f.o)
    0x00003f1a   0x00000002   PAD
    0x00003f1c   0x00000150   Code   RO         2180    x$fpl$dadd          fz_wm.l(daddsub_clz.o)
    0x0000406c   0x000002b0   Code   RO         2187    x$fpl$ddiv          fz_wm.l(ddiv.o)
    0x0000431c   0x0000005e   Code   RO         2358    x$fpl$dfix          fz_wm.l(dfix.o)
    0x0000437a   0x00000002   PAD
    0x0000437c   0x0000005a   Code   RO         2190    x$fpl$dfixu         fz_wm.l(dfixu.o)
    0x000043d6   0x0000002e   Code   RO         2195    x$fpl$dflt          fz_wm.l(dflt_clz.o)
    0x00004404   0x00000026   Code   RO         2194    x$fpl$dfltu         fz_wm.l(dflt_clz.o)
    0x0000442a   0x00000002   PAD
    0x0000442c   0x00000154   Code   RO         2200    x$fpl$dmul          fz_wm.l(dmul.o)
    0x00004580   0x0000009c   Code   RO         2250    x$fpl$dnaninf       fz_wm.l(dnaninf.o)
    0x0000461c   0x0000000c   Code   RO         2252    x$fpl$dretinf       fz_wm.l(dretinf.o)
    0x00004628   0x00000016   Code   RO         2181    x$fpl$drsb          fz_wm.l(daddsub_clz.o)
    0x0000463e   0x00000002   PAD
    0x00004640   0x000001d4   Code   RO         2182    x$fpl$dsub          fz_wm.l(daddsub_clz.o)
    0x00004814   0x00000056   Code   RO         2202    x$fpl$f2d           fz_wm.l(f2d.o)
    0x0000486a   0x0000008c   Code   RO         2254    x$fpl$fnaninf       fz_wm.l(fnaninf.o)
    0x000048f6   0x0000000a   Code   RO         2432    x$fpl$fpinit        fz_wm.l(fpinit.o)
    0x00004900   0x0000000a   Code   RO         2256    x$fpl$fretinf       fz_wm.l(fretinf.o)
    0x0000490a   0x00000004   Code   RO         2204    x$fpl$printf1       fz_wm.l(printf1.o)
    0x0000490e   0x00000000   Code   RO         2258    x$fpl$usenofp       fz_wm.l(usenofp.o)
    0x0000490e   0x00000002   PAD
    0x00004910   0x0000001c   Data   RO          147    .constdata          uartstdio.o
    0x0000492c   0x00000210   Data   RO          770    .constdata          driverlib.lib(gpio.o)
    0x00004b3c   0x0000010c   Data   RO         1392    .constdata          driverlib.lib(interrupt.o)
    0x00004c48   0x00000098   Data   RO         2262    .constdata          m_wm.l(atan.o)
    0x00004ce0   0x00000008   Data   RO         2287    .constdata          m_wm.l(qnan.o)
    0x00004ce8   0x000000c8   Data   RO         2290    .constdata          m_wm.l(rred.o)
    0x00004db0   0x00000060   Data   RO         2294    .constdata          m_wm.l(tan_i.o)
    0x00004e10   0x00000094   Data   RO         2331    .constdata          c_w.l(bigflt0.o)
    0x00004ea4   0x0000005c   Data   RO            7    .conststring        main.o
    0x00004f00   0x00000011   Data   RO          148    .conststring        uartstdio.o
    0x00004f11   0x00000003   PAD
    0x00004f14   0x00000020   Data   RO         2507    Region$$Table       anon$$obj.o
    0x00004f34   0x0000001c   Data   RO         2355    locale$$data        c_w.l(lc_numeric_c.o)


    Execution Region RW_IRAM1 (Base: 0x20000000, Size: 0x000002c0, Max: 0x00008000, ABSOLUTE)

    Base Addr    Size         Type   Attr      Idx    E Section Name        Object

    0x20000000   0x00000025   Data   RW            8    .data               main.o
    0x20000025   0x00000003   PAD
    0x20000028   0x00000005   Data   RW          149    .data               uartstdio.o
    0x2000002d   0x00000003   PAD
    0x20000030   0x00000004   Data   RW          479    .data               adc1.o
    0x20000034   0x00000024   Data   RW          520    .data               node.o
    0x20000058   0x00000004   Data   RW          689    .data               system_tm4c123.o
    0x2000005c   0x00000060   Zero   RW         2369    .bss                c_w.l(libspace.o)
    0x200000bc   0x00000004   PAD
    0x200000c0   0x00000000   Zero   RW          677    HEAP                startup_tm4c123.o
    0x200000c0   0x00000200   Zero   RW          676    STACK               startup_tm4c123.o


==============================================================================

Image component sizes


      Code (inc. data)   RO Data    RW Data    ZI Data      Debug   Object Name

       140         26          0          4          0       1094   adc1.o
       288         58          0          0          0       2615   basics.o
       600        122          0          0          0       3842   i2cdriver.o
      3628       1270         92         37          0       8494   main.o
       426         82          0         36          0       6844   node.o
       360         50          0          0          0       2207   servo.o
       276         24        620          0        512       5416   startup_tm4c123.o
       152         40          0          4          0        771   system_tm4c123.o
       136         24          0          0          0        880   timeouttimer.o
       790         36         45          5          0       4476   uartstdio.o

    ----------------------------------------------------------------------
      6800       1732        792         92        512      36639   Object Totals
         0          0         32          0          0          0   (incl. Generated)
         4          0          3          6          0          0   (incl. Padding)

    ----------------------------------------------------------------------

      Code (inc. data)   RO Data    RW Data    ZI Data      Debug   Library Member Name

         8          0          0          0          0         68   __main.o
       104          0          0          0          0         84   __printf.o
         0          0          0          0          0          0   __rtentry.o
        12          0          0          0          0          0   __rtentry2.o
         6          0          0          0          0          0   __rtentry4.o
        52          8          0          0          0          0   __scatter.o
        26          0          0          0          0          0   __scatter_copy.o
        28          0          0          0          0          0   __scatter_zi.o
        48          6          0          0          0         96   _printf_char_common.o
         6          0          0          0          0          0   _printf_f.o
      1050          0          0          0          0        216   _printf_fp_dec.o
       128         16          0          0          0         84   _printf_fp_infnan.o
         0          0          0          0          0          0   _printf_percent.o
         4          0          0          0          0          0   _printf_percent_end.o
        22          0          0          0          0        100   _rserrno.o
        16          0          0          0          0         68   _snputc.o
        10          0          0          0          0         68   _sputc.o
       220          4        148          0          0         96   bigflt0.o
      1910        128          0          0          0        672   btod.o
        18          0          0          0          0         80   exit.o
         6          0          0          0          0        152   heapauxi.o
         0          0          0          0          0          0   indicate_semi.o
        44         10         28          0          0         76   lc_numeric_c.o
         2          0          0          0          0          0   libinit.o
        22          0          0          0          0          0   libinit2.o
         2          0          0          0          0          0   libshutdown.o
         2          0          0          0          0          0   libshutdown2.o
         8          4          0          0         96         68   libspace.o
       138          0          0          0          0         80   lludiv10.o
        52          4          0          0          0         84   noretval__2snprintf.o
         8          4          0          0          0         68   rt_errno_addr_intlibspace.o
         8          4          0          0          0         68   rt_locale_intlibspace.o
         2          0          0          0          0          0   rtexit.o
        10          0          0          0          0          0   rtexit2.o
       128          0          0          0          0         68   strcmpv7m.o
        12          4          0          0          0         68   sys_exit.o
        74          0          0          0          0         80   sys_stackheap_outer.o
         2          0          0          0          0         68   use_no_semi.o
       448          8        528          0          0       6617   gpio.o
        76          0          0          0          0       3735   i2c.o
       100          8        268          0          0       1524   interrupt.o
        40          4          0          0          0        497   sysctl.o
         6          0          0          0          0        497   uart.o
        24          0          0          0          0        164   basic.o
        98          4          0          0          0        140   d2f.o
       826         16          0          0          0        492   daddsub_clz.o
       688        140          0          0          0        256   ddiv.o
        94          4          0          0          0        140   dfix.o
        90          4          0          0          0        140   dfixu.o
        84          0          0          0          0        232   dflt_clz.o
       340         12          0          0          0        152   dmul.o
       156          4          0          0          0        140   dnaninf.o
        12          0          0          0          0        116   dretinf.o
        86          4          0          0          0        132   f2d.o
       140          4          0          0          0        132   fnaninf.o
        10          0          0          0          0        116   fpinit.o
        10          0          0          0          0        116   fretinf.o
         4          0          0          0          0        116   printf1.o
         0          0          0          0          0          0   usenofp.o
       744        106        152          0          0        352   atan.o
       496         64          0          0          0        192   atan2.o
       104         16          0          0          0        496   dunder.o
        44          0          0          0          0        248   fabs.o
        48          0          0          0          0        124   fpclassify.o
       248          0          0          0          0        152   poly.o
         0          0          8          0          0          0   qnan.o
      1080        142        200          0          0        188   rred.o
       128         20          0          0          0        144   tan.o
       848         84         96          0          0        196   tan_i.o

    ----------------------------------------------------------------------
     11284        836       1428          0        100      20058   Library Totals
        24          0          0          0          4          0   (incl. Padding)

    ----------------------------------------------------------------------

      Code (inc. data)   RO Data    RW Data    ZI Data      Debug   Library Name

      4188        192        176          0         96       2512   c_w.l
       670         20        796          0          0      12870   driverlib.lib
      2662        192          0          0          0       2584   fz_wm.l
      3740        432        456          0          0       2092   m_wm.l

    ----------------------------------------------------------------------
     11284        836       1428          0        100      20058   Library Totals

    ----------------------------------------------------------------------

==============================================================================


      Code (inc. data)   RO Data    RW Data    ZI Data      Debug   

     18084       2568       2220         92        612      47945   Grand Totals
     18084       2568       2220         92        612      47945   ELF Image Totals
     18084       2568       2220         92          0          0   ROM Totals

==============================================================================

    Total RO  Size (Code + RO Data)                20304 (  19.83kB)
    Total RW  Size (RW Data + ZI Data)               704 (   0.69kB)
    Total ROM Size (Code + RO Data + RW Data)      20396 (  19.92kB)

==============================================================================

