Component: ARM Compiler 5.06 update 3 (build 300) Tool: armlink [4d35c9]

==============================================================================

Section Cross References

    main.o(i.InitConsole) refers to sysctl.o(i.SysCtlPeripheralEnable) for SysCtlPeripheralEnable
    main.o(i.InitConsole) refers to gpio.o(i.GPIOPinConfigure) for GPIOPinConfigure
    main.o(i.InitConsole) refers to uart.o(i.UARTClockSourceSet) for UARTClockSourceSet
    main.o(i.InitConsole) refers to gpio.o(i.GPIOPinTypeUART) for GPIOPinTypeUART
    main.o(i.InitConsole) refers to uartstdio.o(i.UARTStdioConfig) for UARTStdioConfig
    main.o(i.TIMER1A_Handler) refers to uartstdio.o(i.UARTprintf) for UARTprintf
    main.o(i.TIMER1A_Handler) refers to node.o(i.setState) for setState
    main.o(i.TIMER1A_Handler) refers to node.o(.data) for isMaster
    main.o(i.main) refers to main.o(i.InitConsole) for InitConsole
    main.o(i.main) refers to uartstdio.o(i.UARTprintf) for UARTprintf
    main.o(i.main) refers to node.o(i.initSystem) for initSystem
    main.o(i.main) refers to node.o(i.sendData) for sendData
    main.o(i.main) refers to node.o(i.readLDR) for readLDR
    main.o(i.main) refers to node.o(i.setState) for setState
    main.o(i.main) refers to timeouttimer.o(i.timeOut_ms) for timeOut_ms
    main.o(i.main) refers to node.o(.data) for currentPower
    main.o(.data) refers to main.o(.conststring) for .conststring
    uartstdio.o(i.UARTStdioConfig) refers to uartstdio.o(.constdata) for g_ui32UARTPeriph
    uartstdio.o(i.UARTStdioConfig) refers to uartstdio.o(.data) for g_ui32Base
    uartstdio.o(i.UARTgetc) refers to uartstdio.o(.data) for g_ui32Base
    uartstdio.o(i.UARTgets) refers to uartstdio.o(i.UARTwrite) for UARTwrite
    uartstdio.o(i.UARTgets) refers to uartstdio.o(.data) for g_ui32Base
    uartstdio.o(i.UARTprintf) refers to uartstdio.o(i.UARTvprintf) for UARTvprintf
    uartstdio.o(i.UARTvprintf) refers to uartstdio.o(i.UARTwrite) for UARTwrite
    uartstdio.o(i.UARTvprintf) refers to uartstdio.o(.constdata) for g_pcHex
    uartstdio.o(i.UARTwrite) refers to uartstdio.o(.data) for g_ui32Base
    uartstdio.o(.constdata) refers to uartstdio.o(.conststring) for .conststring
    i2c.o(i.I2CIntRegister) refers to i2c.o(i._I2CIntNumberGet) for _I2CIntNumberGet
    i2c.o(i.I2CIntRegister) refers to interrupt.o(i.IntRegister) for IntRegister
    i2c.o(i.I2CIntRegister) refers to interrupt.o(i.IntEnable) for IntEnable
    i2c.o(i.I2CIntUnregister) refers to i2c.o(i._I2CIntNumberGet) for _I2CIntNumberGet
    i2c.o(i.I2CIntUnregister) refers to interrupt.o(i.IntDisable) for IntDisable
    i2c.o(i.I2CIntUnregister) refers to interrupt.o(i.IntUnregister) for IntUnregister
    i2c.o(i.I2CMasterInitExpClk) refers to i2c.o(i.I2CMasterEnable) for I2CMasterEnable
    i2c.o(i.I2CSlaveInit) refers to i2c.o(i.I2CSlaveEnable) for I2CSlaveEnable
    i2c.o(i._I2CIntNumberGet) refers to i2c.o(.constdata) for g_ppui32I2CIntMap
    sysctl.o(i.SysCtlClockFreqSet) refers to sysctl.o(i._SysCtlMemTimingGet) for _SysCtlMemTimingGet
    sysctl.o(i.SysCtlClockFreqSet) refers to sysctl.o(i._SysCtlFrequencyGet) for _SysCtlFrequencyGet
    sysctl.o(i.SysCtlClockFreqSet) refers to sysctl.o(.constdata) for g_pui32Xtals
    sysctl.o(i.SysCtlClockGet) refers to sysctl.o(.constdata) for g_pui32Xtals
    sysctl.o(i.SysCtlClockSet) refers to sysctl.o(.emb_text) for SysCtlDelay
    sysctl.o(i.SysCtlDeepSleep) refers to cpu.o(.emb_text) for CPUwfi
    sysctl.o(i.SysCtlIntRegister) refers to interrupt.o(i.IntRegister) for IntRegister
    sysctl.o(i.SysCtlIntRegister) refers to interrupt.o(i.IntEnable) for IntEnable
    sysctl.o(i.SysCtlIntUnregister) refers to interrupt.o(i.IntDisable) for IntDisable
    sysctl.o(i.SysCtlIntUnregister) refers to interrupt.o(i.IntUnregister) for IntUnregister
    sysctl.o(i.SysCtlSleep) refers to cpu.o(.emb_text) for CPUwfi
    sysctl.o(i.SysCtlVCOGet) refers to sysctl.o(.constdata) for g_pui32Xtals
    sysctl.o(i._SysCtlMemTimingGet) refers to sysctl.o(.constdata) for g_sXTALtoMEMTIM
    uart.o(i.UARTConfigSetExpClk) refers to uart.o(i.UARTDisable) for UARTDisable
    uart.o(i.UARTConfigSetExpClk) refers to uart.o(i.UARTEnable) for UARTEnable
    uart.o(i.UARTIntRegister) refers to uart.o(i._UARTIntNumberGet) for _UARTIntNumberGet
    uart.o(i.UARTIntRegister) refers to interrupt.o(i.IntRegister) for IntRegister
    uart.o(i.UARTIntRegister) refers to interrupt.o(i.IntEnable) for IntEnable
    uart.o(i.UARTIntUnregister) refers to uart.o(i._UARTIntNumberGet) for _UARTIntNumberGet
    uart.o(i.UARTIntUnregister) refers to interrupt.o(i.IntDisable) for IntDisable
    uart.o(i.UARTIntUnregister) refers to interrupt.o(i.IntUnregister) for IntUnregister
    uart.o(i._UARTIntNumberGet) refers to uart.o(.constdata) for g_ppui32UARTIntMap
    adc1.o(i.readADC1) refers to adc1.o(.data) for adcResult
    basics.o(i.delay_ms) refers to system_tm4c123.o(.data) for SystemCoreClock
[...]
    tan_i_x.o(i.____kernel_tan$lsc) refers to fabs.o(i.fabs) for fabs
    tan_i_x.o(i.____kernel_tan$lsc) refers to tan_i_x.o(.constdata) for .constdata
    tan_i_x.o(.constdata) refers (Special) to usenofp.o(x$fpl$usenofp) for __I$use$fp
    __rtentry2.o(.ARM.Collect$$rtentry$$00000008) refers to boardinit2.o(.text) for _platform_post_stackheap_init
    __rtentry2.o(.ARM.Collect$$rtentry$$0000000A) refers to libinit.o(.ARM.Collect$$libinit$$00000000) for __rt_lib_init
    __rtentry2.o(.ARM.Collect$$rtentry$$0000000B) refers to boardinit3.o(.text) for _platform_post_lib_init
    __rtentry2.o(.ARM.Collect$$rtentry$$0000000D) refers to main.o(i.main) for main
    __rtentry2.o(.ARM.Collect$$rtentry$$0000000D) refers to exit.o(.text) for exit
    __rtentry2.o(.ARM.exidx) refers to __rtentry2.o(.ARM.Collect$$rtentry$$00000001) for .ARM.Collect$$rtentry$$00000001
    __rtentry2.o(.ARM.exidx) refers to __rtentry2.o(.ARM.Collect$$rtentry$$00000008) for .ARM.Collect$$rtentry$$00000008
    __rtentry2.o(.ARM.exidx) refers to __rtentry2.o(.ARM.Collect$$rtentry$$0000000A) for .ARM.Collect$$rtentry$$0000000A
    __rtentry2.o(.ARM.exidx) refers to __rtentry2.o(.ARM.Collect$$rtentry$$0000000B) for .ARM.Collect$$rtentry$$0000000B
    __rtentry2.o(.ARM.exidx) refers to __rtentry2.o(.ARM.Collect$$rtentry$$0000000D) for .ARM.Collect$$rtentry$$0000000D
    __rtentry4.o(.ARM.Collect$$rtentry$$00000004) refers to sys_stackheap_outer.o(.text) for __user_setup_stackheap
    __rtentry4.o(.ARM.exidx) refers to __rtentry4.o(.ARM.Collect$$rtentry$$00000004) for .ARM.Collect$$rtentry$$00000004
    rt_errno_addr.o(.text) refers to rt_errno_addr.o(.bss) for __aeabi_errno_addr_data
    rt_errno_addr_intlibspace.o(.text) refers to libspace.o(.bss) for __libspace_start
    dfix.o(x$fpl$dfix) refers (Special) to usenofp.o(x$fpl$usenofp) for __I$use$fp
    dfix.o(x$fpl$dfix) refers to dnaninf.o(x$fpl$dnaninf) for __fpl_dnaninf
    dfix.o(x$fpl$dfixr) refers (Special) to usenofp.o(x$fpl$usenofp) for __I$use$fp
    dfix.o(x$fpl$dfixr) refers to dnaninf.o(x$fpl$dnaninf) for __fpl_dnaninf
    dflt_clz.o(x$fpl$dfltu) refers (Special) to usenofp.o(x$fpl$usenofp) for __I$use$fp
    dflt_clz.o(x$fpl$dflt) refers (Special) to usenofp.o(x$fpl$usenofp) for __I$use$fp
    dflt_clz.o(x$fpl$dfltn) refers (Special) to usenofp.o(x$fpl$usenofp) for __I$use$fp
    dmul.o(x$fpl$dmul) refers (Special) to usenofp.o(x$fpl$usenofp) for __I$use$fp
    dmul.o(x$fpl$dmul) refers to dretinf.o(x$fpl$dretinf) for __fpl_dretinf
    dmul.o(x$fpl$dmul) refers to dnaninf.o(x$fpl$dnaninf) for __fpl_dnaninf
    fpclassify.o(i.__ARM_fpclassify) refers (Special) to usenofp.o(x$fpl$usenofp) for __I$use$fp
    poly.o(i.__kernel_poly) refers (Special) to usenofp.o(x$fpl$usenofp) for __I$use$fp
    poly.o(i.__kernel_poly) refers to dmul.o(x$fpl$dmul) for __aeabi_dmul
    poly.o(i.__kernel_poly) refers to daddsub_clz.o(x$fpl$dadd) for __aeabi_dadd
    libspace.o(.text) refers to libspace.o(.bss) for __libspace_start
    sys_stackheap_outer.o(.text) refers to libspace.o(.text) for __user_perproc_libspace
    sys_stackheap_outer.o(.text) refers to startup_tm4c123.o(.text) for __user_initial_stackheap
    exit.o(.text) refers to rtexit.o(.ARM.Collect$$rtexit$$00000000) for __rt_exit
    libinit.o(.ARM.Collect$$libinit$$00000000) refers (Special) to libinit2.o(.ARM.Collect$$libinit$$0000002E) for __rt_lib_init_alloca_1
    libinit.o(.ARM.Collect$$libinit$$00000000) refers (Special) to libinit2.o(.ARM.Collect$$libinit$$0000002C) for __rt_lib_init_argv_1
    libinit.o(.ARM.Collect$$libinit$$00000000) refers (Special) to libinit2.o(.ARM.Collect$$libinit$$0000001B) for __rt_lib_init_atexit_1
    libinit.o(.ARM.Collect$$libinit$$00000000) refers (Special) to libinit2.o(.ARM.Collect$$libinit$$00000021) for __rt_lib_init_clock_1
    libinit.o(.ARM.Collect$$libinit$$00000000) refers (Special) to libinit2.o(.ARM.Collect$$libinit$$00000032) for __rt_lib_init_cpp_1
    libinit.o(.ARM.Collect$$libinit$$00000000) refers (Special) to libinit2.o(.ARM.Collect$$libinit$$00000030) for __rt_lib_init_exceptions_1
    libinit.o(.ARM.Collect$$libinit$$00000000) refers (Special) to libinit2.o(.ARM.Collect$$libinit$$00000001) for __rt_lib_init_fp_1
    libinit.o(.ARM.Collect$$libinit$$00000000) refers (Special) to libinit2.o(.ARM.Collect$$libinit$$0000001F) for __rt_lib_init_fp_trap_1
    libinit.o(.ARM.Collect$$libinit$$00000000) refers (Special) to libinit2.o(.ARM.Collect$$libinit$$00000023) for __rt_lib_init_getenv_1
    libinit.o(.ARM.Collect$$libinit$$00000000) refers (Special) to libinit2.o(.ARM.Collect$$libinit$$0000000A) for __rt_lib_init_heap_1
    libinit.o(.ARM.Collect$$libinit$$00000000) refers (Special) to libinit2.o(.ARM.Collect$$libinit$$00000011) for __rt_lib_init_lc_collate_1
    libinit.o(.ARM.Collect$$libinit$$00000000) refers (Special) to libinit2.o(.ARM.Collect$$libinit$$00000013) for __rt_lib_init_lc_ctype_1
    libinit.o(.ARM.Collect$$libinit$$00000000) refers (Special) to libinit2.o(.ARM.Collect$$libinit$$00000015) for __rt_lib_init_lc_monetary_1
    libinit.o(.ARM.Collect$$libinit$$00000000) refers (Special) to libinit2.o(.ARM.Collect$$libinit$$00000017) for __rt_lib_init_lc_numeric_1
    libinit.o(.ARM.Collect$$libinit$$00000000) refers (Special) to libinit2.o(.ARM.Collect$$libinit$$00000019) for __rt_lib_init_lc_time_1
    libinit.o(.ARM.Collect$$libinit$$00000000) refers (Special) to libinit2.o(.ARM.Collect$$libinit$$00000004) for __rt_lib_init_preinit_1
    libinit.o(.ARM.Collect$$libinit$$00000000) refers (Special) to libinit2.o(.ARM.Collect$$libinit$$0000000E) for __rt_lib_init_rand_1
    libinit.o(.ARM.Collect$$libinit$$00000000) refers (Special) to libinit2.o(.ARM.Collect$$libinit$$00000033) for __rt_lib_init_return
    libinit.o(.ARM.Collect$$libinit$$00000000) refers (Special) to libinit2.o(.ARM.Collect$$libinit$$0000001D) for __rt_lib_init_signal_1
    libinit.o(.ARM.Collect$$libinit$$00000000) refers (Special) to libinit2.o(.ARM.Collect$$libinit$$00000025) for __rt_lib_init_stdio_1
    libinit.o(.ARM.Collect$$libinit$$00000000) refers (Special) to libinit2.o(.ARM.Collect$$libinit$$0000000C) for __rt_lib_init_user_alloc_1
    rtexit.o(.ARM.Collect$$rtexit$$00000000) refers (Special) to rtexit2.o(.ARM.Collect$$rtexit$$00000004) for __rt_exit_exit
    rtexit.o(.ARM.Collect$$rtexit$$00000000) refers (Special) to rtexit2.o(.ARM.Collect$$rtexit$$00000003) for __rt_exit_ls
    rtexit.o(.ARM.Collect$$rtexit$$00000000) refers (Special) to rtexit2.o(.ARM.Collect$$rtexit$$00000002) for __rt_exit_prels_1
    rtexit.o(.ARM.exidx) refers (Special) to rtexit2.o(.ARM.Collect$$rtexit$$00000004) for __rt_exit_exit
    rtexit.o(.ARM.exidx) refers (Special) to rtexit2.o(.ARM.Collect$$rtexit$$00000003) for __rt_exit_ls
    rtexit.o(.ARM.exidx) refers (Special) to rtexit2.o(.ARM.Collect$$rtexit$$00000002) for __rt_exit_prels_1
    rtexit.o(.ARM.exidx) refers to rtexit.o(.ARM.Collect$$rtexit$$00000000) for .ARM.Collect$$rtexit$$00000000
    libinit2.o(.ARM.Collect$$libinit$$00000001) refers to fpinit.o(x$fpl$fpinit) for _fp_init
    libinit2.o(.ARM.Collect$$libinit$$00000010) refers to libinit2.o(.ARM.Collect$$libinit$$0000000F) for .ARM.Collect$$libinit$$0000000F
    libinit2.o(.ARM.Collect$$libinit$$00000012) refers to libinit2.o(.ARM.Collect$$libinit$$0000000F) for .ARM.Collect$$libinit$$0000000F
    libinit2.o(.ARM.Collect$$libinit$$00000014) refers to libinit2.o(.ARM.Collect$$libinit$$0000000F) for .ARM.Collect$$libinit$$0000000F
    libinit2.o(.ARM.Collect$$libinit$$00000016) refers to libinit2.o(.ARM.Collect$$libinit$$0000000F) for .ARM.Collect$$libinit$$0000000F
    libinit2.o(.ARM.Collect$$libinit$$00000018) refers to libinit2.o(.ARM.Collect$$libinit$$0000000F) for .ARM.Collect$$libinit$$0000000F
    libinit2.o(.ARM.Collect$$libinit$$00000026) refers to argv_veneer.o(.emb_text) for __ARM_argv_veneer
    libinit2.o(.ARM.Collect$$libinit$$00000027) refers to argv_veneer.o(.emb_text) for __ARM_argv_veneer
    rtexit2.o(.ARM.Collect$$rtexit$$00000003) refers to libshutdown.o(.ARM.Collect$$libshutdown$$00000000) for __rt_lib_shutdown
    rtexit2.o(.ARM.Collect$$rtexit$$00000004) refers to sys_exit.o(.text) for _sys_exit
    rtexit2.o(.ARM.exidx) refers to rtexit2.o(.ARM.Collect$$rtexit$$00000001) for .ARM.Collect$$rtexit$$00000001
    rtexit2.o(.ARM.exidx) refers to rtexit2.o(.ARM.Collect$$rtexit$$00000003) for .ARM.Collect$$rtexit$$00000003
    rtexit2.o(.ARM.exidx) refers to rtexit2.o(.ARM.Collect$$rtexit$$00000004) for .ARM.Collect$$rtexit$$00000004
    argv_veneer.o(.emb_text) refers to no_argv.o(.text) for __ARM_get_argv
    sys_exit.o(.text) refers (Special) to use_no_semi.o(.text) for __I$use$semihosting
    sys_exit.o(.text) refers (Special) to indicate_semi.o(.text) for __semihosting_library_function
    _get_argv_nomalloc.o(.text) refers (Special) to hrguard.o(.text) for __heap_region$guard
    _get_argv_nomalloc.o(.text) refers to defsig_rtmem_outer.o(.text) for __rt_SIGRTMEM
    _get_argv_nomalloc.o(.text) refers to sys_command.o(.text) for _sys_command_string
    libshutdown.o(.ARM.Collect$$libshutdown$$00000000) refers (Special) to libshutdown2.o(.ARM.Collect$$libshutdown$$00000002) for __rt_lib_shutdown_cpp_1
    libshutdown.o(.ARM.Collect$$libshutdown$$00000000) refers (Special) to libshutdown2.o(.ARM.Collect$$libshutdown$$00000007) for __rt_lib_shutdown_fp_trap_1
    libshutdown.o(.ARM.Collect$$libshutdown$$00000000) refers (Special) to libshutdown2.o(.ARM.Collect$$libshutdown$$0000000F) for __rt_lib_shutdown_heap_1
    libshutdown.o(.ARM.Collect$$libshutdown$$00000000) refers (Special) to libshutdown2.o(.ARM.Collect$$libshutdown$$00000010) for __rt_lib_shutdown_return
    libshutdown.o(.ARM.Collect$$libshutdown$$00000000) refers (Special) to libshutdown2.o(.ARM.Collect$$libshutdown$$0000000A) for __rt_lib_shutdown_signal_1
    libshutdown.o(.ARM.Collect$$libshutdown$$00000000) refers (Special) to libshutdown2.o(.ARM.Collect$$libshutdown$$00000004) for __rt_lib_shutdown_stdio_1
    libshutdown.o(.ARM.Collect$$libshutdown$$00000000) refers (Special) to libshutdown2.o(.ARM.Collect$$libshutdown$$0000000C) for __rt_lib_shutdown_user_alloc_1
    sys_command.o(.text) refers (Special) to use_no_semi.o(.text) for __I$use$semihosting
    sys_command.o(.text) refers (Special) to indicate_semi.o(.text) for __semihosting_library_function
    defsig_rtmem_outer.o(.text) refers to defsig_rtmem_inner.o(.text) for __rt_SIGRTMEM_inner
    defsig_rtmem_outer.o(.text) refers to defsig_exit.o(.text) for __sig_exit
    defsig_rtmem_formal.o(.text) refers to rt_raise.o(.text) for __rt_raise
    rt_raise.o(.text) refers to __raise.o(.text) for __raise
    rt_raise.o(.text) refers to sys_exit.o(.text) for _sys_exit
    defsig_exit.o(.text) refers to sys_exit.o(.text) for _sys_exit
    defsig_rtmem_inner.o(.text) refers to defsig_general.o(.text) for __default_signal_display
    __raise.o(.text) refers to defsig.o(CL$$defsig) for __default_signal_handler
    defsig_general.o(.text) refers to sys_wrch.o(.text) for _ttywrch
    sys_wrch.o(.text) refers (Special) to use_no_semi.o(.text) for __I$use$semihosting
    sys_wrch.o(.text) refers (Special) to indicate_semi.o(.text) for __semihosting_library_function
    defsig.o(CL$$defsig) refers to defsig_rtmem_inner.o(.text) for __rt_SIGRTMEM_inner
    defsig_abrt_inner.o(.text) refers to defsig_general.o(.text) for __default_signal_display
    defsig_fpe_inner.o(.text) refers to defsig_general.o(.text) for __default_signal_display
    defsig_rtred_inner.o(.text) refers to defsig_general.o(.text) for __default_signal_display
    defsig_stak_inner.o(.text) refers to defsig_general.o(.text) for __default_signal_display
    defsig_pvfn_inner.o(.text) refers to defsig_general.o(.text) for __default_signal_display
    defsig_cppl_inner.o(.text) refers to defsig_general.o(.text) for __default_signal_display
    defsig_segv_inner.o(.text) refers to defsig_general.o(.text) for __default_signal_display
    defsig_other.o(.text) refers to defsig_general.o(.text) for __default_signal_display


==============================================================================

Removing Unused input sections from the image.

    Removing main.o(.rev16_text), (4 bytes).
    Removing main.o(.revsh_text), (4 bytes).
    Removing main.o(.rrx_text), (6 bytes).
    Removing main.o(.conststring), (89 bytes).
    Removing main.o(.data), (36 bytes).
    Removing uartstdio.o(i.UARTgetc), (24 bytes).
    Removing uartstdio.o(i.UARTgets), (156 bytes).
    Removing i2c.o(i.I2CFIFODataGet), (22 bytes).
    Removing i2c.o(i.I2CFIFODataGetNonBlocking), (26 bytes).
    Removing i2c.o(i.I2CFIFODataPut), (20 bytes).
    Removing i2c.o(i.I2CFIFODataPutNonBlocking), (24 bytes).
    Removing i2c.o(i.I2CFIFOStatus), (8 bytes).
    Removing i2c.o(i.I2CIntRegister), (30 bytes).
    Removing i2c.o(i.I2CIntUnregister), (26 bytes).
    Removing i2c.o(i.I2CLoopbackEnable), (10 bytes).
    Removing i2c.o(i.I2CMasterBurstCountGet), (6 bytes).
    Removing i2c.o(i.I2CMasterBurstLengthSet), (4 bytes).
    Removing i2c.o(i.I2CMasterBusBusy), (18 bytes).
    Removing i2c.o(i.I2CMasterBusy), (18 bytes).
    Removing i2c.o(i.I2CMasterControl), (4 bytes).
    Removing i2c.o(i.I2CMasterDataGet), (6 bytes).
    Removing i2c.o(i.I2CMasterDataPut), (4 bytes).
    Removing i2c.o(i.I2CMasterDisable), (10 bytes).
    Removing i2c.o(i.I2CMasterEnable), (10 bytes).
    Removing i2c.o(i.I2CMasterErr), (30 bytes).
    Removing i2c.o(i.I2CMasterGlitchFilterConfigSet), (68 bytes).
    Removing i2c.o(i.I2CMasterInitExpClk), (92 bytes).
    Removing i2c.o(i.I2CMasterIntClear), (8 bytes).
    Removing i2c.o(i.I2CMasterIntClearEx), (4 bytes).
    Removing i2c.o(i.I2CMasterIntDisable), (6 bytes).
    Removing i2c.o(i.I2CMasterIntDisableEx), (8 bytes).
    Removing i2c.o(i.I2CMasterIntEnable), (6 bytes).
    Removing i2c.o(i.I2CMasterIntEnableEx), (8 bytes).
    Removing i2c.o(i.I2CMasterIntStatus), (28 bytes).
    Removing i2c.o(i.I2CMasterIntStatusEx), (12 bytes).
    Removing i2c.o(i.I2CMasterLineStateGet), (6 bytes).
    Removing i2c.o(i.I2CMasterSlaveAddrSet), (8 bytes).
    Removing i2c.o(i.I2CMasterTimeoutSet), (4 bytes).
    Removing i2c.o(i.I2CRxFIFOConfigSet), (22 bytes).
    Removing i2c.o(i.I2CRxFIFOFlush), (14 bytes).
    Removing i2c.o(i.I2CSlaveACKOverride), (30 bytes).
    Removing i2c.o(i.I2CSlaveACKValueSet), (30 bytes).
    Removing i2c.o(i.I2CSlaveAddressSet), (28 bytes).
    Removing i2c.o(i.I2CSlaveDataPut), (6 bytes).
    Removing i2c.o(i.I2CSlaveDisable), (16 bytes).
    Removing i2c.o(i.I2CSlaveFIFODisable), (8 bytes).
    Removing i2c.o(i.I2CSlaveFIFOEnable), (10 bytes).
    Removing i2c.o(i.I2CSlaveIntClearEx), (6 bytes).
    Removing i2c.o(i.I2CSlaveIntDisable), (14 bytes).
    Removing i2c.o(i.I2CSlaveIntDisableEx), (12 bytes).
    Removing i2c.o(i.I2CSlaveIntStatus), (32 bytes).
    Removing i2c.o(i.I2CSlaveIntStatusEx), (16 bytes).
    Removing i2c.o(i.I2CSlaveStatus), (8 bytes).
    Removing i2c.o(i.I2CTxFIFOConfigSet), (24 bytes).
    Removing i2c.o(i.I2CTxFIFOFlush), (14 bytes).
    Removing i2c.o(i._I2CIntNumberGet), (76 bytes).
    Removing i2c.o(.constdata), (128 bytes).
    Removing sysctl.o(.emb_text), (6 bytes).
    Removing sysctl.o(i.SysCtlAltClkConfig), (12 bytes).
    Removing sysctl.o(i.SysCtlClockFreqSet), (668 bytes).
    Removing sysctl.o(i.SysCtlClockGet), (364 bytes).
    Removing sysctl.o(i.SysCtlClockOutConfig), (16 bytes).
    Removing sysctl.o(i.SysCtlClockSet), (300 bytes).
    Removing sysctl.o(i.SysCtlDeepSleep), (36 bytes).
    Removing sysctl.o(i.SysCtlDeepSleepClockConfigSet), (124 bytes).
    Removing sysctl.o(i.SysCtlDeepSleepClockSet), (12 bytes).
    Removing sysctl.o(i.SysCtlDeepSleepPowerSet), (12 bytes).
    Removing sysctl.o(i.SysCtlFlashSectorSizeGet), (52 bytes).
    Removing sysctl.o(i.SysCtlFlashSizeGet), (56 bytes).
    Removing sysctl.o(i.SysCtlGPIOAHBDisable), (24 bytes).
    Removing sysctl.o(i.SysCtlGPIOAHBEnable), (24 bytes).
    Removing sysctl.o(i.SysCtlIntClear), (12 bytes).
    Removing sysctl.o(i.SysCtlIntDisable), (16 bytes).
    Removing sysctl.o(i.SysCtlIntEnable), (16 bytes).
    Removing sysctl.o(i.SysCtlIntRegister), (20 bytes).
    Removing sysctl.o(i.SysCtlIntStatus), (20 bytes).
    Removing sysctl.o(i.SysCtlIntUnregister), (16 bytes).
    Removing sysctl.o(i.SysCtlLDODeepSleepGet), (12 bytes).
    Removing sysctl.o(i.SysCtlLDODeepSleepSet), (12 bytes).
    Removing sysctl.o(i.SysCtlLDOSleepGet), (12 bytes).
    Removing sysctl.o(i.SysCtlLDOSleepSet), (12 bytes).
    Removing sysctl.o(i.SysCtlMOSCConfigSet), (12 bytes).
    Removing sysctl.o(i.SysCtlNMIClear), (16 bytes).
    Removing sysctl.o(i.SysCtlNMIStatus), (12 bytes).
    Removing sysctl.o(i.SysCtlPIOSCCalibrate), (92 bytes).
    Removing sysctl.o(i.SysCtlPWMClockGet), (28 bytes).
    Removing sysctl.o(i.SysCtlPWMClockSet), (20 bytes).
    Removing sysctl.o(i.SysCtlPeripheralClockGating), (96 bytes).
    Removing sysctl.o(i.SysCtlPeripheralDeepSleepDisable), (52 bytes).
    Removing sysctl.o(i.SysCtlPeripheralDeepSleepEnable), (52 bytes).
    Removing sysctl.o(i.SysCtlPeripheralDisable), (52 bytes).
    Removing sysctl.o(i.SysCtlPeripheralPowerOff), (52 bytes).
    Removing sysctl.o(i.SysCtlPeripheralPowerOn), (52 bytes).
    Removing sysctl.o(i.SysCtlPeripheralPresent), (56 bytes).
    Removing sysctl.o(i.SysCtlPeripheralReady), (56 bytes).
    Removing sysctl.o(i.SysCtlPeripheralReset), (112 bytes).
    Removing sysctl.o(i.SysCtlPeripheralSleepDisable), (52 bytes).
    Removing sysctl.o(i.SysCtlPeripheralSleepEnable), (52 bytes).
    Removing sysctl.o(i.SysCtlReset), (20 bytes).
    Removing sysctl.o(i.SysCtlResetBehaviorGet), (12 bytes).
    Removing sysctl.o(i.SysCtlResetBehaviorSet), (12 bytes).
    Removing sysctl.o(i.SysCtlResetCauseClear), (16 bytes).
    Removing sysctl.o(i.SysCtlResetCauseGet), (12 bytes).
    Removing sysctl.o(i.SysCtlSRAMSizeGet), (16 bytes).
    Removing sysctl.o(i.SysCtlSleep), (8 bytes).
    Removing sysctl.o(i.SysCtlSleepPowerSet), (12 bytes).
    Removing sysctl.o(i.SysCtlUSBPLLDisable), (20 bytes).
    Removing sysctl.o(i.SysCtlUSBPLLEnable), (20 bytes).
    Removing sysctl.o(i.SysCtlVCOGet), (148 bytes).
    Removing sysctl.o(i.SysCtlVoltageEventClear), (16 bytes).
    Removing sysctl.o(i.SysCtlVoltageEventConfig), (12 bytes).
    Removing sysctl.o(i.SysCtlVoltageEventStatus), (12 bytes).
    Removing sysctl.o(i._SysCtlFrequencyGet), (100 bytes).
    Removing sysctl.o(i._SysCtlMemTimingGet), (40 bytes).
    Removing sysctl.o(.constdata), (596 bytes).
    Removing uart.o(i.UART9BitAddrSend), (44 bytes).
    Removing uart.o(i.UART9BitAddrSet), (10 bytes).
    Removing uart.o(i.UART9BitDisable), (14 bytes).
    Removing uart.o(i.UART9BitEnable), (14 bytes).
    Removing uart.o(i.UARTBreakCtl), (20 bytes).
    Removing uart.o(i.UARTBusy), (10 bytes).
    Removing uart.o(i.UARTCharGet), (18 bytes).
    Removing uart.o(i.UARTCharGetNonBlocking), (20 bytes).
    Removing uart.o(i.UARTCharPut), (16 bytes).
    Removing uart.o(i.UARTCharPutNonBlocking), (20 bytes).
    Removing uart.o(i.UARTCharsAvail), (12 bytes).
    Removing uart.o(i.UARTClockSourceGet), (8 bytes).
    Removing uart.o(i.UARTConfigGetExpClk), (44 bytes).
    Removing uart.o(i.UARTConfigSetExpClk), (76 bytes).
    Removing uart.o(i.UARTDMADisable), (8 bytes).
    Removing uart.o(i.UARTDMAEnable), (8 bytes).
    Removing uart.o(i.UARTDisable), (32 bytes).
    Removing uart.o(i.UARTDisableSIR), (10 bytes).
    Removing uart.o(i.UARTEnable), (20 bytes).
    Removing uart.o(i.UARTEnableSIR), (22 bytes).
    Removing uart.o(i.UARTFIFODisable), (10 bytes).
    Removing uart.o(i.UARTFIFOEnable), (10 bytes).
    Removing uart.o(i.UARTFIFOLevelGet), (18 bytes).
    Removing uart.o(i.UARTFIFOLevelSet), (8 bytes).
    Removing uart.o(i.UARTFlowControlGet), (10 bytes).
    Removing uart.o(i.UARTFlowControlSet), (12 bytes).
    Removing uart.o(i.UARTIntClear), (4 bytes).
    Removing uart.o(i.UARTIntDisable), (8 bytes).
    Removing uart.o(i.UARTIntEnable), (8 bytes).
    Removing uart.o(i.UARTIntRegister), (30 bytes).
    Removing uart.o(i.UARTIntStatus), (12 bytes).
    Removing uart.o(i.UARTIntUnregister), (26 bytes).
    Removing uart.o(i.UARTLoopbackEnable), (10 bytes).
    Removing uart.o(i.UARTModemControlClear), (12 bytes).
    Removing uart.o(i.UARTModemControlGet), (10 bytes).
    Removing uart.o(i.UARTModemControlSet), (12 bytes).
    Removing uart.o(i.UARTModemStatusGet), (12 bytes).
    Removing uart.o(i.UARTParityModeGet), (10 bytes).
    Removing uart.o(i.UARTParityModeSet), (12 bytes).
    Removing uart.o(i.UARTRxErrorClear), (6 bytes).
    Removing uart.o(i.UARTRxErrorGet), (10 bytes).
    Removing uart.o(i.UARTSmartCardDisable), (10 bytes).
    Removing uart.o(i.UARTSmartCardEnable), (22 bytes).
    Removing uart.o(i.UARTSpaceAvail), (12 bytes).
    Removing uart.o(i.UARTTxIntModeGet), (10 bytes).
    Removing uart.o(i.UARTTxIntModeSet), (12 bytes).
    Removing uart.o(i._UARTIntNumberGet), (76 bytes).
    Removing uart.o(.constdata), (128 bytes).
    Removing adc1.o(.rev16_text), (4 bytes).
    Removing adc1.o(.revsh_text), (4 bytes).
    Removing adc1.o(.rrx_text), (6 bytes).
    Removing basics.o(.rev16_text), (4 bytes).
    Removing basics.o(.revsh_text), (4 bytes).
    Removing basics.o(.rrx_text), (6 bytes).
    Removing basics.o(i.delay_ms), (64 bytes).
    Removing i2cdriver.o(.rev16_text), (4 bytes).
    Removing i2cdriver.o(.revsh_text), (4 bytes).
    Removing i2cdriver.o(.rrx_text), (6 bytes).
    Removing i2cdriver.o(i.i2c0Enable), (300 bytes).
    Removing i2cdriver.o(i.i2c0GotoSlaveMode), (44 bytes).
    Removing i2cdriver.o(i.i2c0SendMaster), (60 bytes).
    Removing i2cdriver.o(i.i2c0SendMasterMultiBytes), (164 bytes).
    Removing i2cdriver.o(i.i2c0SlaveReceive), (76 bytes).
    Removing i2cdriver.o(i.i2c1SendMasterMultiBytes), (164 bytes).
    Removing i2cdriver.o(i.i2c1SlaveReceive), (76 bytes).
    Removing i2cdriver.o(i.i2c2Enable), (300 bytes).
    Removing i2cdriver.o(i.i2c2GotoSlaveMode), (44 bytes).
    Removing i2cdriver.o(i.i2c2SendMaster), (60 bytes).
    Removing i2cdriver.o(i.i2c2SendMasterMultiBytes), (164 bytes).
    Removing i2cdriver.o(i.i2c2SlaveReceive), (76 bytes).
    Removing i2cdriver.o(i.i2c3Enable), (300 bytes).
    Removing i2cdriver.o(i.i2c3GotoSlaveMode), (44 bytes).
    Removing i2cdriver.o(i.i2c3SendMaster), (60 bytes).
    Removing i2cdriver.o(i.i2c3SendMasterMultiBytes), (164 bytes).
    Removing i2cdriver.o(i.i2c3SlaveReceive), (76 bytes).
    Removing node.o(.rev16_text), (4 bytes).
    Removing node.o(.revsh_text), (4 bytes).
    Removing node.o(.rrx_text), (6 bytes).
    Removing node.o(i.getAngle), (98 bytes).
    Removing node.o(i.getLength), (104 bytes).
    Removing node.o(i.moveStepHorizontally), (44 bytes).
    Removing node.o(i.moveStepVertically), (44 bytes).
    Removing node.o(i.sendPosition), (30 bytes).
    Removing timeouttimer.o(.rev16_text), (4 bytes).
    Removing timeouttimer.o(.revsh_text), (4 bytes).
    Removing timeouttimer.o(.rrx_text), (6 bytes).
    Removing system_tm4c123.o(.rev16_text), (4 bytes).
    Removing system_tm4c123.o(.revsh_text), (4 bytes).
    Removing system_tm4c123.o(.rrx_text), (6 bytes).
    Removing system_tm4c123.o(i.SystemCoreClockUpdate), (196 bytes).
    Removing system_tm4c123.o(i.getOscClk), (244 bytes).
    Removing cpu.o(.emb_text), (38 bytes).
    Removing gpio.o(i.GPIOADCTriggerDisable), (14 bytes).
    Removing gpio.o(i.GPIOADCTriggerEnable), (12 bytes).
    Removing gpio.o(i.GPIODMATriggerDisable), (14 bytes).
    Removing gpio.o(i.GPIODMATriggerEnable), (12 bytes).
    Removing gpio.o(i.GPIODirModeGet), (34 bytes).
    Removing gpio.o(i.GPIOIntClear), (6 bytes).
    Removing gpio.o(i.GPIOIntDisable), (14 bytes).
    Removing gpio.o(i.GPIOIntEnable), (12 bytes).
    Removing gpio.o(i.GPIOIntRegister), (88 bytes).
    Removing gpio.o(i.GPIOIntStatus), (14 bytes).
    Removing gpio.o(i.GPIOIntTypeGet), (68 bytes).
    Removing gpio.o(i.GPIOIntTypeSet), (80 bytes).
    Removing gpio.o(i.GPIOIntUnregister), (88 bytes).
    Removing gpio.o(i.GPIOPadConfigGet), (204 bytes).
    Removing gpio.o(i.GPIOPinRead), (6 bytes).
    Removing gpio.o(i.GPIOPinTypeADC), (28 bytes).
    Removing gpio.o(i.GPIOPinTypeCAN), (28 bytes).
    Removing gpio.o(i.GPIOPinTypeComparator), (28 bytes).
    Removing gpio.o(i.GPIOPinTypeComparatorOutput), (28 bytes).
    Removing gpio.o(i.GPIOPinTypeDIVSCLK), (28 bytes).
    Removing gpio.o(i.GPIOPinTypeEPI), (28 bytes).
    Removing gpio.o(i.GPIOPinTypeEthernetLED), (28 bytes).
    Removing gpio.o(i.GPIOPinTypeEthernetMII), (28 bytes).
    Removing gpio.o(i.GPIOPinTypeGPIOInput), (28 bytes).
    Removing gpio.o(i.GPIOPinTypeGPIOOutput), (28 bytes).
    Removing gpio.o(i.GPIOPinTypeGPIOOutputOD), (28 bytes).
    Removing gpio.o(i.GPIOPinTypeHibernateRTCCLK), (28 bytes).
    Removing gpio.o(i.GPIOPinTypeI2C), (28 bytes).
    Removing gpio.o(i.GPIOPinTypeI2CSCL), (28 bytes).
    Removing gpio.o(i.GPIOPinTypeLCD), (28 bytes).
    Removing gpio.o(i.GPIOPinTypeOneWire), (28 bytes).
    Removing gpio.o(i.GPIOPinTypePWM), (28 bytes).
    Removing gpio.o(i.GPIOPinTypeQEI), (28 bytes).
    Removing gpio.o(i.GPIOPinTypeSSI), (28 bytes).
    Removing gpio.o(i.GPIOPinTypeTimer), (28 bytes).
    Removing gpio.o(i.GPIOPinTypeTrace), (28 bytes).
    Removing gpio.o(i.GPIOPinTypeUSBAnalog), (28 bytes).
    Removing gpio.o(i.GPIOPinTypeUSBDigital), (28 bytes).
    Removing gpio.o(i.GPIOPinTypeWakeHigh), (30 bytes).
    Removing gpio.o(i.GPIOPinTypeWakeLow), (30 bytes).
    Removing gpio.o(i.GPIOPinWakeStatus), (6 bytes).
    Removing gpio.o(i.GPIOPinWrite), (6 bytes).
    Removing interrupt.o(i.IntDisable), (100 bytes).
    Removing interrupt.o(i.IntIsEnabled), (96 bytes).
    Removing interrupt.o(i.IntMasterDisable), (14 bytes).
    Removing interrupt.o(i.IntMasterEnable), (14 bytes).
    Removing interrupt.o(i.IntPendClear), (68 bytes).
    Removing interrupt.o(i.IntPendSet), (84 bytes).
    Removing interrupt.o(i.IntPriorityGet), (28 bytes).
    Removing interrupt.o(i.IntPriorityGroupingGet), (36 bytes).
    Removing interrupt.o(i.IntPriorityGroupingSet), (28 bytes).
    Removing interrupt.o(i.IntPriorityMaskGet), (4 bytes).
    Removing interrupt.o(i.IntPriorityMaskSet), (4 bytes).
    Removing interrupt.o(i.IntPrioritySet), (40 bytes).
    Removing interrupt.o(i.IntRegister), (52 bytes).
    Removing interrupt.o(i.IntTrigger), (12 bytes).
    Removing interrupt.o(i.IntUnregister), (20 bytes).
    Removing interrupt.o(i._IntDefaultHandler), (2 bytes).
    Removing interrupt.o(vtable), (620 bytes).

266 unused section(s) (total 11805 bytes) removed from the image.

==============================================================================

Image Symbol Table

    Local Symbols

    Symbol Name                              Value     Ov Type        Size  Object(Section)

    RESET                                    0x00000000   Section      620  startup_tm4c123.o(RESET)
    ../clib/angel/boardlib.s                 0x00000000   Number         0  boardinit3.o ABSOLUTE
    ../clib/angel/boardlib.s                 0x00000000   Number         0  boardinit1.o ABSOLUTE
    ../clib/angel/boardlib.s                 0x00000000   Number         0  boardinit2.o ABSOLUTE
    ../clib/angel/boardlib.s                 0x00000000   Number         0  boardshut.o ABSOLUTE
    ../clib/angel/handlers.s                 0x00000000   Number         0  __scatter_copy.o ABSOLUTE
    ../clib/angel/handlers.s                 0x00000000   Number         0  __scatter_zi.o ABSOLUTE
    ../clib/angel/kernel.s                   0x00000000   Number         0  rtexit.o ABSOLUTE
    ../clib/angel/kernel.s                   0x00000000   Number         0  rtexit2.o ABSOLUTE
    ../clib/angel/kernel.s                   0x00000000   Number         0  __rtentry2.o ABSOLUTE
    ../clib/angel/kernel.s                   0x00000000   Number         0  __rtentry4.o ABSOLUTE
    ../clib/angel/kernel.s                   0x00000000   Number         0  __rtentry.o ABSOLUTE
    ../clib/angel/rt.s                       0x00000000   Number         0  rt_errno_addr_intlibspace.o ABSOLUTE
    ../clib/angel/rt.s                       0x00000000   Number         0  rt_raise.o ABSOLUTE
    ../clib/angel/rt.s                       0x00000000   Number         0  rt_errno_addr.o ABSOLUTE
    ../clib/angel/scatter.s                  0x00000000   Number         0  __scatter.o ABSOLUTE
    ../clib/angel/startup.s                  0x00000000   Number         0  __main.o ABSOLUTE
    ../clib/angel/sys.s                      0x00000000   Number         0  sys_stackheap_outer.o ABSOLUTE
    ../clib/angel/sys.s                      0x00000000   Number         0  use_no_semi.o ABSOLUTE
    ../clib/angel/sys.s                      0x00000000   Number         0  indicate_semi.o ABSOLUTE
    ../clib/angel/sys.s                      0x00000000   Number         0  libspace.o ABSOLUTE
    ../clib/angel/sysapp.c                   0x00000000   Number         0  sys_exit.o ABSOLUTE
    ../clib/angel/sysapp.c                   0x00000000   Number         0  sys_wrch.o ABSOLUTE
    ../clib/angel/sysapp.c                   0x00000000   Number         0  sys_command.o ABSOLUTE
    ../clib/armsys.c                         0x00000000   Number         0  argv_veneer.o ABSOLUTE
    ../clib/armsys.c                         0x00000000   Number         0  argv_veneer.o ABSOLUTE
    ../clib/armsys.c                         0x00000000   Number         0  no_argv.o ABSOLUTE
    ../clib/armsys.c                         0x00000000   Number         0  _get_argv_nomalloc.o ABSOLUTE
    ../clib/fenv.c                           0x00000000   Number         0  _rserrno.o ABSOLUTE
    ../clib/heapalloc.c                      0x00000000   Number         0  hrguard.o ABSOLUTE
    ../clib/heapaux.c                        0x00000000   Number         0  heapauxi.o ABSOLUTE
    ../clib/libinit.s                        0x00000000   Number         0  libinit.o ABSOLUTE
    ../clib/libinit.s                        0x00000000   Number         0  libinit2.o ABSOLUTE
    ../clib/libinit.s                        0x00000000   Number         0  libshutdown2.o ABSOLUTE
    ../clib/libinit.s                        0x00000000   Number         0  libshutdown.o ABSOLUTE
    ../clib/signal.c                         0x00000000   Number         0  defsig_cppl_inner.o ABSOLUTE
    ../clib/signal.c                         0x00000000   Number         0  defsig_rtred_inner.o ABSOLUTE
    ../clib/signal.c                         0x00000000   Number         0  defsig_fpe_inner.o ABSOLUTE
    ../clib/signal.c                         0x00000000   Number         0  defsig_abrt_inner.o ABSOLUTE
    ../clib/signal.c                         0x00000000   Number         0  __raise.o ABSOLUTE
    ../clib/signal.c                         0x00000000   Number         0  defsig_general.o ABSOLUTE
    ../clib/signal.c                         0x00000000   Number         0  defsig_rtmem_formal.o ABSOLUTE
    ../clib/signal.c                         0x00000000   Number         0  defsig_rtmem_inner.o ABSOLUTE
    ../clib/signal.c                         0x00000000   Number         0  defsig_exit.o ABSOLUTE
    ../clib/signal.c                         0x00000000   Number         0  defsig_stak_inner.o ABSOLUTE
    ../clib/signal.c                         0x00000000   Number         0  defsig_other.o ABSOLUTE
    ../clib/signal.c                         0x00000000   Number         0  defsig_segv_inner.o ABSOLUTE
    ../clib/signal.c                         0x00000000   Number         0  defsig_pvfn_inner.o ABSOLUTE
    ../clib/signal.c                         0x00000000   Number         0  defsig_rtmem_outer.o ABSOLUTE
    ../clib/signal.s                         0x00000000   Number         0  defsig.o ABSOLUTE
    ../clib/stdlib.c                         0x00000000   Number         0  exit.o ABSOLUTE
    ../fplib/basic.s                         0x00000000   Number         0  basic.o ABSOLUTE
    ../fplib/d2f.s                           0x00000000   Number         0  d2f.o ABSOLUTE
    ../fplib/daddsub.s                       0x00000000   Number         0  daddsub_clz.o ABSOLUTE
    ../fplib/ddiv.s                          0x00000000   Number         0  ddiv.o ABSOLUTE
    ../fplib/dfix.s                          0x00000000   Number         0  dfix.o ABSOLUTE
    ../fplib/dflt.s                          0x00000000   Number         0  dflt_clz.o ABSOLUTE
    ../fplib/dmul.s                          0x00000000   Number         0  dmul.o ABSOLUTE
    ../fplib/dnaninf.s                       0x00000000   Number         0  dnaninf.o ABSOLUTE
    ../fplib/dretinf.s                       0x00000000   Number         0  dretinf.o ABSOLUTE
    ../fplib/f2d.s                           0x00000000   Number         0  f2d.o ABSOLUTE
    ../fplib/fnaninf.s                       0x00000000   Number         0  fnaninf.o ABSOLUTE
    ../fplib/fpinit.s                        0x00000000   Number         0  fpinit.o ABSOLUTE
    ../fplib/fretinf.s                       0x00000000   Number         0  fretinf.o ABSOLUTE
    ../fplib/usenofp.s                       0x00000000   Number         0  usenofp.o ABSOLUTE
    ../mathlib/atan.c                        0x00000000   Number         0  atan.o ABSOLUTE
    ../mathlib/atan.c                        0x00000000   Number         0  atan_x.o ABSOLUTE
    ../mathlib/atan2.c                       0x00000000   Number         0  atan2.o ABSOLUTE
    ../mathlib/atan2.c                       0x00000000   Number         0  atan2_x.o ABSOLUTE
    ../mathlib/dunder.c                      0x00000000   Number         0  dunder.o ABSOLUTE
    ../mathlib/fabs.c                        0x00000000   Number         0  fabs.o ABSOLUTE
    ../mathlib/fpclassify.c                  0x00000000   Number         0  fpclassify.o ABSOLUTE
    ../mathlib/poly.c                        0x00000000   Number         0  poly.o ABSOLUTE
    ../mathlib/qnan.c                        0x00000000   Number         0  qnan.o ABSOLUTE
    ../mathlib/rred.c                        0x00000000   Number         0  rred.o ABSOLUTE
    ../mathlib/tan.c                         0x00000000   Number         0  tan_x.o ABSOLUTE
    ../mathlib/tan.c                         0x00000000   Number         0  tan.o ABSOLUTE
    ../mathlib/tan_i.c                       0x00000000   Number         0  tan_i_x.o ABSOLUTE
    ../mathlib/tan_i.c                       0x00000000   Number         0  tan_i.o ABSOLUTE
    RTE\Device\TM4C123GH6PM\startup_TM4C123.s 0x00000000   Number         0  startup_tm4c123.o ABSOLUTE
    RTE\Device\TM4C123GH6PM\system_TM4C123.c 0x00000000   Number         0  system_tm4c123.o ABSOLUTE
    RTE\\Device\\TM4C123GH6PM\\system_TM4C123.c 0x00000000   Number         0  system_tm4c123.o ABSOLUTE
    cpu.c                                    0x00000000   Number         0  cpu.o ABSOLUTE
    cpu.c                                    0x00000000   Number         0  cpu.o ABSOLUTE
    dc.s                                     0x00000000   Number         0  dc.o ABSOLUTE
    driverlib\\sysctl.c                      0x00000000   Number         0  sysctl.o ABSOLUTE
    driverlib\i2c.c                          0x00000000   Number         0  i2c.o ABSOLUTE
    driverlib\sysctl.c                       0x00000000   Number         0  sysctl.o ABSOLUTE
    driverlib\uart.c                         0x00000000   Number         0  uart.o ABSOLUTE
    gpio.c                                   0x00000000   Number         0  gpio.o ABSOLUTE
    interrupt.c                              0x00000000   Number         0  interrupt.o ABSOLUTE
    main.c                                   0x00000000   Number         0  main.o ABSOLUTE
    main.c                                   0x00000000   Number         0  main.o ABSOLUTE
    node.c                                   0x00000000   Number         0  node.o ABSOLUTE
    node.c                                   0x00000000   Number         0  node.o ABSOLUTE
    source\ADC1.c                            0x00000000   Number         0  adc1.o ABSOLUTE
    source\Basics.c                          0x00000000   Number         0  basics.o ABSOLUTE
    source\\ADC1.c                           0x00000000   Number         0  adc1.o ABSOLUTE
    source\\Basics.c                         0x00000000   Number         0  basics.o ABSOLUTE
    source\\i2cdriver.c                      0x00000000   Number         0  i2cdriver.o ABSOLUTE
    source\i2cdriver.c                       0x00000000   Number         0  i2cdriver.o ABSOLUTE
    timeouttimer.c                           0x00000000   Number         0  timeouttimer.o ABSOLUTE
    timeouttimer.c                           0x00000000   Number         0  timeouttimer.o ABSOLUTE
    utils\uartstdio.c                        0x00000000   Number         0  uartstdio.o ABSOLUTE
    !!!main                                  0x0000026c   Section        8  __main.o(!!!main)
    !!!scatter                               0x00000274   Section       52  __scatter.o(!!!scatter)
    !!handler_copy                           0x000002a8   Section       26  __scatter_copy.o(!!handler_copy)
    !!handler_zi                             0x000002c4   Section       28  __scatter_zi.o(!!handler_zi)
    .ARM.Collect$$libinit$$00000000          0x000002e0   Section        2  libinit.o(.ARM.Collect$$libinit$$00000000)
    .ARM.Collect$$libinit$$00000001          0x000002e2   Section        4  libinit2.o(.ARM.Collect$$libinit$$00000001)
    .ARM.Collect$$libinit$$00000004          0x000002e6   Section        0  libinit2.o(.ARM.Collect$$libinit$$00000004)
    .ARM.Collect$$libinit$$0000000A          0x000002e6   Section        0  libinit2.o(.ARM.Collect$$libinit$$0000000A)
    .ARM.Collect$$libinit$$0000000C          0x000002e6   Section        0  libinit2.o(.ARM.Collect$$libinit$$0000000C)
    .ARM.Collect$$libinit$$0000000E          0x000002e6   Section        0  libinit2.o(.ARM.Collect$$libinit$$0000000E)
    .ARM.Collect$$libinit$$00000011          0x000002e6   Section        0  libinit2.o(.ARM.Collect$$libinit$$00000011)
    .ARM.Collect$$libinit$$00000013          0x000002e6   Section        0  libinit2.o(.ARM.Collect$$libinit$$00000013)
    .ARM.Collect$$libinit$$00000015          0x000002e6   Section        0  libinit2.o(.ARM.Collect$$libinit$$00000015)
    .ARM.Collect$$libinit$$00000017          0x000002e6   Section        0  libinit2.o(.ARM.Collect$$libinit$$00000017)
    .ARM.Collect$$libinit$$00000019          0x000002e6   Section        0  libinit2.o(.ARM.Collect$$libinit$$00000019)
    .ARM.Collect$$libinit$$0000001B          0x000002e6   Section        0  libinit2.o(.ARM.Collect$$libinit$$0000001B)
    .ARM.Collect$$libinit$$0000001D          0x000002e6   Section        0  libinit2.o(.ARM.Collect$$libinit$$0000001D)
    .ARM.Collect$$libinit$$0000001F          0x000002e6   Section        0  libinit2.o(.ARM.Collect$$libinit$$0000001F)
    .ARM.Collect$$libinit$$00000021          0x000002e6   Section        0  libinit2.o(.ARM.Collect$$libinit$$00000021)
    .ARM.Collect$$libinit$$00000023          0x000002e6   Section        0  libinit2.o(.ARM.Collect$$libinit$$00000023)
    .ARM.Collect$$libinit$$00000025          0x000002e6   Section        0  libinit2.o(.ARM.Collect$$libinit$$00000025)
    .ARM.Collect$$libinit$$0000002C          0x000002e6   Section        0  libinit2.o(.ARM.Collect$$libinit$$0000002C)
    .ARM.Collect$$libinit$$0000002E          0x000002e6   Section        0  libinit2.o(.ARM.Collect$$libinit$$0000002E)
    .ARM.Collect$$libinit$$00000030          0x000002e6   Section        0  libinit2.o(.ARM.Collect$$libinit$$00000030)
    .ARM.Collect$$libinit$$00000032          0x000002e6   Section        0  libinit2.o(.ARM.Collect$$libinit$$00000032)
    .ARM.Collect$$libinit$$00000033          0x000002e6   Section        2  libinit2.o(.ARM.Collect$$libinit$$00000033)
    .ARM.Collect$$libshutdown$$00000000      0x000002e8   Section        2  libshutdown.o(.ARM.Collect$$libshutdown$$00000000)
    .ARM.Collect$$libshutdown$$00000002      0x000002ea   Section        0  libshutdown2.o(.ARM.Collect$$libshutdown$$00000002)
    .ARM.Collect$$libshutdown$$00000004      0x000002ea   Section        0  libshutdown2.o(.ARM.Collect$$libshutdown$$00000004)
    .ARM.Collect$$libshutdown$$00000007      0x000002ea   Section        0  libshutdown2.o(.ARM.Collect$$libshutdown$$00000007)
    .ARM.Collect$$libshutdown$$0000000A      0x000002ea   Section        0  libshutdown2.o(.ARM.Collect$$libshutdown$$0000000A)
    .ARM.Collect$$libshutdown$$0000000C      0x000002ea   Section        0  libshutdown2.o(.ARM.Collect$$libshutdown$$0000000C)
    .ARM.Collect$$libshutdown$$0000000F      0x000002ea   Section        0  libshutdown2.o(.ARM.Collect$$libshutdown$$0000000F)
    .ARM.Collect$$libshutdown$$00000010      0x000002ea   Section        2  libshutdown2.o(.ARM.Collect$$libshutdown$$00000010)
    .ARM.Collect$$rtentry$$00000000          0x000002ec   Section        0  __rtentry.o(.ARM.Collect$$rtentry$$00000000)
    .ARM.Collect$$rtentry$$00000002          0x000002ec   Section        0  __rtentry2.o(.ARM.Collect$$rtentry$$00000002)
    .ARM.Collect$$rtentry$$00000004          0x000002ec   Section        6  __rtentry4.o(.ARM.Collect$$rtentry$$00000004)
    .ARM.Collect$$rtentry$$00000009          0x000002f2   Section        0  __rtentry2.o(.ARM.Collect$$rtentry$$00000009)
    .ARM.Collect$$rtentry$$0000000A          0x000002f2   Section        4  __rtentry2.o(.ARM.Collect$$rtentry$$0000000A)
    .ARM.Collect$$rtentry$$0000000C          0x000002f6   Section        0  __rtentry2.o(.ARM.Collect$$rtentry$$0000000C)
    .ARM.Collect$$rtentry$$0000000D          0x000002f6   Section        8  __rtentry2.o(.ARM.Collect$$rtentry$$0000000D)
    .ARM.Collect$$rtexit$$00000000           0x000002fe   Section        2  rtexit.o(.ARM.Collect$$rtexit$$00000000)
    .ARM.Collect$$rtexit$$00000002           0x00000300   Section        0  rtexit2.o(.ARM.Collect$$rtexit$$00000002)
    .ARM.Collect$$rtexit$$00000003           0x00000300   Section        4  rtexit2.o(.ARM.Collect$$rtexit$$00000003)
    .ARM.Collect$$rtexit$$00000004           0x00000304   Section        6  rtexit2.o(.ARM.Collect$$rtexit$$00000004)
    .text                                    0x0000030c   Section      276  startup_tm4c123.o(.text)
    $v0                                      0x0000030c   Number         0  startup_tm4c123.o(.text)
    .text                                    0x00000420   Section        0  heapauxi.o(.text)
    .text                                    0x00000428   Section        8  libspace.o(.text)
    .text                                    0x00000430   Section       74  sys_stackheap_outer.o(.text)
    .text                                    0x0000047a   Section        0  exit.o(.text)
    .text                                    0x0000048c   Section        0  sys_exit.o(.text)
    .text                                    0x00000498   Section        2  use_no_semi.o(.text)
    .text                                    0x0000049a   Section        0  indicate_semi.o(.text)
    i.GPIODirModeSet                         0x0000049a   Section        0  gpio.o(i.GPIODirModeSet)
    i.GPIOPadConfigSet                       0x000004c2   Section        0  gpio.o(i.GPIOPadConfigSet)
    i.GPIOPinConfigure                       0x000005fc   Section        0  gpio.o(i.GPIOPinConfigure)
    i.GPIOPinTypeUART                        0x00000640   Section        0  gpio.o(i.GPIOPinTypeUART)
    i.I2C0_Handler                           0x0000065c   Section        0  i2cdriver.o(i.I2C0_Handler)
    i.I2C1_Handler                           0x00000684   Section        0  i2cdriver.o(i.I2C1_Handler)
    i.I2C2_Handler                           0x000006ac   Section        0  i2cdriver.o(i.I2C2_Handler)
    i.I2C3_Handler                           0x000006d4   Section        0  i2cdriver.o(i.I2C3_Handler)
    i.I2CSlaveDataGet                        0x000006fc   Section        0  i2c.o(i.I2CSlaveDataGet)
    i.I2CSlaveEnable                         0x00000704   Section        0  i2c.o(i.I2CSlaveEnable)
    i.I2CSlaveInit                           0x00000714   Section        0  i2c.o(i.I2CSlaveInit)
    i.I2CSlaveIntClear                       0x00000726   Section        0  i2c.o(i.I2CSlaveIntClear)
    i.I2CSlaveIntEnable                      0x0000072e   Section        0  i2c.o(i.I2CSlaveIntEnable)
    i.I2CSlaveIntEnableEx                    0x0000073c   Section        0  i2c.o(i.I2CSlaveIntEnableEx)
    i.InitConsole                            0x00000748   Section        0  main.o(i.InitConsole)
    i.IntEnable                              0x00000794   Section        0  interrupt.o(i.IntEnable)
    i.SysCtlPeripheralEnable                 0x000007f8   Section        0  sysctl.o(i.SysCtlPeripheralEnable)
    i.SystemInit                             0x0000082c   Section        0  system_tm4c123.o(i.SystemInit)
    i.TIMER1A_Handler                        0x000008c4   Section        0  main.o(i.TIMER1A_Handler)
    i.UARTClockSourceSet                     0x000009bc   Section        0  uart.o(i.UARTClockSourceSet)
    i.UARTStdioConfig                        0x000009c4   Section        0  uartstdio.o(i.UARTStdioConfig)
    i.UARTprintf                             0x00000a30   Section        0  uartstdio.o(i.UARTprintf)
    i.UARTvprintf                            0x00000a4c   Section        0  uartstdio.o(i.UARTvprintf)
    i.UARTwrite                              0x00000c9c   Section        0  uartstdio.o(i.UARTwrite)
    i.i2c1Enable                             0x00000cdc   Section        0  i2cdriver.o(i.i2c1Enable)
    i.i2c1GotoSlaveMode                      0x00000e08   Section        0  i2cdriver.o(i.i2c1GotoSlaveMode)
    i.i2c1SendMaster                         0x00000e34   Section        0  i2cdriver.o(i.i2c1SendMaster)
    i.initADC1                               0x00000e74   Section        0  adc1.o(i.initADC1)
    i.initDelayTimer                         0x00000ee8   Section        0  basics.o(i.initDelayTimer)
    i.initSystem                             0x00000f28   Section        0  node.o(i.initSystem)
    i.initTimeOutTimer                       0x00000fac   Section        0  timeouttimer.o(i.initTimeOutTimer)
    i.main                                   0x00000fec   Section        0  main.o(i.main)
    i.moveToHorizontally                     0x00001294   Section        0  node.o(i.moveToHorizontally)
    i.moveToVertically                       0x000012a0   Section        0  node.o(i.moveToVertically)
    i.readADC1                               0x000012ac   Section        0  adc1.o(i.readADC1)
    i.readLDR                                0x000012c4   Section        0  node.o(i.readLDR)
    i.sendData                               0x000012d0   Section        0  node.o(i.sendData)
    i.setState                               0x000012e4   Section        0  node.o(i.setState)
    i.timeOut_ms                             0x000012f0   Section        0  timeouttimer.o(i.timeOut_ms)
    x$fpl$fpinit                             0x00001338   Section       10  fpinit.o(x$fpl$fpinit)
    $v0                                      0x00001338   Number         0  fpinit.o(x$fpl$fpinit)
    .constdata                               0x00001344   Section       28  uartstdio.o(.constdata)
    g_pcHex                                  0x00001344   Data           4  uartstdio.o(.constdata)
    g_ui32UARTBase                           0x00001348   Data          12  uartstdio.o(.constdata)
    g_ui32UARTPeriph                         0x00001354   Data          12  uartstdio.o(.constdata)
    .constdata                               0x00001360   Section      528  gpio.o(.constdata)
    g_ppui32GPIOIntMapBlizzard               0x00001360   Data         192  gpio.o(.constdata)
    g_ppui32GPIOIntMapSnowflake              0x00001420   Data         192  gpio.o(.constdata)
    g_pui32GPIOBaseAddrs                     0x000014e0   Data         144  gpio.o(.constdata)
    .constdata                               0x00001570   Section      268  interrupt.o(.constdata)
    g_pui32Priority                          0x00001570   Data          32  interrupt.o(.constdata)
    g_pui32Regs                              0x00001590   Data         156  interrupt.o(.constdata)
    g_pui32EnRegs                            0x0000162c   Data          20  interrupt.o(.constdata)
    g_pui32Dii16Regs                         0x00001640   Data          20  interrupt.o(.constdata)
    g_pui32PendRegs                          0x00001654   Data          20  interrupt.o(.constdata)
    g_pui32UnpendRegs                        0x00001668   Data          20  interrupt.o(.constdata)
    .conststring                             0x0000167c   Section       17  uartstdio.o(.conststring)
    .data                                    0x20000000   Section        5  uartstdio.o(.data)
    g_ui32Base                               0x20000000   Data           4  uartstdio.o(.data)
    bLastWasCR                               0x20000004   Data           1  uartstdio.o(.data)
    .data                                    0x20000008   Section        4  adc1.o(.data)
    adcResult                                0x20000008   Data           4  adc1.o(.data)
    .data                                    0x2000000c   Section       26  node.o(.data)
    .data                                    0x20000028   Section        4  system_tm4c123.o(.data)
    .bss                                     0x2000002c   Section       96  libspace.o(.bss)
    HEAP                                     0x20000090   Section        0  startup_tm4c123.o(HEAP)
    STACK                                    0x20000090   Section      512  startup_tm4c123.o(STACK)
    Heap_Mem                                 0x20000090   Data           0  startup_tm4c123.o(HEAP)
    Stack_Mem                                0x20000090   Data         512  startup_tm4c123.o(STACK)
    __initial_sp                             0x20000290   Data           0  startup_tm4c123.o(STACK)

    Global Symbols

    Symbol Name                              Value     Ov Type        Size  Object(Section)

    BuildAttributes$$THM_ISAv4$E$P$D$K$B$S$7EM$VFPi3$EXTD16$VFPS$VFMA$PE$A:L22UL41UL21$X:L11$S22US41US21$IEEE1$IW$USESV6$~STKCKD$USESV7$~SHL$OTIME$ROPI$IEEEX$EBA8$UX$STANDARDLIB$REQ8$PRES8$EABIv2 0x00000000   Number         0  anon$$obj.o ABSOLUTE
    __ARM_use_no_argv                        0x00000000   Number         0  main.o ABSOLUTE
    __Vectors                                0x00000000   Data           4  startup_tm4c123.o(RESET)
    __ARM_exceptions_init                     - Undefined Weak Reference
    __alloca_initialize                       - Undefined Weak Reference
    __arm_preinit_                            - Undefined Weak Reference
    __cpp_initialize__aeabi_                  - Undefined Weak Reference
    __cxa_finalize                            - Undefined Weak Reference
    __rt_locale                               - Undefined Weak Reference
    __sigvec_lookup                           - Undefined Weak Reference
    _atexit_init                              - Undefined Weak Reference
    _call_atexit_fns                          - Undefined Weak Reference
    _clock_init                               - Undefined Weak Reference
    _fp_trap_init                             - Undefined Weak Reference
    _fp_trap_shutdown                         - Undefined Weak Reference
    _get_lc_collate                           - Undefined Weak Reference
    _get_lc_ctype                             - Undefined Weak Reference
    _get_lc_monetary                          - Undefined Weak Reference
    _get_lc_numeric                           - Undefined Weak Reference
    _get_lc_time                              - Undefined Weak Reference
    _getenv_init                              - Undefined Weak Reference
    _handle_redirection                       - Undefined Weak Reference
    _init_alloc                               - Undefined Weak Reference
    _init_user_alloc                          - Undefined Weak Reference
    _initio                                   - Undefined Weak Reference
    _rand_init                                - Undefined Weak Reference
    _signal_finish                            - Undefined Weak Reference
    _signal_init                              - Undefined Weak Reference
    _terminate_alloc                          - Undefined Weak Reference
    _terminate_user_alloc                     - Undefined Weak Reference
    _terminateio                              - Undefined Weak Reference
    __Vectors_End                            0x0000026c   Data           0  startup_tm4c123.o(RESET)
    __Vectors_Size                           0x0000026c   Number         0  startup_tm4c123.o ABSOLUTE
    __main                                   0x0000026d   Thumb Code     8  __main.o(!!!main)
    __scatterload                            0x00000275   Thumb Code     0  __scatter.o(!!!scatter)
    __scatterload_rt2                        0x00000275   Thumb Code    44  __scatter.o(!!!scatter)
    __scatterload_rt2_thumb_only             0x00000275   Thumb Code     0  __scatter.o(!!!scatter)
    __scatterload_null                       0x00000283   Thumb Code     0  __scatter.o(!!!scatter)
    __scatterload_copy                       0x000002a9   Thumb Code    26  __scatter_copy.o(!!handler_copy)
    __scatterload_zeroinit                   0x000002c5   Thumb Code    28  __scatter_zi.o(!!handler_zi)
    __rt_lib_init                            0x000002e1   Thumb Code     0  libinit.o(.ARM.Collect$$libinit$$00000000)
    __rt_lib_init_fp_1                       0x000002e3   Thumb Code     0  libinit2.o(.ARM.Collect$$libinit$$00000001)
    __rt_lib_init_alloca_1                   0x000002e7   Thumb Code     0  libinit2.o(.ARM.Collect$$libinit$$0000002E)
    __rt_lib_init_argv_1                     0x000002e7   Thumb Code     0  libinit2.o(.ARM.Collect$$libinit$$0000002C)
    __rt_lib_init_atexit_1                   0x000002e7   Thumb Code     0  libinit2.o(.ARM.Collect$$libinit$$0000001B)
    __rt_lib_init_clock_1                    0x000002e7   Thumb Code     0  libinit2.o(.ARM.Collect$$libinit$$00000021)
    __rt_lib_init_cpp_1                      0x000002e7   Thumb Code     0  libinit2.o(.ARM.Collect$$libinit$$00000032)
    __rt_lib_init_exceptions_1               0x000002e7   Thumb Code     0  libinit2.o(.ARM.Collect$$libinit$$00000030)
    __rt_lib_init_fp_trap_1                  0x000002e7   Thumb Code     0  libinit2.o(.ARM.Collect$$libinit$$0000001F)
    __rt_lib_init_getenv_1                   0x000002e7   Thumb Code     0  libinit2.o(.ARM.Collect$$libinit$$00000023)
    __rt_lib_init_heap_1                     0x000002e7   Thumb Code     0  libinit2.o(.ARM.Collect$$libinit$$0000000A)
    __rt_lib_init_lc_collate_1               0x000002e7   Thumb Code     0  libinit2.o(.ARM.Collect$$libinit$$00000011)
    __rt_lib_init_lc_ctype_1                 0x000002e7   Thumb Code     0  libinit2.o(.ARM.Collect$$libinit$$00000013)
    __rt_lib_init_lc_monetary_1              0x000002e7   Thumb Code     0  libinit2.o(.ARM.Collect$$libinit$$00000015)
    __rt_lib_init_lc_numeric_1               0x000002e7   Thumb Code     0  libinit2.o(.ARM.Collect$$libinit$$00000017)
    __rt_lib_init_lc_time_1                  0x000002e7   Thumb Code     0  libinit2.o(.ARM.Collect$$libinit$$00000019)
    __rt_lib_init_preinit_1                  0x000002e7   Thumb Code     0  libinit2.o(.ARM.Collect$$libinit$$00000004)
    __rt_lib_init_rand_1                     0x000002e7   Thumb Code     0  libinit2.o(.ARM.Collect$$libinit$$0000000E)
    __rt_lib_init_return                     0x000002e7   Thumb Code     0  libinit2.o(.ARM.Collect$$libinit$$00000033)
    __rt_lib_init_signal_1                   0x000002e7   Thumb Code     0  libinit2.o(.ARM.Collect$$libinit$$0000001D)
    __rt_lib_init_stdio_1                    0x000002e7   Thumb Code     0  libinit2.o(.ARM.Collect$$libinit$$00000025)
    __rt_lib_init_user_alloc_1               0x000002e7   Thumb Code     0  libinit2.o(.ARM.Collect$$libinit$$0000000C)
    __rt_lib_shutdown                        0x000002e9   Thumb Code     0  libshutdown.o(.ARM.Collect$$libshutdown$$00000000)
    __rt_lib_shutdown_cpp_1                  0x000002eb   Thumb Code     0  libshutdown2.o(.ARM.Collect$$libshutdown$$00000002)
    __rt_lib_shutdown_fp_trap_1              0x000002eb   Thumb Code     0  libshutdown2.o(.ARM.Collect$$libshutdown$$00000007)
    __rt_lib_shutdown_heap_1                 0x000002eb   Thumb Code     0  libshutdown2.o(.ARM.Collect$$libshutdown$$0000000F)
    __rt_lib_shutdown_return                 0x000002eb   Thumb Code     0  libshutdown2.o(.ARM.Collect$$libshutdown$$00000010)
    __rt_lib_shutdown_signal_1               0x000002eb   Thumb Code     0  libshutdown2.o(.ARM.Collect$$libshutdown$$0000000A)
    __rt_lib_shutdown_stdio_1                0x000002eb   Thumb Code     0  libshutdown2.o(.ARM.Collect$$libshutdown$$00000004)
    __rt_lib_shutdown_user_alloc_1           0x000002eb   Thumb Code     0  libshutdown2.o(.ARM.Collect$$libshutdown$$0000000C)
    __rt_entry                               0x000002ed   Thumb Code     0  __rtentry.o(.ARM.Collect$$rtentry$$00000000)
    __rt_entry_presh_1                       0x000002ed   Thumb Code     0  __rtentry2.o(.ARM.Collect$$rtentry$$00000002)
    __rt_entry_sh                            0x000002ed   Thumb Code     0  __rtentry4.o(.ARM.Collect$$rtentry$$00000004)
    __rt_entry_li                            0x000002f3   Thumb Code     0  __rtentry2.o(.ARM.Collect$$rtentry$$0000000A)
    __rt_entry_postsh_1                      0x000002f3   Thumb Code     0  __rtentry2.o(.ARM.Collect$$rtentry$$00000009)
    __rt_entry_main                          0x000002f7   Thumb Code     0  __rtentry2.o(.ARM.Collect$$rtentry$$0000000D)
    __rt_entry_postli_1                      0x000002f7   Thumb Code     0  __rtentry2.o(.ARM.Collect$$rtentry$$0000000C)
    __rt_exit                                0x000002ff   Thumb Code     0  rtexit.o(.ARM.Collect$$rtexit$$00000000)
    __rt_exit_ls                             0x00000301   Thumb Code     0  rtexit2.o(.ARM.Collect$$rtexit$$00000003)
    __rt_exit_prels_1                        0x00000301   Thumb Code     0  rtexit2.o(.ARM.Collect$$rtexit$$00000002)
    __rt_exit_exit                           0x00000305   Thumb Code     0  rtexit2.o(.ARM.Collect$$rtexit$$00000004)
    Reset_Handler                            0x0000030d   Thumb Code     8  startup_tm4c123.o(.text)
    NMI_Handler                              0x00000315   Thumb Code     2  startup_tm4c123.o(.text)
    HardFault_Handler                        0x00000317   Thumb Code     2  startup_tm4c123.o(.text)
    MemManage_Handler                        0x00000319   Thumb Code     2  startup_tm4c123.o(.text)
    BusFault_Handler                         0x0000031b   Thumb Code     2  startup_tm4c123.o(.text)
    UsageFault_Handler                       0x0000031d   Thumb Code     2  startup_tm4c123.o(.text)
    SVC_Handler                              0x0000031f   Thumb Code     2  startup_tm4c123.o(.text)
    DebugMon_Handler                         0x00000321   Thumb Code     2  startup_tm4c123.o(.text)
    PendSV_Handler                           0x00000323   Thumb Code     2  startup_tm4c123.o(.text)
    SysTick_Handler                          0x00000325   Thumb Code     2  startup_tm4c123.o(.text)
    GPIOA_Handler                            0x00000327   Thumb Code     2  startup_tm4c123.o(.text)
    GPIOB_Handler                            0x00000329   Thumb Code     2  startup_tm4c123.o(.text)
    GPIOC_Handler                            0x0000032b   Thumb Code     2  startup_tm4c123.o(.text)
    GPIOD_Handler                            0x0000032d   Thumb Code     2  startup_tm4c123.o(.text)
    GPIOE_Handler                            0x0000032f   Thumb Code     2  startup_tm4c123.o(.text)
    UART0_Handler                            0x00000331   Thumb Code     2  startup_tm4c123.o(.text)
    UART1_Handler                            0x00000333   Thumb Code     2  startup_tm4c123.o(.text)
    SSI0_Handler                             0x00000335   Thumb Code     2  startup_tm4c123.o(.text)
    PMW0_FAULT_Handler                       0x00000339   Thumb Code     2  startup_tm4c123.o(.text)
    PWM0_0_Handler                           0x0000033b   Thumb Code     2  startup_tm4c123.o(.text)
    PWM0_1_Handler                           0x0000033d   Thumb Code     2  startup_tm4c123.o(.text)
    PWM0_2_Handler                           0x0000033f   Thumb Code     2  startup_tm4c123.o(.text)
    QEI0_Handler                             0x00000341   Thumb Code     2  startup_tm4c123.o(.text)
    ADC0SS0_Handler                          0x00000343   Thumb Code     2  startup_tm4c123.o(.text)
    ADC0SS1_Handler                          0x00000345   Thumb Code     2  startup_tm4c123.o(.text)
    ADC0SS2_Handler                          0x00000347   Thumb Code     2  startup_tm4c123.o(.text)
    ADC0SS3_Handler                          0x00000349   Thumb Code     2  startup_tm4c123.o(.text)
    WDT0_Handler                             0x0000034b   Thumb Code     2  startup_tm4c123.o(.text)
    TIMER0A_Handler                          0x0000034d   Thumb Code     2  startup_tm4c123.o(.text)
    TIMER0B_Handler                          0x0000034f   Thumb Code     2  startup_tm4c123.o(.text)
    TIMER1B_Handler                          0x00000353   Thumb Code     2  startup_tm4c123.o(.text)
    TIMER2A_Handler                          0x00000355   Thumb Code     2  startup_tm4c123.o(.text)
    TIMER2B_Handler                          0x00000357   Thumb Code     2  startup_tm4c123.o(.text)
    COMP0_Handler                            0x00000359   Thumb Code     2  startup_tm4c123.o(.text)
    COMP1_Handler                            0x0000035b   Thumb Code     2  startup_tm4c123.o(.text)
    COMP2_Handler                            0x0000035d   Thumb Code     2  startup_tm4c123.o(.text)
    SYSCTL_Handler                           0x0000035f   Thumb Code     2  startup_tm4c123.o(.text)
    FLASH_Handler                            0x00000361   Thumb Code     2  startup_tm4c123.o(.text)
    GPIOF_Handler                            0x00000363   Thumb Code     2  startup_tm4c123.o(.text)
    GPIOG_Handler                            0x00000365   Thumb Code     2  startup_tm4c123.o(.text)
    GPIOH_Handler                            0x00000367   Thumb Code     2  startup_tm4c123.o(.text)
    UART2_Handler                            0x00000369   Thumb Code     2  startup_tm4c123.o(.text)
    SSI1_Handler                             0x0000036b   Thumb Code     2  startup_tm4c123.o(.text)
    TIMER3A_Handler                          0x0000036d   Thumb Code     2  startup_tm4c123.o(.text)
    TIMER3B_Handler                          0x0000036f   Thumb Code     2  startup_tm4c123.o(.text)
    QEI1_Handler                             0x00000373   Thumb Code     2  startup_tm4c123.o(.text)
    CAN0_Handler                             0x00000375   Thumb Code     2  startup_tm4c123.o(.text)
    CAN1_Handler                             0x00000377   Thumb Code     2  startup_tm4c123.o(.text)
    CAN2_Handler                             0x00000379   Thumb Code     2  startup_tm4c123.o(.text)
    HIB_Handler                              0x0000037b   Thumb Code     2  startup_tm4c123.o(.text)
    USB0_Handler                             0x0000037d   Thumb Code     2  startup_tm4c123.o(.text)
    PWM0_3_Handler                           0x0000037f   Thumb Code     2  startup_tm4c123.o(.text)
    UDMA_Handler                             0x00000381   Thumb Code     2  startup_tm4c123.o(.text)
    UDMAERR_Handler                          0x00000383   Thumb Code     2  startup_tm4c123.o(.text)
    ADC1SS0_Handler                          0x00000385   Thumb Code     2  startup_tm4c123.o(.text)
    ADC1SS1_Handler                          0x00000387   Thumb Code     2  startup_tm4c123.o(.text)
    ADC1SS2_Handler                          0x00000389   Thumb Code     2  startup_tm4c123.o(.text)
    ADC1SS3_Handler                          0x0000038b   Thumb Code     2  startup_tm4c123.o(.text)
    GPIOJ_Handler                            0x0000038d   Thumb Code     2  startup_tm4c123.o(.text)
    GPIOK_Handler                            0x0000038f   Thumb Code     2  startup_tm4c123.o(.text)
    GPIOL_Handler                            0x00000391   Thumb Code     2  startup_tm4c123.o(.text)
    SSI2_Handler                             0x00000393   Thumb Code     2  startup_tm4c123.o(.text)
    SSI3_Handler                             0x00000395   Thumb Code     2  startup_tm4c123.o(.text)
    UART3_Handler                            0x00000397   Thumb Code     2  startup_tm4c123.o(.text)
    UART4_Handler                            0x00000399   Thumb Code     2  startup_tm4c123.o(.text)
    UART5_Handler                            0x0000039b   Thumb Code     2  startup_tm4c123.o(.text)
    UART6_Handler                            0x0000039d   Thumb Code     2  startup_tm4c123.o(.text)
    UART7_Handler                            0x0000039f   Thumb Code     2  startup_tm4c123.o(.text)
    TIMER4A_Handler                          0x000003a5   Thumb Code     2  startup_tm4c123.o(.text)
    TIMER4B_Handler                          0x000003a7   Thumb Code     2  startup_tm4c123.o(.text)
    TIMER5A_Handler                          0x000003a9   Thumb Code     2  startup_tm4c123.o(.text)
    TIMER5B_Handler                          0x000003ab   Thumb Code     2  startup_tm4c123.o(.text)
    WTIMER0A_Handler                         0x000003ad   Thumb Code     2  startup_tm4c123.o(.text)
    WTIMER0B_Handler                         0x000003af   Thumb Code     2  startup_tm4c123.o(.text)
    WTIMER1A_Handler                         0x000003b1   Thumb Code     2  startup_tm4c123.o(.text)
    WTIMER1B_Handler                         0x000003b3   Thumb Code     2  startup_tm4c123.o(.text)
    WTIMER2A_Handler                         0x000003b5   Thumb Code     2  startup_tm4c123.o(.text)
    WTIMER2B_Handler                         0x000003b7   Thumb Code     2  startup_tm4c123.o(.text)
    WTIMER3A_Handler                         0x000003b9   Thumb Code     2  startup_tm4c123.o(.text)
    WTIMER3B_Handler                         0x000003bb   Thumb Code     2  startup_tm4c123.o(.text)
    WTIMER4A_Handler                         0x000003bd   Thumb Code     2  startup_tm4c123.o(.text)
    WTIMER4B_Handler                         0x000003bf   Thumb Code     2  startup_tm4c123.o(.text)
    WTIMER5A_Handler                         0x000003c1   Thumb Code     2  startup_tm4c123.o(.text)
    WTIMER5B_Handler                         0x000003c3   Thumb Code     2  startup_tm4c123.o(.text)
    FPU_Handler                              0x000003c5   Thumb Code     2  startup_tm4c123.o(.text)
    I2C4_Handler                             0x000003c7   Thumb Code     2  startup_tm4c123.o(.text)
    I2C5_Handler                             0x000003c9   Thumb Code     2  startup_tm4c123.o(.text)
    GPIOM_Handler                            0x000003cb   Thumb Code     2  startup_tm4c123.o(.text)
    GPION_Handler                            0x000003cd   Thumb Code     2  startup_tm4c123.o(.text)
    QEI2_Handler                             0x000003cf   Thumb Code     2  startup_tm4c123.o(.text)
    GPIOP0_Handler                           0x000003d1   Thumb Code     2  startup_tm4c123.o(.text)
    GPIOP1_Handler                           0x000003d3   Thumb Code     2  startup_tm4c123.o(.text)
    GPIOP2_Handler                           0x000003d5   Thumb Code     2  startup_tm4c123.o(.text)
    GPIOP3_Handler                           0x000003d7   Thumb Code     2  startup_tm4c123.o(.text)
    GPIOP4_Handler                           0x000003d9   Thumb Code     2  startup_tm4c123.o(.text)
    GPIOP5_Handler                           0x000003db   Thumb Code     2  startup_tm4c123.o(.text)
    GPIOP6_Handler                           0x000003dd   Thumb Code     2  startup_tm4c123.o(.text)
    GPIOP7_Handler                           0x000003df   Thumb Code     2  startup_tm4c123.o(.text)
    GPIOQ0_Handler                           0x000003e1   Thumb Code     2  startup_tm4c123.o(.text)
    GPIOQ1_Handler                           0x000003e3   Thumb Code     2  startup_tm4c123.o(.text)
    GPIOQ2_Handler                           0x000003e5   Thumb Code     2  startup_tm4c123.o(.text)
    GPIOQ3_Handler                           0x000003e7   Thumb Code     2  startup_tm4c123.o(.text)
    GPIOQ4_Handler                           0x000003e9   Thumb Code     2  startup_tm4c123.o(.text)
    GPIOQ5_Handler                           0x000003eb   Thumb Code     2  startup_tm4c123.o(.text)
    GPIOQ6_Handler                           0x000003ed   Thumb Code     2  startup_tm4c123.o(.text)
    GPIOQ7_Handler                           0x000003ef   Thumb Code     2  startup_tm4c123.o(.text)
    GPIOR_Handler                            0x000003f1   Thumb Code     2  startup_tm4c123.o(.text)
    GPIOS_Handler                            0x000003f3   Thumb Code     2  startup_tm4c123.o(.text)
    PMW1_0_Handler                           0x000003f5   Thumb Code     2  startup_tm4c123.o(.text)
    PWM1_1_Handler                           0x000003f7   Thumb Code     2  startup_tm4c123.o(.text)
    PWM1_2_Handler                           0x000003f9   Thumb Code     2  startup_tm4c123.o(.text)
    PWM1_3_Handler                           0x000003fb   Thumb Code     2  startup_tm4c123.o(.text)
    PWM1_FAULT_Handler                       0x000003fd   Thumb Code     2  startup_tm4c123.o(.text)
    __user_initial_stackheap                 0x00000401   Thumb Code     0  startup_tm4c123.o(.text)
    __use_two_region_memory                  0x00000421   Thumb Code     2  heapauxi.o(.text)
    __rt_heap_escrow$2region                 0x00000423   Thumb Code     2  heapauxi.o(.text)
    __rt_heap_expand$2region                 0x00000425   Thumb Code     2  heapauxi.o(.text)
    __user_libspace                          0x00000429   Thumb Code     8  libspace.o(.text)
    __user_perproc_libspace                  0x00000429   Thumb Code     0  libspace.o(.text)
    __user_perthread_libspace                0x00000429   Thumb Code     0  libspace.o(.text)
    __user_setup_stackheap                   0x00000431   Thumb Code    74  sys_stackheap_outer.o(.text)
    exit                                     0x0000047b   Thumb Code    18  exit.o(.text)
    _sys_exit                                0x0000048d   Thumb Code     8  sys_exit.o(.text)
    __I$use$semihosting                      0x00000499   Thumb Code     0  use_no_semi.o(.text)
    __use_no_semihosting_swi                 0x00000499   Thumb Code     2  use_no_semi.o(.text)
    GPIODirModeSet                           0x0000049b   Thumb Code    40  gpio.o(i.GPIODirModeSet)
    __semihosting_library_function           0x0000049b   Thumb Code     0  indicate_semi.o(.text)
    GPIOPadConfigSet                         0x000004c3   Thumb Code   312  gpio.o(i.GPIOPadConfigSet)
    GPIOPinConfigure                         0x000005fd   Thumb Code    60  gpio.o(i.GPIOPinConfigure)
    GPIOPinTypeUART                          0x00000641   Thumb Code    28  gpio.o(i.GPIOPinTypeUART)
    I2C0_Handler                             0x0000065d   Thumb Code    26  i2cdriver.o(i.I2C0_Handler)
    I2C1_Handler                             0x00000685   Thumb Code    26  i2cdriver.o(i.I2C1_Handler)
    I2C2_Handler                             0x000006ad   Thumb Code    26  i2cdriver.o(i.I2C2_Handler)
    I2C3_Handler                             0x000006d5   Thumb Code    26  i2cdriver.o(i.I2C3_Handler)
    I2CSlaveDataGet                          0x000006fd   Thumb Code     8  i2c.o(i.I2CSlaveDataGet)
    I2CSlaveEnable                           0x00000705   Thumb Code    16  i2c.o(i.I2CSlaveEnable)
    I2CSlaveInit                             0x00000715   Thumb Code    18  i2c.o(i.I2CSlaveInit)
    I2CSlaveIntClear                         0x00000727   Thumb Code     8  i2c.o(i.I2CSlaveIntClear)
    I2CSlaveIntEnable                        0x0000072f   Thumb Code    14  i2c.o(i.I2CSlaveIntEnable)
    I2CSlaveIntEnableEx                      0x0000073d   Thumb Code    12  i2c.o(i.I2CSlaveIntEnableEx)
    InitConsole                              0x00000749   Thumb Code    60  main.o(i.InitConsole)
    IntEnable                                0x00000795   Thumb Code    92  interrupt.o(i.IntEnable)
    SysCtlPeripheralEnable                   0x000007f9   Thumb Code    46  sysctl.o(i.SysCtlPeripheralEnable)
    SystemInit                               0x0000082d   Thumb Code   112  system_tm4c123.o(i.SystemInit)
    TIMER1A_Handler                          0x000008c5   Thumb Code   134  main.o(i.TIMER1A_Handler)
    UARTClockSourceSet                       0x000009bd   Thumb Code     6  uart.o(i.UARTClockSourceSet)
    UARTStdioConfig                          0x000009c5   Thumb Code    96  uartstdio.o(i.UARTStdioConfig)
    UARTprintf                               0x00000a31   Thumb Code    26  uartstdio.o(i.UARTprintf)
    UARTvprintf                              0x00000a4d   Thumb Code   574  uartstdio.o(i.UARTvprintf)
    UARTwrite                                0x00000c9d   Thumb Code    58  uartstdio.o(i.UARTwrite)
    i2c1Enable                               0x00000cdd   Thumb Code   256  i2cdriver.o(i.i2c1Enable)
    i2c1GotoSlaveMode                        0x00000e09   Thumb Code    38  i2cdriver.o(i.i2c1GotoSlaveMode)
    i2c1SendMaster                           0x00000e35   Thumb Code    56  i2cdriver.o(i.i2c1SendMaster)
    initADC1                                 0x00000e75   Thumb Code   100  adc1.o(i.initADC1)
    initDelayTimer                           0x00000ee9   Thumb Code    54  basics.o(i.initDelayTimer)
    initSystem                               0x00000f29   Thumb Code    92  node.o(i.initSystem)
    initTimeOutTimer                         0x00000fad   Thumb Code    54  timeouttimer.o(i.initTimeOutTimer)
    main                                     0x00000fed   Thumb Code   276  main.o(i.main)
    moveToHorizontally                       0x00001295   Thumb Code     8  node.o(i.moveToHorizontally)
    moveToVertically                         0x000012a1   Thumb Code     8  node.o(i.moveToVertically)
    readADC1                                 0x000012ad   Thumb Code    14  adc1.o(i.readADC1)
    readLDR                                  0x000012c5   Thumb Code    12  node.o(i.readLDR)
    sendData                                 0x000012d1   Thumb Code    18  node.o(i.sendData)
    setState                                 0x000012e5   Thumb Code     6  node.o(i.setState)
    timeOut_ms                               0x000012f1   Thumb Code    58  timeouttimer.o(i.timeOut_ms)
    _fp_init                                 0x00001339   Thumb Code    10  fpinit.o(x$fpl$fpinit)
    __fplib_config_fpu_vfp                   0x00001341   Thumb Code     0  fpinit.o(x$fpl$fpinit)
    __fplib_config_pureend_doubles           0x00001341   Thumb Code     0  fpinit.o(x$fpl$fpinit)
    Region$$Table$$Base                      0x00001690   Number         0  anon$$obj.o(Region$$Table)
    Region$$Table$$Limit                     0x000016b0   Number         0  anon$$obj.o(Region$$Table)
    nodeState                                0x2000000c   Data           1  node.o(.data)
    hAngle                                   0x2000000d   Data           1  node.o(.data)
    vAngle                                   0x2000000e   Data           1  node.o(.data)
    currentPower                             0x2000000f   Data           1  node.o(.data)
    hIndex                                   0x20000010   Data           1  node.o(.data)
    vIndex                                   0x20000011   Data           1  node.o(.data)
    isMaster                                 0x20000012   Data           1  node.o(.data)
    isRightFinished                          0x20000013   Data           1  node.o(.data)
    isLeftFinished                           0x20000014   Data           1  node.o(.data)
    maxHPosition                             0x20000015   Data           1  node.o(.data)
    maxVPosition                             0x20000016   Data           1  node.o(.data)
    maxPower                                 0x20000017   Data           1  node.o(.data)
    isReceived                               0x20000018   Data           1  node.o(.data)
    time                                     0x20000019   Data           1  node.o(.data)
    hSteps                                   0x2000001a   Data           1  node.o(.data)
    vSteps                                   0x2000001b   Data           1  node.o(.data)
    hDirection                               0x2000001c   Data           1  node.o(.data)
    vDirection                               0x2000001d   Data           1  node.o(.data)
    sunPositions                             0x2000001e   Data           2  node.o(.data)
    nodeXPosition                            0x20000020   Data           1  node.o(.data)
    nodeYPosition                            0x20000021   Data           1  node.o(.data)
    receivedPower                            0x20000022   Data           1  node.o(.data)
    isDataSent                               0x20000023   Data           1  node.o(.data)
    originalH                                0x20000024   Data           1  node.o(.data)
    originalV                                0x20000025   Data           1  node.o(.data)
    SystemCoreClock                          0x20000028   Data           4  system_tm4c123.o(.data)
    __libspace_start                         0x2000002c   Data          96  libspace.o(.bss)
    __temporary_stack_top$libspace           0x2000008c   Data           0  libspace.o(.bss)



==============================================================================

Memory Map of the image

  Image Entry point : 0x0000026d

  Load Region LR_IROM1 (Base: 0x00000000, Size: 0x000016dc, Max: 0x00040000, ABSOLUTE)

    Execution Region ER_IROM1 (Base: 0x00000000, Size: 0x000016b0, Max: 0x00040000, ABSOLUTE)

    Base Addr    Size         Type   Attr      Idx    E Section Name        Object

    0x00000000   0x0000026c   Data   RO         1593    RESET               startup_tm4c123.o
    0x0000026c   0x00000008   Code   RO         2083  * !!!main             c_w.l(__main.o)
    0x00000274   0x00000034   Code   RO         2358    !!!scatter          c_w.l(__scatter.o)
    0x000002a8   0x0000001a   Code   RO         2360    !!handler_copy      c_w.l(__scatter_copy.o)
    0x000002c2   0x00000002   PAD
    0x000002c4   0x0000001c   Code   RO         2362    !!handler_zi        c_w.l(__scatter_zi.o)
    0x000002e0   0x00000002   Code   RO         2231    .ARM.Collect$$libinit$$00000000  c_w.l(libinit.o)
    0x000002e2   0x00000004   Code   RO         2234    .ARM.Collect$$libinit$$00000001  c_w.l(libinit2.o)
    0x000002e6   0x00000000   Code   RO         2237    .ARM.Collect$$libinit$$00000004  c_w.l(libinit2.o)
    0x000002e6   0x00000000   Code   RO         2240    .ARM.Collect$$libinit$$0000000A  c_w.l(libinit2.o)
    0x000002e6   0x00000000   Code   RO         2242    .ARM.Collect$$libinit$$0000000C  c_w.l(libinit2.o)
    0x000002e6   0x00000000   Code   RO         2244    .ARM.Collect$$libinit$$0000000E  c_w.l(libinit2.o)
    0x000002e6   0x00000000   Code   RO         2247    .ARM.Collect$$libinit$$00000011  c_w.l(libinit2.o)
    0x000002e6   0x00000000   Code   RO         2249    .ARM.Collect$$libinit$$00000013  c_w.l(libinit2.o)
    0x000002e6   0x00000000   Code   RO         2251    .ARM.Collect$$libinit$$00000015  c_w.l(libinit2.o)
    0x000002e6   0x00000000   Code   RO         2253    .ARM.Collect$$libinit$$00000017  c_w.l(libinit2.o)
    0x000002e6   0x00000000   Code   RO         2255    .ARM.Collect$$libinit$$00000019  c_w.l(libinit2.o)
    0x000002e6   0x00000000   Code   RO         2257    .ARM.Collect$$libinit$$0000001B  c_w.l(libinit2.o)
    0x000002e6   0x00000000   Code   RO         2259    .ARM.Collect$$libinit$$0000001D  c_w.l(libinit2.o)
    0x000002e6   0x00000000   Code   RO         2261    .ARM.Collect$$libinit$$0000001F  c_w.l(libinit2.o)
    0x000002e6   0x00000000   Code   RO         2263    .ARM.Collect$$libinit$$00000021  c_w.l(libinit2.o)
    0x000002e6   0x00000000   Code   RO         2265    .ARM.Collect$$libinit$$00000023  c_w.l(libinit2.o)
    0x000002e6   0x00000000   Code   RO         2267    .ARM.Collect$$libinit$$00000025  c_w.l(libinit2.o)
    0x000002e6   0x00000000   Code   RO         2271    .ARM.Collect$$libinit$$0000002C  c_w.l(libinit2.o)
    0x000002e6   0x00000000   Code   RO         2273    .ARM.Collect$$libinit$$0000002E  c_w.l(libinit2.o)
    0x000002e6   0x00000000   Code   RO         2275    .ARM.Collect$$libinit$$00000030  c_w.l(libinit2.o)
    0x000002e6   0x00000000   Code   RO         2277    .ARM.Collect$$libinit$$00000032  c_w.l(libinit2.o)
    0x000002e6   0x00000002   Code   RO         2278    .ARM.Collect$$libinit$$00000033  c_w.l(libinit2.o)
    0x000002e8   0x00000002   Code   RO         2298    .ARM.Collect$$libshutdown$$00000000  c_w.l(libshutdown.o)
    0x000002ea   0x00000000   Code   RO         2311    .ARM.Collect$$libshutdown$$00000002  c_w.l(libshutdown2.o)
    0x000002ea   0x00000000   Code   RO         2313    .ARM.Collect$$libshutdown$$00000004  c_w.l(libshutdown2.o)
    0x000002ea   0x00000000   Code   RO         2316    .ARM.Collect$$libshutdown$$00000007  c_w.l(libshutdown2.o)
    0x000002ea   0x00000000   Code   RO         2319    .ARM.Collect$$libshutdown$$0000000A  c_w.l(libshutdown2.o)
    0x000002ea   0x00000000   Code   RO         2321    .ARM.Collect$$libshutdown$$0000000C  c_w.l(libshutdown2.o)
    0x000002ea   0x00000000   Code   RO         2324    .ARM.Collect$$libshutdown$$0000000F  c_w.l(libshutdown2.o)
    0x000002ea   0x00000002   Code   RO         2325    .ARM.Collect$$libshutdown$$00000010  c_w.l(libshutdown2.o)
    0x000002ec   0x00000000   Code   RO         2117    .ARM.Collect$$rtentry$$00000000  c_w.l(__rtentry.o)
    0x000002ec   0x00000000   Code   RO         2184    .ARM.Collect$$rtentry$$00000002  c_w.l(__rtentry2.o)
    0x000002ec   0x00000006   Code   RO         2196    .ARM.Collect$$rtentry$$00000004  c_w.l(__rtentry4.o)
    0x000002f2   0x00000000   Code   RO         2186    .ARM.Collect$$rtentry$$00000009  c_w.l(__rtentry2.o)
    0x000002f2   0x00000004   Code   RO         2187    .ARM.Collect$$rtentry$$0000000A  c_w.l(__rtentry2.o)
    0x000002f6   0x00000000   Code   RO         2189    .ARM.Collect$$rtentry$$0000000C  c_w.l(__rtentry2.o)
    0x000002f6   0x00000008   Code   RO         2190    .ARM.Collect$$rtentry$$0000000D  c_w.l(__rtentry2.o)
    0x000002fe   0x00000002   Code   RO         2232    .ARM.Collect$$rtexit$$00000000  c_w.l(rtexit.o)
    0x00000300   0x00000000   Code   RO         2280    .ARM.Collect$$rtexit$$00000002  c_w.l(rtexit2.o)
    0x00000300   0x00000004   Code   RO         2281    .ARM.Collect$$rtexit$$00000003  c_w.l(rtexit2.o)
    0x00000304   0x00000006   Code   RO         2282    .ARM.Collect$$rtexit$$00000004  c_w.l(rtexit2.o)
    0x0000030a   0x00000002   PAD
    0x0000030c   0x00000114   Code   RO         1594    .text               startup_tm4c123.o
    0x00000420   0x00000006   Code   RO         2081    .text               c_w.l(heapauxi.o)
    0x00000426   0x00000002   PAD
    0x00000428   0x00000008   Code   RO         2219    .text               c_w.l(libspace.o)
    0x00000430   0x0000004a   Code   RO         2222    .text               c_w.l(sys_stackheap_outer.o)
    0x0000047a   0x00000012   Code   RO         2224    .text               c_w.l(exit.o)
    0x0000048c   0x0000000c   Code   RO         2290    .text               c_w.l(sys_exit.o)
    0x00000498   0x00000002   Code   RO         2301    .text               c_w.l(use_no_semi.o)
    0x0000049a   0x00000000   Code   RO         2303    .text               c_w.l(indicate_semi.o)
    0x0000049a   0x00000028   Code   RO         1660    i.GPIODirModeSet    driverlib.lib(gpio.o)
    0x000004c2   0x00000138   Code   RO         1670    i.GPIOPadConfigSet  driverlib.lib(gpio.o)
    0x000005fa   0x00000002   PAD
    0x000005fc   0x00000044   Code   RO         1671    i.GPIOPinConfigure  driverlib.lib(gpio.o)
    0x00000640   0x0000001c   Code   RO         1694    i.GPIOPinTypeUART   driverlib.lib(gpio.o)
    0x0000065c   0x00000028   Code   RO         1293    i.I2C0_Handler      i2cdriver.o
    0x00000684   0x00000028   Code   RO         1294    i.I2C1_Handler      i2cdriver.o
    0x000006ac   0x00000028   Code   RO         1295    i.I2C2_Handler      i2cdriver.o
    0x000006d4   0x00000028   Code   RO         1296    i.I2C3_Handler      i2cdriver.o
    0x000006fc   0x00000008   Code   RO          250    i.I2CSlaveDataGet   i2c.o
    0x00000704   0x00000010   Code   RO          253    i.I2CSlaveEnable    i2c.o
    0x00000714   0x00000012   Code   RO          256    i.I2CSlaveInit      i2c.o
    0x00000726   0x00000008   Code   RO          257    i.I2CSlaveIntClear  i2c.o
    0x0000072e   0x0000000e   Code   RO          261    i.I2CSlaveIntEnable  i2c.o
    0x0000073c   0x0000000c   Code   RO          262    i.I2CSlaveIntEnableEx  i2c.o
    0x00000748   0x0000004c   Code   RO            4    i.InitConsole       main.o
    0x00000794   0x00000064   Code   RO         1967    i.IntEnable         driverlib.lib(interrupt.o)
    0x000007f8   0x00000034   Code   RO          594    i.SysCtlPeripheralEnable  sysctl.o
    0x0000082c   0x00000098   Code   RO         1602    i.SystemInit        system_tm4c123.o
    0x000008c4   0x000000f8   Code   RO            5    i.TIMER1A_Handler   main.o
    0x000009bc   0x00000006   Code   RO          933    i.UARTClockSourceSet  uart.o
    0x000009c2   0x00000002   PAD
    0x000009c4   0x0000006c   Code   RO          135    i.UARTStdioConfig   uartstdio.o
    0x00000a30   0x0000001a   Code   RO          138    i.UARTprintf        uartstdio.o
    0x00000a4a   0x00000002   PAD
    0x00000a4c   0x00000250   Code   RO          139    i.UARTvprintf       uartstdio.o
    0x00000c9c   0x00000040   Code   RO          140    i.UARTwrite         uartstdio.o
    0x00000cdc   0x0000012c   Code   RO         1302    i.i2c1Enable        i2cdriver.o
    0x00000e08   0x0000002c   Code   RO         1303    i.i2c1GotoSlaveMode  i2cdriver.o
    0x00000e34   0x00000040   Code   RO         1304    i.i2c1SendMaster    i2cdriver.o
    0x00000e74   0x00000074   Code   RO         1219    i.initADC1          adc1.o
    0x00000ee8   0x00000040   Code   RO         1254    i.initDelayTimer    basics.o
    0x00000f28   0x00000084   Code   RO         1473    i.initSystem        node.o
    0x00000fac   0x00000040   Code   RO         1561    i.initTimeOutTimer  timeouttimer.o
    0x00000fec   0x000002a8   Code   RO            6    i.main              main.o
    0x00001294   0x0000000c   Code   RO         1476    i.moveToHorizontally  node.o
    0x000012a0   0x0000000c   Code   RO         1477    i.moveToVertically  node.o
    0x000012ac   0x00000018   Code   RO         1220    i.readADC1          adc1.o
    0x000012c4   0x0000000c   Code   RO         1478    i.readLDR           node.o
    0x000012d0   0x00000012   Code   RO         1479    i.sendData          node.o
    0x000012e2   0x00000002   PAD
    0x000012e4   0x0000000c   Code   RO         1481    i.setState          node.o
    0x000012f0   0x00000048   Code   RO         1562    i.timeOut_ms        timeouttimer.o
    0x00001338   0x0000000a   Code   RO         2288    x$fpl$fpinit        fz_wm.l(fpinit.o)
    0x00001342   0x00000002   PAD
    0x00001344   0x0000001c   Data   RO          141    .constdata          uartstdio.o
    0x00001360   0x00000210   Data   RO         1701    .constdata          driverlib.lib(gpio.o)
    0x00001570   0x0000010c   Data   RO         1983    .constdata          driverlib.lib(interrupt.o)
    0x0000167c   0x00000011   Data   RO          142    .conststring        uartstdio.o
    0x0000168d   0x00000003   PAD
    0x00001690   0x00000020   Data   RO         2356    Region$$Table       anon$$obj.o


    Execution Region RW_IRAM1 (Base: 0x20000000, Size: 0x00000290, Max: 0x00008000, ABSOLUTE)

    Base Addr    Size         Type   Attr      Idx    E Section Name        Object

    0x20000000   0x00000005   Data   RW          143    .data               uartstdio.o
    0x20000005   0x00000003   PAD
    0x20000008   0x00000004   Data   RW         1221    .data               adc1.o
    0x2000000c   0x0000001a   Data   RW         1482    .data               node.o
    0x20000026   0x00000002   PAD
    0x20000028   0x00000004   Data   RW         1604    .data               system_tm4c123.o
    0x2000002c   0x00000060   Zero   RW         2220    .bss                c_w.l(libspace.o)
    0x2000008c   0x00000004   PAD
    0x20000090   0x00000000   Zero   RW         1592    HEAP                startup_tm4c123.o
    0x20000090   0x00000200   Zero   RW         1591    STACK               startup_tm4c123.o


==============================================================================

Image component sizes


      Code (inc. data)   RO Data    RW Data    ZI Data      Debug   Object Name

       140         26          0          4          0       1086   adc1.o
        64         10          0          0          0        421   basics.o
        76          0          0          0          0       2895   i2c.o
       568        114          0          0          0       3794   i2cdriver.o
      1004        544          0          0          0       6647   main.o
       198         54          0         26          0       4915   node.o
       276         24        620          0        512       5412   startup_tm4c123.o
        52          6          0          0          0        501   sysctl.o
       152         40          0          4          0        763   system_tm4c123.o
       136         24          0          0          0        876   timeouttimer.o
         6          0          0          0          0        501   uart.o
       790         36         45          5          0       4424   uartstdio.o

    ----------------------------------------------------------------------
      3468        878        700         44        512      32235   Object Totals
         0          0         32          0          0          0   (incl. Generated)
         6          0          3          5          0          0   (incl. Padding)

    ----------------------------------------------------------------------

      Code (inc. data)   RO Data    RW Data    ZI Data      Debug   Library Member Name

         8          0          0          0          0         68   __main.o
         0          0          0          0          0          0   __rtentry.o
        12          0          0          0          0          0   __rtentry2.o
         6          0          0          0          0          0   __rtentry4.o
        52          8          0          0          0          0   __scatter.o
        26          0          0          0          0          0   __scatter_copy.o
        28          0          0          0          0          0   __scatter_zi.o
        18          0          0          0          0         80   exit.o
         6          0          0          0          0        152   heapauxi.o
         0          0          0          0          0          0   indicate_semi.o
         2          0          0          0          0          0   libinit.o
         6          0          0          0          0          0   libinit2.o
         2          0          0          0          0          0   libshutdown.o
         2          0          0          0          0          0   libshutdown2.o
         8          4          0          0         96         68   libspace.o
         2          0          0          0          0          0   rtexit.o
        10          0          0          0          0          0   rtexit2.o
        12          4          0          0          0         68   sys_exit.o
        74          0          0          0          0         80   sys_stackheap_outer.o
         2          0          0          0          0         68   use_no_semi.o
         0          0          0          0          0       3048   cpu.o
       448          8        528          0          0       3569   gpio.o
       100          8        268          0          0       1524   interrupt.o
        10          0          0          0          0        116   fpinit.o

    ----------------------------------------------------------------------
       844         32        796          0        100       8841   Library Totals
        10          0          0          0          4          0   (incl. Padding)

    ----------------------------------------------------------------------

      Code (inc. data)   RO Data    RW Data    ZI Data      Debug   Library Name

       276         16          0          0         96        584   c_w.l
       548         16        796          0          0       8141   driverlib.lib
        10          0          0          0          0        116   fz_wm.l

    ----------------------------------------------------------------------
       844         32        796          0        100       8841   Library Totals

    ----------------------------------------------------------------------

==============================================================================


      Code (inc. data)   RO Data    RW Data    ZI Data      Debug   

      4312        910       1496         44        612      37620   Grand Totals
      4312        910       1496         44        612      37620   ELF Image Totals
      4312        910       1496         44          0          0   ROM Totals

==============================================================================

    Total RO  Size (Code + RO Data)                 5808 (   5.67kB)
    Total RW  Size (RW Data + ZI Data)               656 (   0.64kB)
    Total ROM Size (Code + RO Data + RW Data)       5852 (   5.71kB)

==============================================================================

